   Compiling proximadb v0.1.4 (/Users/vijaysingh/code/proximaDB)
error[E0433]: failed to resolve: could not find `FileMetaDataType` in `metadata`
   --> src/storage/engines/impls/nova/optimized_operations.rs:118:38
    |
118 |             parquet::file::metadata::FileMetaDataType::new(
    |                                      ^^^^^^^^^^^^^^^^
    |                                      |
    |                                      could not find `FileMetaDataType` in `metadata`
    |                                      help: a struct with a similar name exists: `FileMetaData`

error[E0425]: cannot find value `request` in this scope
   --> src/network/rest/handlers.rs:859:24
    |
859 |         collection_id: request.collection_id.clone(),
    |                        ^^^^^^^ not found in this scope

error[E0425]: cannot find value `request` in this scope
   --> src/network/rest/handlers.rs:860:18
    |
860 |         vectors: request.vectors.into_iter().map(|v| {
    |                  ^^^^^^^ not found in this scope

error[E0425]: cannot find value `request` in this scope
   --> src/network/rest/handlers.rs:869:20
    |
869 |         operation: request.operation.as_ref().map(|op| match op.as_str() {
    |                    ^^^^^^^ not found in this scope

error[E0412]: cannot find type `Data` in this scope
   --> src/storage/engines/core/formats/columnar/columnar_schema.rs:146:57
    |
146 |     fn get_vector_data_type(&self, dimension: usize) -> Data {
    |                                                         ^^^^ not found in this scope
    |
help: consider importing one of these items
    |
2   + use crate::index::axis::Data;
    |
2   + use crate::proto::proximadb::source_content::Data;
    |
2   + use crate::storage::engines::impls::swift::hierarchical_blocks::Data;
    |
2   + use ndarray::Data;
    |
      and 1 other candidate

error[E0412]: cannot find type `Data` in this scope
   --> src/storage/engines/core/formats/columnar/columnar_schema.rs:252:52
    |
252 |     fn is_compatible_type_change(&self, old_type: &Data, new_type: &Data) -> bool {
    |                                                    ^^^^ not found in this scope
    |
help: consider importing one of these items
    |
2   + use crate::index::axis::Data;
    |
2   + use crate::proto::proximadb::source_content::Data;
    |
2   + use crate::storage::engines::impls::swift::hierarchical_blocks::Data;
    |
2   + use ndarray::Data;
    |
      and 1 other candidate

error[E0412]: cannot find type `Data` in this scope
   --> src/storage/engines/core/formats/columnar/columnar_schema.rs:252:69
    |
252 |     fn is_compatible_type_change(&self, old_type: &Data, new_type: &Data) -> bool {
    |                                                                     ^^^^ not found in this scope
    |
help: consider importing one of these items
    |
2   + use crate::index::axis::Data;
    |
2   + use crate::proto::proximadb::source_content::Data;
    |
2   + use crate::storage::engines::impls::swift::hierarchical_blocks::Data;
    |
2   + use ndarray::Data;
    |
      and 1 other candidate

error[E0433]: failed to resolve: could not find `common` in `super`
   --> src/storage/engines/core/formats/columnar/parquet_io_layer.rs:165:52
    |
165 |         cached_metadata: Arc<Box<dyn super::super::common::zero_copy_io_system::traits::EngineMetadata>>,
    |                                                    ^^^^^^ could not find `common` in `super`
    |
help: consider importing this module
    |
31  + use crate::storage::engines::core::io::zero_copy::traits;
    |
help: if you import `traits`, refer to it directly
    |
165 -         cached_metadata: Arc<Box<dyn super::super::common::zero_copy_io_system::traits::EngineMetadata>>,
165 +         cached_metadata: Arc<Box<dyn traits::EngineMetadata>>,
    |

error[E0412]: cannot find type `RecordBatch` in this scope
   --> src/storage/engines/core/formats/columnar/parquet_io_layer.rs:168:21
    |
168 |     ) -> Result<Vec<RecordBatch>, ProximaDBError> {
    |                     ^^^^^^^^^^^ not found in this scope
    |
help: consider importing one of these structs
    |
31  + use crate::storage::engines::core::formats::columnar::RecordBatch;
    |
31  + use arrow_array::RecordBatch;
    |
31  + use arrow_ipc::RecordBatch;
    |

error[E0412]: cannot find type `RecordBatch` in this scope
   --> src/storage/engines/core/formats/columnar/parquet_io_layer.rs:193:21
    |
193 |     ) -> Result<Vec<RecordBatch>, ProximaDBError> {
    |                     ^^^^^^^^^^^ not found in this scope
    |
help: consider importing one of these structs
    |
31  + use crate::storage::engines::core::formats::columnar::RecordBatch;
    |
31  + use arrow_array::RecordBatch;
    |
31  + use arrow_ipc::RecordBatch;
    |

error[E0412]: cannot find type `RecordBatch` in this scope
   --> src/storage/engines/core/formats/columnar/parquet_io_layer.rs:337:24
    |
337 |     ) -> Result<Option<RecordBatch>, ProximaDBError> {
    |                        ^^^^^^^^^^^ not found in this scope
    |
help: consider importing one of these structs
    |
31  + use crate::storage::engines::core::formats::columnar::RecordBatch;
    |
31  + use arrow_array::RecordBatch;
    |
31  + use arrow_ipc::RecordBatch;
    |

error[E0412]: cannot find type `RecordBatch` in this scope
   --> src/storage/engines/core/formats/columnar/parquet_io_layer.rs:438:21
    |
438 |     ) -> Result<Vec<RecordBatch>, ProximaDBError> {
    |                     ^^^^^^^^^^^ not found in this scope
    |
help: consider importing one of these structs
    |
31  + use crate::storage::engines::core::formats::columnar::RecordBatch;
    |
31  + use arrow_array::RecordBatch;
    |
31  + use arrow_ipc::RecordBatch;
    |

error[E0412]: cannot find type `RecordBatch` in this scope
   --> src/storage/engines/core/formats/columnar/parquet_io_layer.rs:543:24
    |
543 |     ) -> Result<Option<RecordBatch>, ProximaDBError> {
    |                        ^^^^^^^^^^^ not found in this scope
    |
help: consider importing one of these structs
    |
31  + use crate::storage::engines::core::formats::columnar::RecordBatch;
    |
31  + use arrow_array::RecordBatch;
    |
31  + use arrow_ipc::RecordBatch;
    |

error[E0412]: cannot find type `RecordBatch` in this scope
   --> src/storage/engines/core/formats/columnar/parquet_io_layer.rs:555:24
    |
555 |     ) -> Result<Option<RecordBatch>, ProximaDBError> {
    |                        ^^^^^^^^^^^ not found in this scope
    |
help: consider importing one of these structs
    |
31  + use crate::storage::engines::core::formats::columnar::RecordBatch;
    |
31  + use arrow_array::RecordBatch;
    |
31  + use arrow_ipc::RecordBatch;
    |

error[E0412]: cannot find type `RecordBatch` in this scope
   --> src/storage/engines/core/formats/columnar/parquet_io_layer.rs:623:24
    |
623 |     ) -> Result<Option<RecordBatch>, ProximaDBError> {
    |                        ^^^^^^^^^^^ not found in this scope
    |
help: consider importing one of these structs
    |
31  + use crate::storage::engines::core::formats::columnar::RecordBatch;
    |
31  + use arrow_array::RecordBatch;
    |
31  + use arrow_ipc::RecordBatch;
    |

error[E0433]: failed to resolve: could not find `manager` in `axis`
    --> src/storage/engines/impls/sst/mod.rs:4163:67
     |
4163 |     fn mock_axis_manager(&self) -> Result<Arc<crate::index::axis::manager::AxisManager>> {
     |                                                                   ^^^^^^^ could not find `manager` in `axis`
     |
help: consider importing this module
     |
39   + use crate::index::axis::management::manager;
     |
help: if you import `manager`, refer to it directly
     |
4163 -     fn mock_axis_manager(&self) -> Result<Arc<crate::index::axis::manager::AxisManager>> {
4163 +     fn mock_axis_manager(&self) -> Result<Arc<manager::AxisManager>> {
     |

error[E0433]: failed to resolve: could not find `manager` in `axis`
   --> src/storage/engines/impls/swift/engine.rs:781:67
    |
781 |     fn mock_axis_manager(&self) -> Result<Arc<crate::index::axis::manager::AxisManager>> {
    |                                                                   ^^^^^^^ could not find `manager` in `axis`
    |
help: consider importing this module
    |
4   + use crate::index::axis::management::manager;
    |
help: if you import `manager`, refer to it directly
    |
781 -     fn mock_axis_manager(&self) -> Result<Arc<crate::index::axis::manager::AxisManager>> {
781 +     fn mock_axis_manager(&self) -> Result<Arc<manager::AxisManager>> {
    |

error[E0433]: failed to resolve: could not find `common` in `super`
   --> src/storage/engines/impls/swift/unified_reader.rs:384:52
    |
384 |         cached_metadata: Arc<Box<dyn super::super::common::zero_copy_io_system::traits::EngineMetadata>>,
    |                                                    ^^^^^^ could not find `common` in `super`
    |
help: consider importing this module
    |
52  + use crate::storage::engines::core::io::zero_copy::traits;
    |
help: if you import `traits`, refer to it directly
    |
384 -         cached_metadata: Arc<Box<dyn super::super::common::zero_copy_io_system::traits::EngineMetadata>>,
384 +         cached_metadata: Arc<Box<dyn traits::EngineMetadata>>,
    |

error[E0412]: cannot find type `StandardCompression` in this scope
  --> src/storage/engines/impls/nova/engine.rs:53:27
   |
53 |     compression_provider: StandardCompression,
   |                           ^^^^^^^^^^^^^^^^^^^ not found in this scope
   |
help: consider importing this struct
   |
4  + use crate::core::compression::StandardCompression;
   |

error[E0412]: cannot find type `UniversalPerformanceOptimizer` in this scope
  --> src/storage/engines/impls/nova/engine.rs:59:26
   |
59 |     universal_optimizer: UniversalPerformanceOptimizer,
   |                          ^^^^^^^^^^^^^^^^^^^^^^^^^^^^^ not found in this scope
   |
help: consider importing this struct through its public re-export
   |
4  + use crate::storage::engines::core::ops::UniversalPerformanceOptimizer;
   |

error[E0433]: failed to resolve: use of undeclared type `StandardCompression`
  --> src/storage/engines/impls/nova/engine.rs:72:36
   |
72 |         let compression_provider = StandardCompression::default();
   |                                    ^^^^^^^^^^^^^^^^^^^ use of undeclared type `StandardCompression`
   |
help: consider importing this struct
   |
4  + use crate::core::compression::StandardCompression;
   |

error[E0433]: failed to resolve: use of undeclared type `UniversalPerformanceOptimizer`
   --> src/storage/engines/impls/nova/engine.rs:102:35
    |
102 |         let universal_optimizer = UniversalPerformanceOptimizer::with_strategy(
    |                                   ^^^^^^^^^^^^^^^^^^^^^^^^^^^^^ use of undeclared type `UniversalPerformanceOptimizer`
    |
help: consider importing this struct through its public re-export
    |
4   + use crate::storage::engines::core::ops::UniversalPerformanceOptimizer;
    |

error[E0433]: failed to resolve: use of undeclared type `UniversalOptimizationStrategy`
   --> src/storage/engines/impls/nova/engine.rs:103:13
    |
103 |             UniversalOptimizationStrategy::Balanced,
    |             ^^^^^^^^^^^^^^^^^^^^^^^^^^^^^ use of undeclared type `UniversalOptimizationStrategy`
    |
help: consider importing this enum through its public re-export
    |
4   + use crate::storage::engines::core::ops::UniversalOptimizationStrategy;
    |

error[E0412]: cannot find type `StorageTier` in this scope
   --> src/storage/engines/impls/nova/engine.rs:299:146
    |
299 | ...archical_stats::EnhancedRowGroupStats) -> Result<StorageTier> {
    |                                                     ^^^^^^^^^^^ not found in this scope
    |
help: consider importing one of these enums
    |
4   + use crate::core::search::StorageTier;
    |
4   + use crate::infrastructure::StorageTier;
    |
4   + use crate::proto::proximadb::StorageTier;
    |
4   + use crate::storage::engines::impls::raptor::smart_rowgroup_sizing::StorageTier;
    |
      and 1 other candidate

error[E0412]: cannot find type `StorageTier` in this scope
   --> src/storage/engines/impls/nova/engine.rs:313:67
    |
313 |     async fn compress_parquet_optimized(&self, data: &[u8], tier: StorageTier) -> Result<Vec<u8>> {
    |                                                                   ^^^^^^^^^^^ not found in this scope
    |
help: consider importing one of these enums
    |
4   + use crate::core::search::StorageTier;
    |
4   + use crate::infrastructure::StorageTier;
    |
4   + use crate::proto::proximadb::StorageTier;
    |
4   + use crate::storage::engines::impls::raptor::smart_rowgroup_sizing::StorageTier;
    |
      and 1 other candidate

error[E0422]: cannot find struct, variant or union type `NovaFile` in this scope
   --> src/storage/engines/impls/nova/engine.rs:402:25
    |
402 |         let nova_file = NovaFile {
    |                         ^^^^^^^^ not found in this scope
    |
help: consider importing this struct
    |
4   + use crate::storage::engines::impls::nova::NovaFile;
    |

error[E0412]: cannot find type `NovaFile` in this scope
   --> src/storage/engines/impls/nova/engine.rs:470:27
    |
470 |         let files = Vec::<NovaFile>::new();
    |                           ^^^^^^^^ not found in this scope
    |
help: consider importing this struct
    |
4   + use crate::storage::engines::impls::nova::NovaFile;
    |

error[E0412]: cannot find type `NovaFile` in this scope
   --> src/storage/engines/impls/nova/engine.rs:717:6
    |
717 | impl NovaFile {
    |      ^^^^^^^^ not found in this scope
    |
help: consider importing this struct
    |
4   + use crate::storage::engines::impls::nova::NovaFile;
    |

error[E0405]: cannot find trait `UniversallyOptimized` in this scope
   --> src/storage/engines/impls/nova/engine.rs:747:6
    |
747 | impl UniversallyOptimized for NovaEngine {
    |      ^^^^^^^^^^^^^^^^^^^^ not found in this scope
    |
help: consider importing this trait through its public re-export
    |
4   + use crate::storage::engines::core::ops::UniversallyOptimized;
    |

error[E0412]: cannot find type `UniversalPerformanceOptimizer` in this scope
   --> src/storage/engines/impls/nova/engine.rs:749:39
    |
749 |     fn universal_optimizer(&self) -> &UniversalPerformanceOptimizer {
    |                                       ^^^^^^^^^^^^^^^^^^^^^^^^^^^^^ not found in this scope
    |
help: consider importing this struct through its public re-export
    |
4   + use crate::storage::engines::core::ops::UniversalPerformanceOptimizer;
    |

error[E0433]: failed to resolve: could not find `manager` in `axis`
   --> src/storage/engines/impls/nova/engine.rs:814:67
    |
814 |     fn mock_axis_manager(&self) -> Result<Arc<crate::index::axis::manager::AxisManager>> {
    |                                                                   ^^^^^^^ could not find `manager` in `axis`
    |
help: consider importing this module
    |
4   + use crate::index::axis::management::manager;
    |
help: if you import `manager`, refer to it directly
    |
814 -     fn mock_axis_manager(&self) -> Result<Arc<crate::index::axis::manager::AxisManager>> {
814 +     fn mock_axis_manager(&self) -> Result<Arc<manager::AxisManager>> {
    |

error[E0412]: cannot find type `UniversalPerformanceOptimizer` in this scope
   --> src/storage/engines/impls/prism/engine.rs:176:26
    |
176 |     universal_optimizer: UniversalPerformanceOptimizer,
    |                          ^^^^^^^^^^^^^^^^^^^^^^^^^^^^^ not found in this scope
    |
help: consider importing this struct through its public re-export
    |
69  + use crate::storage::engines::core::ops::UniversalPerformanceOptimizer;
    |

error[E0412]: cannot find type `HardwareCapabilities` in this scope
   --> src/storage/engines/impls/prism/engine.rs:179:32
    |
179 |     hardware_capabilities: Arc<HardwareCapabilities>,
    |                                ^^^^^^^^^^^^^^^^^^^^ not found in this scope
    |
help: consider importing this struct
    |
69  + use crate::core::hardware_capabilities::HardwareCapabilities;
    |

error[E0433]: failed to resolve: use of undeclared type `UniversalPerformanceOptimizer`
   --> src/storage/engines/impls/prism/engine.rs:279:35
    |
279 |         let universal_optimizer = UniversalPerformanceOptimizer::with_strategy(
    |                                   ^^^^^^^^^^^^^^^^^^^^^^^^^^^^^ use of undeclared type `UniversalPerformanceOptimizer`
    |
help: consider importing this struct through its public re-export
    |
69  + use crate::storage::engines::core::ops::UniversalPerformanceOptimizer;
    |

error[E0433]: failed to resolve: use of undeclared type `UniversalOptimizationStrategy`
   --> src/storage/engines/impls/prism/engine.rs:280:13
    |
280 |             UniversalOptimizationStrategy::PerformanceFirst, // PRISM is memory-first
    |             ^^^^^^^^^^^^^^^^^^^^^^^^^^^^^ use of undeclared type `UniversalOptimizationStrategy`
    |
help: consider importing this enum through its public re-export
    |
69  + use crate::storage::engines::core::ops::UniversalOptimizationStrategy;
    |

error[E0433]: failed to resolve: use of undeclared type `UniversalPerformanceOptimizer`
   --> src/storage/engines/impls/prism/engine.rs:448:35
    |
448 |         let universal_optimizer = UniversalPerformanceOptimizer::with_strategy(
    |                                   ^^^^^^^^^^^^^^^^^^^^^^^^^^^^^ use of undeclared type `UniversalPerformanceOptimizer`
    |
help: consider importing this struct through its public re-export
    |
69  + use crate::storage::engines::core::ops::UniversalPerformanceOptimizer;
    |

error[E0433]: failed to resolve: use of undeclared type `UniversalOptimizationStrategy`
   --> src/storage/engines/impls/prism/engine.rs:449:13
    |
449 |             UniversalOptimizationStrategy::PerformanceFirst, // PRISM is memory-first
    |             ^^^^^^^^^^^^^^^^^^^^^^^^^^^^^ use of undeclared type `UniversalOptimizationStrategy`
    |
help: consider importing this enum through its public re-export
    |
69  + use crate::storage::engines::core::ops::UniversalOptimizationStrategy;
    |

error[E0433]: failed to resolve: use of undeclared type `StorageTier`
   --> src/storage/engines/impls/prism/engine.rs:498:13
    |
498 |             StorageTier::Hot, // Memory cache is always hot tier
    |             ^^^^^^^^^^^ use of undeclared type `StorageTier`
    |
help: consider importing one of these enums
    |
69  + use crate::core::search::StorageTier;
    |
69  + use crate::infrastructure::StorageTier;
    |
69  + use crate::proto::proximadb::StorageTier;
    |
69  + use crate::storage::engines::impls::raptor::smart_rowgroup_sizing::StorageTier;
    |
      and 1 other candidate

error[E0412]: cannot find type `StorageTier` in this scope
   --> src/storage/engines/impls/prism/engine.rs:524:110
    |
