warning: unexpected `cfg` condition value: `debug-filters`
   --> src/core/search/mod.rs:323:31
    |
323 |                         #[cfg(feature = "debug-filters")]
    |                               ^^^^^^^^^^^^^^^^^^^^^^^^^
    |
    = note: expected values for `feature` are: `aws`, `azure`, `cloud-full`, `default`, `gcp`, `gpu`, `rocksdb`, and `simd`
    = help: consider adding `debug-filters` as a feature in `Cargo.toml`
    = note: see <https://doc.rust-lang.org/nightly/rustc/check-cfg/cargo-specifics.html> for more information about checking conditional configuration
    = note: `#[warn(unexpected_cfgs)]` on by default

warning: unexpected `cfg` condition value: `debug-filters`
   --> src/core/search/mod.rs:330:35
    |
330 | ...                   #[cfg(feature = "debug-filters")]
    |                             ^^^^^^^^^^^^^^^^^^^^^^^^^
    |
    = note: expected values for `feature` are: `aws`, `azure`, `cloud-full`, `default`, `gcp`, `gpu`, `rocksdb`, and `simd`
    = help: consider adding `debug-filters` as a feature in `Cargo.toml`
    = note: see <https://doc.rust-lang.org/nightly/rustc/check-cfg/cargo-specifics.html> for more information about checking conditional configuration

warning: unexpected `cfg` condition value: `debug-filters`
   --> src/core/search/mod.rs:335:35
    |
335 | ...                   #[cfg(feature = "debug-filters")]
    |                             ^^^^^^^^^^^^^^^^^^^^^^^^^
    |
    = note: expected values for `feature` are: `aws`, `azure`, `cloud-full`, `default`, `gcp`, `gpu`, `rocksdb`, and `simd`
    = help: consider adding `debug-filters` as a feature in `Cargo.toml`
    = note: see <https://doc.rust-lang.org/nightly/rustc/check-cfg/cargo-specifics.html> for more information about checking conditional configuration

warning: unused imports: `Deserialize` and `Serialize`
 --> src/core/storage/engines.rs:3:13
  |
3 | use serde::{Deserialize, Serialize};
  |             ^^^^^^^^^^^  ^^^^^^^^^
  |
  = note: `#[warn(unused_imports)]` on by default

warning: unused import: `warn`
  --> src/core/memory/pool.rs:11:35
   |
11 | use tracing::{debug, info, trace, warn};
   |                                   ^^^^

warning: unused import: `crate::storage::StorageEngine as StorageEngineImpl`
  --> src/network/grpc/service.rs:23:5
   |
23 | use crate::storage::StorageEngine as StorageEngineImpl;
   |     ^^^^^^^^^^^^^^^^^^^^^^^^^^^^^^^^^^^^^^^^^^^^^^^^^^

warning: unused import: `VectorInsertResponse as SchemaVectorInsertResponse`
  --> src/network/grpc/service.rs:26:5
   |
26 |     VectorInsertResponse as SchemaVectorInsertResponse,
   |     ^^^^^^^^^^^^^^^^^^^^^^^^^^^^^^^^^^^^^^^^^^^^^^^^^^

warning: unused imports: `AxisIndexCreationResult`, `AxisIvfConfig`, `AxisIvfIndex`, `AxisLshConfig`, and `AxisLshIndex`
  --> src/query/vector_search/mod.rs:27:5
   |
27 |     AxisIndexCreationResult, AxisVectorIndex, IndexFactory,
   |     ^^^^^^^^^^^^^^^^^^^^^^^
28 |     AxisIvfConfig, AxisIvfIndex,
   |     ^^^^^^^^^^^^^  ^^^^^^^^^^^^
29 |     AxisLshConfig, AxisLshIndex,
   |     ^^^^^^^^^^^^^  ^^^^^^^^^^^^

warning: unused import: `rand::Rng`
  --> src/storage/engines/sst/compaction.rs:28:5
   |
28 | use rand::Rng;
   |     ^^^^^^^^^

warning: unused import: `SstRecord`
  --> src/storage/engines/sst/three_stage_filter.rs:15:59
   |
15 | use crate::storage::engines::sst::{IndexEntry, DataBlock, SstRecord};
   |                                                           ^^^^^^^^^

warning: unused imports: `MetadataItem` and `metadata_item`
  --> src/storage/engines/sst/three_stage_filter.rs:18:31
   |
18 | use crate::proto::proximadb::{MetadataItem, metadata_item};
   |                               ^^^^^^^^^^^^  ^^^^^^^^^^^^^

warning: unused import: `serde_json`
  --> src/storage/engines/sst/three_stage_filter.rs:19:5
   |
19 | use serde_json;
   |     ^^^^^^^^^^

warning: unused import: `error`
  --> src/storage/engines/sst/mod.rs:58:22
   |
58 | use tracing::{debug, error, info, warn};
   |                      ^^^^^

warning: unused import: `std::io::Read`
   --> src/storage/engines/sst/mod.rs:821:13
    |
821 |         use std::io::Read;
    |             ^^^^^^^^^^^^^

warning: unused import: `Float32Array`
  --> src/storage/engines/viper/optimized_vector_writer.rs:10:39
   |
10 | use arrow_array::{Array, BinaryArray, Float32Array, ListArray, RecordBatch};
   |                                       ^^^^^^^^^^^^

warning: unused imports: `cast_slice` and `try_cast_slice`
  --> src/storage/engines/viper/optimized_vector_writer.rs:13:16
   |
13 | use bytemuck::{cast_slice, try_cast_slice};
   |                ^^^^^^^^^^  ^^^^^^^^^^^^^^

warning: unused import: `trace`
  --> src/storage/engines/viper/optimized_vector_writer.rs:19:28
   |
19 | use tracing::{debug, info, trace};
   |                            ^^^^^

warning: unused import: `parquet::file::metadata::ParquetMetaData`
  --> src/storage/engines/viper/compaction.rs:14:5
   |
14 | use parquet::file::metadata::ParquetMetaData;
   |     ^^^^^^^^^^^^^^^^^^^^^^^^^^^^^^^^^^^^^^^^

warning: unused import: `OptimizedFlushResult`
  --> src/storage/persistence/write_buffer/flush_coordinator.rs:24:67
   |
24 | use super::flush_result_optimization::{OptimizedFlushCoordinator, OptimizedFlushResult};
   |                                                                   ^^^^^^^^^^^^^^^^^^^^

warning: unused import: `CompactionIndexStats`
  --> src/storage/persistence/write_buffer/compaction_coordinator.rs:27:65
   |
27 | use super::compaction_axis_integration::{CompactionAxisUpdater, CompactionIndexStats};
   |                                                                 ^^^^^^^^^^^^^^^^^^^^

warning: unused imports: `error`, `info`, and `warn`
  --> src/storage/memtable/implementations/global_partitioned.rs:11:22
   |
11 | use tracing::{debug, info, warn, error};
   |                      ^^^^  ^^^^  ^^^^^

warning: unused import: `crate::core::VectorRecord`
  --> src/storage/unified_cache.rs:17:5
   |
17 | use crate::core::VectorRecord;
   |     ^^^^^^^^^^^^^^^^^^^^^^^^^

warning: unused variable: `search_params`
   --> src/services/direct_vector_service.rs:465:9
    |
465 |         search_params: Option<crate::core::search::SearchParams>,
    |         ^^^^^^^^^^^^^ help: if this is intentional, prefix it with an underscore: `_search_params`
    |
    = note: `#[warn(unused_variables)]` on by default

warning: unused variable: `include_vector`
   --> src/services/direct_vector_service.rs:659:9
    |
659 |         include_vector: bool,
    |         ^^^^^^^^^^^^^^ help: if this is intentional, prefix it with an underscore: `_include_vector`

warning: unused variable: `include_metadata`
   --> src/services/direct_vector_service.rs:660:9
    |
660 |         include_metadata: bool,
    |         ^^^^^^^^^^^^^^^^ help: if this is intentional, prefix it with an underscore: `_include_metadata`

warning: unused variable: `merged_vectors`
    --> src/storage/engines/sst/mod.rs:2569:13
     |
2569 |         let merged_vectors = result.engine_metrics.get("merged_vectors_count")
     |             ^^^^^^^^^^^^^^ help: if this is intentional, prefix it with an underscore: `_merged_vectors`

warning: unused variable: `compaction_result`
  --> src/storage/persistence/write_buffer/compaction_axis_integration.rs:44:9
   |
44 |         compaction_result: &CompactionResult,
   |         ^^^^^^^^^^^^^^^^^ help: if this is intentional, prefix it with an underscore: `_compaction_result`

warning: unused variable: `deleted_set`
   --> src/storage/persistence/write_buffer/compaction_axis_integration.rs:121:13
    |
121 |         let deleted_set: HashSet<&str> = deleted_vector_ids.iter().map(|s| s.as_str()).collect();
    |             ^^^^^^^^^^^ help: if this is intentional, prefix it with an underscore: `_deleted_set`

warning: unused variable: `expr`
    --> src/services/direct_vector_service.rs:1354:21
     |
1354 |         if let Some(expr) = filter_expression {
     |                     ^^^^ help: if this is intentional, prefix it with an underscore: `_expr`

warning: unused variable: `expr`
    --> src/services/direct_vector_service.rs:1398:21
     |
1398 |         if let Some(expr) = filter_expression {
     |                     ^^^^ help: if this is intentional, prefix it with an underscore: `_expr`

warning: unused variable: `start`
   --> src/storage/engines/sst/readers/predictive_prefetcher.rs:355:13
    |
355 |         let start = Instant::now();
    |             ^^^^^ help: if this is intentional, prefix it with an underscore: `_start`

warning: unused variable: `file_size`
    --> src/storage/engines/sst/mod.rs:2139:17
     |
2139 |             let file_size = metadata.len();
     |                 ^^^^^^^^^ help: if this is intentional, prefix it with an underscore: `_file_size`

warning: unused variable: `min_key`
    --> src/storage/engines/sst/mod.rs:2150:17
     |
2150 |             let min_key = sstable_records.iter().map(|r| &r.id).min().cloned().unwrap_or_default();
     |                 ^^^^^^^ help: if this is intentional, prefix it with an underscore: `_min_key`

warning: unused variable: `max_key`
    --> src/storage/engines/sst/mod.rs:2151:17
     |
2151 |             let max_key = sstable_records.iter().map(|r| &r.id).max().cloned().unwrap_or_default();
     |                 ^^^^^^^ help: if this is intentional, prefix it with an underscore: `_max_key`

warning: unused variable: `min_sequence`
    --> src/storage/engines/sst/mod.rs:2152:17
     |
2152 |             let min_sequence = sstable_records.iter().map(|r| r.sequence_number).min().unwrap_or(0);
     |                 ^^^^^^^^^^^^ help: if this is intentional, prefix it with an underscore: `_min_sequence`

warning: unused variable: `max_sequence`
    --> src/storage/engines/sst/mod.rs:2153:17
     |
2153 |             let max_sequence = sstable_records.iter().map(|r| r.sequence_number).max().unwrap_or(0);
     |                 ^^^^^^^^^^^^ help: if this is intentional, prefix it with an underscore: `_max_sequence`

warning: unused variable: `columns`
   --> src/storage/engines/viper/readers/unified_parquet_reader.rs:648:13
    |
648 |         let columns = self.select_optimal_columns(params, context);
    |             ^^^^^^^ help: if this is intentional, prefix it with an underscore: `_columns`

warning: variable does not need to be mutable
   --> src/storage/engines/viper/readers/unified_parquet_reader.rs:645:13
    |
645 |         let mut all_vectors = Vec::new();
    |             ----^^^^^^^^^^^
    |             |
    |             help: remove this `mut`
    |
    = note: `#[warn(unused_mut)]` on by default

warning: unused variable: `metadata`
    --> src/storage/engines/viper/readers/unified_parquet_reader.rs:1298:9
     |
1298 |         metadata: &parquet::file::metadata::ParquetMetaData,
     |         ^^^^^^^^ help: if this is intentional, prefix it with an underscore: `_metadata`

warning: unused variable: `data`
    --> src/storage/engines/viper/readers/unified_parquet_reader.rs:1320:9
     |
1320 |         data: Vec<u8>,
     |         ^^^^ help: if this is intentional, prefix it with an underscore: `_data`

warning: unused variable: `row_group`
    --> src/storage/engines/viper/readers/unified_parquet_reader.rs:1321:9
     |
1321 |         row_group: &parquet::format::RowGroup,
     |         ^^^^^^^^^ help: if this is intentional, prefix it with an underscore: `_row_group`

warning: unused variable: `columns`
    --> src/storage/engines/viper/readers/unified_parquet_reader.rs:1322:9
     |
1322 |         columns: &[&str],
     |         ^^^^^^^ help: if this is intentional, prefix it with an underscore: `_columns`

warning: unused variable: `created_at`
   --> src/storage/engines/viper/engine.rs:316:29
    |
316 |                         let created_at = batch.column_by_name("created_at")
    |                             ^^^^^^^^^^ help: if this is intentional, prefix it with an underscore: `_created_at`

warning: unused variable: `base_path`
   --> src/storage/persistence/write_buffer/optimized_write_buffer_writer.rs:471:13
    |
471 |         let base_path = if assignment.write_buffer_url.starts_with("file://") {
    |             ^^^^^^^^^ help: if this is intentional, prefix it with an underscore: `_base_path`

warning: unused variable: `collection_id`
   --> src/storage/persistence/write_buffer/optimized_write_buffer_writer.rs:492:9
    |
492 |         collection_id: &str,
    |         ^^^^^^^^^^^^^ help: if this is intentional, prefix it with an underscore: `_collection_id`

warning: unused variable: `key`
   --> src/storage/unified_cache.rs:544:44
    |
544 |     async fn is_cross_engine_access(&self, key: &CacheKey) -> bool {
    |                                            ^^^ help: if this is intentional, prefix it with an underscore: `_key`

warning: unused variable: `query_norm`
   --> src/compute/unified_distance.rs:741:17
    |
741 |             let query_norm = self.calculate_norm(query);
    |                 ^^^^^^^^^^ help: if this is intentional, prefix it with an underscore: `_query_norm`

warning: unused variable: `i`
   --> src/compute/unified_distance.rs:747:18
    |
747 |             for (i, vector) in vectors.iter().enumerate() {
    |                  ^ help: if this is intentional, prefix it with an underscore: `_i`

warning: variable does not need to be mutable
   --> src/core/config_loader.rs:101:35
    |
101 |     fn merge_config_with_defaults(mut base_config: Config, user_toml: toml::Value) -> Result<Config, Box<dyn std::error::Error + Send + S...
    |                                   ----^^^^^^^^^^^
    |                                   |
    |                                   help: remove this `mut`

warning: variable does not need to be mutable
   --> src/core/serialization/streaming.rs:315:9
    |
315 |         mut work_rx: mpsc::Receiver<CompressionWork>,
    |         ----^^^^^^^
    |         |
    |         help: remove this `mut`

warning: unused variable: `k`
   --> src/index/axis/annoy_index.rs:229:9
    |
229 |         k: usize,
    |         ^ help: if this is intentional, prefix it with an underscore: `_k`

warning: unused variable: `m`
  --> src/index/axis/index_factory.rs:91:36
   |
91 |             IndexAlgorithm::HNSW { m, ef_construction, ef_search, max_elements } => {
   |                                    ^ help: try ignoring the field: `m: _`

warning: unused variable: `ef_construction`
  --> src/index/axis/index_factory.rs:91:39
   |
91 |             IndexAlgorithm::HNSW { m, ef_construction, ef_search, max_elements } => {
   |                                       ^^^^^^^^^^^^^^^ help: try ignoring the field: `ef_construction: _`

warning: unused variable: `ef_search`
  --> src/index/axis/index_factory.rs:91:56
   |
91 |             IndexAlgorithm::HNSW { m, ef_construction, ef_search, max_elements } => {
   |                                                        ^^^^^^^^^ help: try ignoring the field: `ef_search: _`

warning: unused variable: `max_elements`
  --> src/index/axis/index_factory.rs:91:67
   |
91 |             IndexAlgorithm::HNSW { m, ef_construction, ef_search, max_elements } => {
   |                                                                   ^^^^^^^^^^^^ help: try ignoring the field: `max_elements: _`

warning: unused variable: `combined_search_params`
   --> src/network/grpc/service.rs:775:17
    |
775 |             let combined_search_params = search_params;
    |                 ^^^^^^^^^^^^^^^^^^^^^^ help: if this is intentional, prefix it with an underscore: `_combined_search_params`

warning: unused variable: `dimension`
   --> src/query/vector_search/mod.rs:247:32
    |
247 |     pub fn optimize_lsh_config(dimension: usize, recall_target: f32) -> SearchAlgorithm {
    |                                ^^^^^^^^^ help: if this is intentional, prefix it with an underscore: `_dimension`

warning: unused variable: `algorithm_name`
   --> src/services/collection_service.rs:260:13
    |
260 |         let algorithm_name = match _proto_config.algorithm {
    |             ^^^^^^^^^^^^^^ help: if this is intentional, prefix it with an underscore: `_algorithm_name`

warning: unused variable: `component_type`
   --> src/storage/traits.rs:140:13
    |
140 |         let component_type = match self.strategy() {
    |             ^^^^^^^^^^^^^^ help: if this is intentional, prefix it with an underscore: `_component_type`

warning: unused variable: `component_type`
   --> src/storage/traits.rs:170:13
    |
170 |         let component_type = match self.strategy() {
    |             ^^^^^^^^^^^^^^ help: if this is intentional, prefix it with an underscore: `_component_type`

warning: unused variable: `component_type`
   --> src/storage/traits.rs:198:13
    |
198 |         let component_type = match self.strategy() {
    |             ^^^^^^^^^^^^^^ help: if this is intentional, prefix it with an underscore: `_component_type`

warning: unused variable: `temp_space`
   --> src/storage/validation.rs:316:19
    |
316 |         if let Ok(temp_space) = std::fs::metadata("/tmp") {
    |                   ^^^^^^^^^^ help: if this is intentional, prefix it with an underscore: `_temp_space`

warning: unused variable: `collection_id`
  --> src/storage/engines/sst/mmap/mod.rs:30:16
   |
30 |     pub fn new(collection_id: String, data_dir: PathBuf) -> Result<Self> {
   |                ^^^^^^^^^^^^^ help: if this is intentional, prefix it with an underscore: `_collection_id`

warning: unused variable: `current_block_size`
   --> src/storage/engines/sst/sstable_writer.rs:289:9
    |
289 |         current_block_size: usize,
    |         ^^^^^^^^^^^^^^^^^^ help: if this is intentional, prefix it with an underscore: `_current_block_size`

warning: unused variable: `distance_compute`
  --> src/storage/engines/sst/unified_search_engine.rs:99:9
   |
99 |         distance_compute: &UnifiedDistanceCompute,
   |         ^^^^^^^^^^^^^^^^ help: if this is intentional, prefix it with an underscore: `_distance_compute`

warning: unused variable: `quantization_engine`
   --> src/storage/engines/sst/unified_search_engine.rs:100:9
    |
100 |         quantization_engine: Option<&UnifiedQuantizationEngine>,
    |         ^^^^^^^^^^^^^^^^^^^ help: if this is intentional, prefix it with an underscore: `_quantization_engine`

warning: unused variable: `context`
   --> src/storage/engines/sst/unified_search_engine.rs:212:32
    |
212 |     async fn can_handle(&self, context: &UnifiedSearchContext, params: &SearchParams) -> bool {
    |                                ^^^^^^^ help: if this is intentional, prefix it with an underscore: `_context`

warning: unused variable: `params`
   --> src/storage/engines/sst/unified_search_engine.rs:212:64
    |
212 |     async fn can_handle(&self, context: &UnifiedSearchContext, params: &SearchParams) -> bool {
    |                                                                ^^^^^^ help: if this is intentional, prefix it with an underscore: `_params`

warning: unused variable: `collection_dir`
    --> src/storage/engines/sst/mod.rs:1522:13
     |
1522 |         let collection_dir = std::path::PathBuf::from(collection_storage_url.strip_prefix("file://").unwrap_or(&collection_storage_url));
     |             ^^^^^^^^^^^^^^ help: if this is intentional, prefix it with an underscore: `_collection_dir`

warning: unused variable: `collection_id`
    --> src/storage/engines/sst/mod.rs:1572:9
     |
1572 |         collection_id: &str,
     |         ^^^^^^^^^^^^^ help: if this is intentional, prefix it with an underscore: `_collection_id`

warning: unused variable: `batch_idx`
   --> src/storage/engines/viper/readers/test_data_generator.rs:169:13
    |
169 |         for batch_idx in 0..(config.num_rows / batch_size) {
    |             ^^^^^^^^^ help: if this is intentional, prefix it with an underscore: `_batch_idx`

warning: unused variable: `quant_type`
   --> src/storage/engines/viper/readers/test_data_generator.rs:395:13
    |
395 |         for quant_type in &config.quantization_types {
    |             ^^^^^^^^^^ help: if this is intentional, prefix it with an underscore: `_quant_type`

warning: unused variable: `metadata`
   --> src/storage/engines/viper/readers/parquet_reconstructor.rs:252:9
    |
252 |         metadata: &ParquetMetaData,
    |         ^^^^^^^^ help: if this is intentional, prefix it with an underscore: `_metadata`

warning: unused variable: `query`
   --> src/storage/engines/viper/readers/parquet_reconstructor.rs:308:9
    |
308 |         query: &VectorQuery,
    |         ^^^^^ help: if this is intentional, prefix it with an underscore: `_query`

warning: unused variable: `query`
   --> src/storage/engines/viper/readers/parquet_reconstructor.rs:341:9
    |
341 |         query: &VectorQuery,
    |         ^^^^^ help: if this is intentional, prefix it with an underscore: `_query`

warning: unused variable: `query`
   --> src/storage/engines/viper/readers/parquet_reconstructor.rs:402:9
    |
402 |         query: &VectorQuery,
    |         ^^^^^ help: if this is intentional, prefix it with an underscore: `_query`

warning: unused variable: `column`
   --> src/storage/engines/viper/readers/parquet_reconstructor.rs:498:36
    |
498 |     fn extract_string_value(&self, column: &Arc<dyn Array>, row_idx: usize) -> Result<String> {
    |                                    ^^^^^^ help: if this is intentional, prefix it with an underscore: `_column`

warning: unused variable: `column`
   --> src/storage/engines/viper/readers/parquet_reconstructor.rs:503:36
    |
503 |     fn extract_vector_value(&self, column: &Arc<dyn Array>, row_idx: usize) -> Result<Vec<f32>> {
    |                                    ^^^^^^ help: if this is intentional, prefix it with an underscore: `_column`

warning: unused variable: `row_idx`
   --> src/storage/engines/viper/readers/parquet_reconstructor.rs:503:61
    |
503 |     fn extract_vector_value(&self, column: &Arc<dyn Array>, row_idx: usize) -> Result<Vec<f32>> {
    |                                                             ^^^^^^^ help: if this is intentional, prefix it with an underscore: `_row_idx`

warning: unused variable: `column`
   --> src/storage/engines/viper/readers/parquet_reconstructor.rs:508:38
    |
508 |     fn extract_metadata_value(&self, column: &Arc<dyn Array>, row_idx: usize) -> Result<Vec<crate::proto::proximadb::MetadataItem>> {
    |                                      ^^^^^^ help: if this is intentional, prefix it with an underscore: `_column`

warning: unused variable: `row_idx`
   --> src/storage/engines/viper/readers/parquet_reconstructor.rs:508:63
    |
508 |     fn extract_metadata_value(&self, column: &Arc<dyn Array>, row_idx: usize) -> Result<Vec<crate::proto::proximadb::MetadataItem>> {
    |                                                               ^^^^^^^ help: if this is intentional, prefix it with an underscore: `_row_idx`

warning: unused variable: `distance_compute`
   --> src/storage/engines/viper/unified_search_engine.rs:105:9
    |
105 |         distance_compute: &UnifiedDistanceCompute,
    |         ^^^^^^^^^^^^^^^^ help: if this is intentional, prefix it with an underscore: `_distance_compute`

warning: unused variable: `quantization_engine`
   --> src/storage/engines/viper/unified_search_engine.rs:106:9
    |
106 |         quantization_engine: Option<&UnifiedQuantizationEngine>,
    |         ^^^^^^^^^^^^^^^^^^^ help: if this is intentional, prefix it with an underscore: `_quantization_engine`

warning: unused variable: `filter_expr`
   --> src/storage/engines/viper/unified_search_engine.rs:111:21
    |
111 |         if let Some(filter_expr) = &params.filter_expression {
    |                     ^^^^^^^^^^^ help: if this is intentional, prefix it with an underscore: `_filter_expr`

warning: unused variable: `dimension`
   --> src/storage/engines/viper/quantization.rs:780:13
    |
780 |         let dimension = vectors[0].len();
    |             ^^^^^^^^^ help: if this is intentional, prefix it with an underscore: `_dimension`

warning: unused variable: `dimension`
   --> src/storage/engines/viper/quantization.rs:813:13
    |
813 |         let dimension = vectors[0].len();
    |             ^^^^^^^^^ help: if this is intentional, prefix it with an underscore: `_dimension`

warning: unused variable: `level`
   --> src/storage/engines/viper/quantization.rs:936:9
    |
936 |         level: QuantizationLevel,
    |         ^^^^^ help: if this is intentional, prefix it with an underscore: `_level`

warning: unused variable: `sample_size`
    --> src/storage/engines/viper/quantization.rs:1087:13
     |
1087 |         let sample_size = original_vectors.len().min(100); // Sample for evaluation
     |             ^^^^^^^^^^^ help: if this is intentional, prefix it with an underscore: `_sample_size`

warning: unused variable: `record_count`
   --> src/storage/engines/viper/optimized_vector_writer.rs:165:13
    |
165 |         let record_count = records.len();
    |             ^^^^^^^^^^^^ help: if this is intentional, prefix it with an underscore: `_record_count`

warning: unused variable: `entries_processed`
   --> src/storage/engines/viper/engine.rs:729:13
    |
729 |         let entries_processed = if input_files.is_empty() {
    |             ^^^^^^^^^^^^^^^^^ help: if this is intentional, prefix it with an underscore: `_entries_processed`

warning: unused variable: `options`
   --> src/storage/persistence/filesystem/atomic_strategy.rs:176:9
    |
176 |         options: Option<FileOptions>,
    |         ^^^^^^^ help: if this is intentional, prefix it with an underscore: `_options`

warning: unused variable: `filesystem`
   --> src/storage/persistence/filesystem/atomic_strategy.rs:341:40
    |
341 |     async fn cleanup_temp_files(&self, filesystem: &dyn FileSystem) -> FsResult<()> {
    |                                        ^^^^^^^^^^ help: if this is intentional, prefix it with an underscore: `_filesystem`

warning: unused variable: `container`
   --> src/storage/persistence/filesystem/azure.rs:594:14
    |
594 |         let (container, prefix) = self.parse_azure_url(path)?;
    |              ^^^^^^^^^ help: if this is intentional, prefix it with an underscore: `_container`

warning: unused variable: `prefix`
   --> src/storage/persistence/filesystem/azure.rs:594:25
    |
594 |         let (container, prefix) = self.parse_azure_url(path)?;
    |                         ^^^^^^ help: if this is intentional, prefix it with an underscore: `_prefix`

warning: unused variable: `key_json`
   --> src/storage/persistence/filesystem/gcs.rs:755:13
    |
755 |         let key_json: serde_json::Value = serde_json::from_str(&key_data).map_err(|e| {
    |             ^^^^^^^^ help: if this is intentional, prefix it with an underscore: `_key_json`

warning: unused variable: `key_json`
   --> src/storage/persistence/filesystem/gcs.rs:791:13
    |
791 |         let key_json: serde_json::Value = serde_json::from_str(&self.key_json).map_err(|e| {
    |             ^^^^^^^^ help: if this is intentional, prefix it with an underscore: `_key_json`

warning: unused variable: `path_suffix`
   --> src/storage/persistence/filesystem/hdfs.rs:555:13
    |
555 |         let path_suffix = file_status["pathSuffix"].as_str().unwrap_or("");
    |             ^^^^^^^^^^^ help: if this is intentional, prefix it with an underscore: `_path_suffix`

warning: unused variable: `access_time`
   --> src/storage/persistence/filesystem/hdfs.rs:561:13
    |
561 |         let access_time = file_status["accessTime"]
    |             ^^^^^^^^^^^ help: if this is intentional, prefix it with an underscore: `_access_time`

warning: unused variable: `method`
   --> src/storage/persistence/filesystem/s3.rs:441:9
    |
441 |         method: &str,
    |         ^^^^^^ help: if this is intentional, prefix it with an underscore: `_method`

warning: unused variable: `bucket`
   --> src/storage/persistence/filesystem/s3.rs:442:9
    |
442 |         bucket: &str,
    |         ^^^^^^ help: if this is intentional, prefix it with an underscore: `_bucket`

warning: unused variable: `key`
   --> src/storage/persistence/filesystem/s3.rs:443:9
    |
443 |         key: &str,
    |         ^^^ help: if this is intentional, prefix it with an underscore: `_key`

warning: unused variable: `response_data`
   --> src/storage/persistence/filesystem/s3.rs:503:13
    |
503 |         let response_data = self.client.get_object_range(&bucket, &key, &credentials, Some(&range_header)).await?;
    |             ^^^^^^^^^^^^^ help: if this is intentional, prefix it with an underscore: `_response_data`

warning: unused variable: `bucket`
   --> src/storage/persistence/filesystem/s3.rs:656:14
    |
656 |         let (bucket, prefix) = self.parse_s3_url(path)?;
    |              ^^^^^^ help: if this is intentional, prefix it with an underscore: `_bucket`

warning: unused variable: `prefix`
   --> src/storage/persistence/filesystem/s3.rs:656:22
    |
656 |         let (bucket, prefix) = self.parse_s3_url(path)?;
    |                      ^^^^^^ help: if this is intentional, prefix it with an underscore: `_prefix`

warning: unused variable: `credentials`
   --> src/storage/persistence/filesystem/s3.rs:657:13
    |
657 |         let credentials = self.credential_provider.get_credentials().await?;
    |             ^^^^^^^^^^^ help: if this is intentional, prefix it with an underscore: `_credentials`

warning: unused variable: `from_bucket`
   --> src/storage/persistence/filesystem/s3.rs:675:14
    |
675 |         let (from_bucket, from_key) = self.parse_s3_url(from)?;
    |              ^^^^^^^^^^^ help: if this is intentional, prefix it with an underscore: `_from_bucket`

warning: unused variable: `from_key`
   --> src/storage/persistence/filesystem/s3.rs:675:27
    |
675 |         let (from_bucket, from_key) = self.parse_s3_url(from)?;
    |                           ^^^^^^^^ help: if this is intentional, prefix it with an underscore: `_from_key`

warning: unused variable: `to_bucket`
   --> src/storage/persistence/filesystem/s3.rs:676:14
    |
676 |         let (to_bucket, to_key) = self.parse_s3_url(to)?;
    |              ^^^^^^^^^ help: if this is intentional, prefix it with an underscore: `_to_bucket`

warning: unused variable: `to_key`
   --> src/storage/persistence/filesystem/s3.rs:676:25
    |
676 |         let (to_bucket, to_key) = self.parse_s3_url(to)?;
    |                         ^^^^^^ help: if this is intentional, prefix it with an underscore: `_to_key`

warning: unused variable: `credentials`
   --> src/storage/persistence/filesystem/s3.rs:677:13
    |
677 |         let credentials = self.credential_provider.get_credentials().await?;
    |             ^^^^^^^^^^^ help: if this is intentional, prefix it with an underscore: `_credentials`

warning: unused variable: `path`
   --> src/storage/persistence/filesystem/mod.rs:325:31
    |
325 |     async fn sync_file(&self, path: &str) -> FsResult<()> {
    |                               ^^^^ help: if this is intentional, prefix it with an underscore: `_path`

warning: unused variable: `collection_id`
   --> src/storage/persistence/write_buffer/batch_strategy.rs:144:17
    |
144 |             let collection_id = {
    |                 ^^^^^^^^^^^^^ help: if this is intentional, prefix it with an underscore: `_collection_id`

warning: unused variable: `vectors`
   --> src/storage/persistence/write_buffer/batch_strategy.rs:496:42
    |
496 |     fn serialize_vectors_for_disk(&self, vectors: &[VectorRecord]) -> Result<Vec<u8>> {
    |                                          ^^^^^^^ help: if this is intentional, prefix it with an underscore: `_vectors`

warning: unused variable: `data`
   --> src/storage/persistence/write_buffer/batch_strategy.rs:503:45
    |
503 |     fn deserialize_vectors_from_disk(&self, data: &[u8]) -> Result<Vec<VectorRecord>> {
    |                                             ^^^^ help: if this is intentional, prefix it with an underscore: `_data`

warning: value assigned to `counter` is never read
   --> src/storage/persistence/write_buffer/compact_batch_id.rs:104:17
    |
104 |         let mut counter = 0;
    |                 ^^^^^^^
    |
    = help: maybe it is overwritten before being read?
    = note: `#[warn(unused_assignments)]` on by default

warning: unused variable: `collection_id`
   --> src/storage/persistence/write_buffer/proto_serialization_strategy.rs:219:9
    |
219 |         collection_id: &str,
    |         ^^^^^^^^^^^^^ help: if this is intentional, prefix it with an underscore: `_collection_id`

warning: unused variable: `vector_id`
   --> src/storage/persistence/write_buffer/proto_serialization_strategy.rs:220:9
    |
220 |         vector_id: &crate::core::VectorId,
    |         ^^^^^^^^^ help: if this is intentional, prefix it with an underscore: `_vector_id`

warning: unused variable: `collection_id`
   --> src/storage/persistence/write_buffer/proto_serialization_strategy.rs:237:9
    |
237 |         collection_id: &str,
    |         ^^^^^^^^^^^^^ help: if this is intentional, prefix it with an underscore: `_collection_id`

warning: unused variable: `query_vector`
   --> src/storage/persistence/write_buffer/proto_serialization_strategy.rs:238:9
    |
238 |         query_vector: &[f32],
    |         ^^^^^^^^^^^^ help: if this is intentional, prefix it with an underscore: `_query_vector`

warning: unused variable: `k`
   --> src/storage/persistence/write_buffer/proto_serialization_strategy.rs:239:9
    |
239 |         k: usize,
    |         ^ help: if this is intentional, prefix it with an underscore: `_k`

warning: unused variable: `distance_metric`
   --> src/storage/persistence/write_buffer/proto_serialization_strategy.rs:240:9
    |
240 |         distance_metric: Option<crate::compute::distance::DistanceMetric>,
    |         ^^^^^^^^^^^^^^^ help: if this is intentional, prefix it with an underscore: `_distance_metric`

warning: unused variable: `engine`
   --> src/storage/persistence/write_buffer/proto_serialization_strategy.rs:244:21
    |
244 |         if let Some(engine) = engine.as_ref() {
    |                     ^^^^^^ help: if this is intentional, prefix it with an underscore: `_engine`

warning: variable `total_vectors` is assigned to, but never used
   --> src/storage/persistence/write_buffer/proto_serialization_strategy.rs:290:17
    |
290 |         let mut total_vectors = 0;
    |                 ^^^^^^^^^^^^^
    |
    = note: consider using `_total_vectors` instead

warning: variable `total_bytes` is assigned to, but never used
   --> src/storage/persistence/write_buffer/proto_serialization_strategy.rs:291:17
    |
291 |         let mut total_bytes = 0u64;
    |                 ^^^^^^^^^^^
    |
    = note: consider using `_total_bytes` instead

warning: unused variable: `collection_id`
   --> src/storage/persistence/write_buffer/proto_serialization_strategy.rs:348:40
    |
348 |     async fn compact_collection(&self, collection_id: &str) -> Result<u64> {
    |                                        ^^^^^^^^^^^^^ help: if this is intentional, prefix it with an underscore: `_collection_id`

warning: unused variable: `engine`
   --> src/storage/persistence/write_buffer/proto_serialization_strategy.rs:351:21
    |
351 |         if let Some(engine) = engine.as_ref() {
    |                     ^^^^^^ help: if this is intentional, prefix it with an underscore: `_engine`

warning: variable does not need to be mutable
   --> src/storage/metadata/backends/mod.rs:418:13
    |
418 |         let mut backends = vec![MetadataBackendType::Disk];
    |             ----^^^^^^^^
    |             |
    |             help: remove this `mut`

warning: type `TrendDirection` is more private than the item `PerformanceTrend::latency_trend`
   --> src/index/axis/monitor.rs:229:5
    |
229 |     pub latency_trend: TrendDirection,
    |     ^^^^^^^^^^^^^^^^^^^^^^^^^^^^^^^^^ field `PerformanceTrend::latency_trend` is reachable at visibility `pub`
    |
note: but type `TrendDirection` is only usable at visibility `pub(self)`
   --> src/index/axis/monitor.rs:238:1
    |
238 | enum TrendDirection {
    | ^^^^^^^^^^^^^^^^^^^
    = note: `#[warn(private_interfaces)]` on by default

warning: type `TrendDirection` is more private than the item `PerformanceTrend::throughput_trend`
   --> src/index/axis/monitor.rs:230:5
    |
230 |     pub throughput_trend: TrendDirection,
    |     ^^^^^^^^^^^^^^^^^^^^^^^^^^^^^^^^^^^^ field `PerformanceTrend::throughput_trend` is reachable at visibility `pub`
    |
note: but type `TrendDirection` is only usable at visibility `pub(self)`
   --> src/index/axis/monitor.rs:238:1
    |
238 | enum TrendDirection {
    | ^^^^^^^^^^^^^^^^^^^

warning: type `TrendDirection` is more private than the item `PerformanceTrend::error_rate_trend`
   --> src/index/axis/monitor.rs:231:5
    |
231 |     pub error_rate_trend: TrendDirection,
    |     ^^^^^^^^^^^^^^^^^^^^^^^^^^^^^^^^^^^^ field `PerformanceTrend::error_rate_trend` is reachable at visibility `pub`
    |
note: but type `TrendDirection` is only usable at visibility `pub(self)`
   --> src/index/axis/monitor.rs:238:1
    |
238 | enum TrendDirection {
    | ^^^^^^^^^^^^^^^^^^^

warning: type `WalWriterMetrics` is more private than the item `OptimizedWriteBufferWriter::get_metrics`
   --> src/storage/persistence/write_buffer/optimized_write_buffer_writer.rs:584:5
    |
584 |     pub async fn get_metrics(&self) -> WalWriterMetrics {
    |     ^^^^^^^^^^^^^^^^^^^^^^^^^^^^^^^^^^^^^^^^^^^^^^^^^^^ method `OptimizedWriteBufferWriter::get_metrics` is reachable at visibility `pub`
    |
note: but type `WalWriterMetrics` is only usable at visibility `pub(self)`
   --> src/storage/persistence/write_buffer/optimized_write_buffer_writer.rs:68:1
    |
68  | struct WalWriterMetrics {
    | ^^^^^^^^^^^^^^^^^^^^^^^

warning: field `ml` is never read
   --> src/compute/algorithms.rs:116:5
    |
106 | pub struct HNSWIndex {
    |            --------- field in this struct
...
116 |     ml: f32,
    |     ^^
    |
    = note: `#[warn(dead_code)]` on by default

warning: field `use_simd` is never read
   --> src/compute/hardware.rs:192:5
    |
190 | pub struct CpuAccelerator {
    |            -------------- field in this struct
191 |     thread_count: usize,
192 |     use_simd: bool,
    |     ^^^^^^^^

warning: fields `vector_search_schema`, `collection_response_schema`, `health_response_schema`, `metrics_response_schema`, and `operation_response_schema` are never read
  --> src/core/avro_serialization.rs:14:5
   |
12 | pub struct AvroSerializer {
   |            -------------- fields in this struct
13 |     /// Cached schemas for different response types
14 |     vector_search_schema: Schema,
   |     ^^^^^^^^^^^^^^^^^^^^
15 |     collection_response_schema: Schema,
   |     ^^^^^^^^^^^^^^^^^^^^^^^^^^
16 |     health_response_schema: Schema,
   |     ^^^^^^^^^^^^^^^^^^^^^^
17 |     metrics_response_schema: Schema,
   |     ^^^^^^^^^^^^^^^^^^^^^^^
18 |     operation_response_schema: Schema,
   |     ^^^^^^^^^^^^^^^^^^^^^^^^^

warning: method `compare_values` is never used
   --> src/core/metadata_query.rs:211:8
    |
79  | impl MetadataQueryEngine {
    | ------------------------ method in this implementation
...
211 |     fn compare_values<F>(&self, field_value: Option<&JsonValue>, expected: &JsonValue, compare_fn: F) -> Result<bool>
    |        ^^^^^^^^^^^^^^

warning: field `memory_pool` is never read
   --> src/core/serialization/streaming.rs:110:5
    |
108 | pub struct StreamingCompressor {
    |            ------------------- field in this struct
109 |     config: StreamingConfig,
110 |     memory_pool: Arc<VectorMemoryPool>,
    |     ^^^^^^^^^^^

warning: method `return_buffer` is never used
   --> src/core/memory/pool.rs:245:8
    |
113 | / impl<T> Pool<T> 
114 | | where 
115 | |     T: Send + 'static,
    | |______________________- method in this implementation
...
245 |       fn return_buffer(&self, buffer: T) {
    |          ^^^^^^^^^^^^^

warning: method `handle_vector_batch_optimized` is never used
   --> src/handlers/unified_handlers.rs:233:14
    |
43  | impl UnifiedHandlers {
    | -------------------- method in this implementation
...
233 |     async fn handle_vector_batch_optimized(
    |              ^^^^^^^^^^^^^^^^^^^^^^^^^^^^^

warning: field `performance_predictor` is never read
  --> src/index/axis/adaptive_engine.rs:29:5
   |
21 | pub struct AdaptiveIndexEngine {
   |            ------------------- field in this struct
...
29 |     performance_predictor: Arc<PerformancePredictor>,
   |     ^^^^^^^^^^^^^^^^^^^^^

warning: field `models` is never read
   --> src/index/axis/adaptive_engine.rs:181:5
    |
179 | pub struct PerformancePredictor {
    |            -------------------- field in this struct
180 |     /// Prediction models
181 |     models: Arc<RwLock<PredictionModels>>,
    |     ^^^^^^

warning: field `temporal_detector` is never read
  --> src/index/axis/analyzer.rs:36:5
   |
22 | pub struct CollectionAnalyzer {
   |            ------------------ field in this struct
...
36 |     temporal_detector: Arc<TemporalPatternDetector>,
   |     ^^^^^^^^^^^^^^^^^

warning: fields `timestamp`, `metadata_filters_count`, and `result_count` are never read
  --> src/index/axis/analyzer.rs:62:9
   |
60 | struct QueryEvent {
   |        ---------- fields in this struct
61 |     pub query_type: QueryType,
62 |     pub timestamp: DateTime<Utc>,
   |         ^^^^^^^^^
...
65 |     pub metadata_filters_count: usize,
   |         ^^^^^^^^^^^^^^^^^^^^^^
66 |     pub result_count: usize,
   |         ^^^^^^^^^^^^
   |
   = note: `QueryEvent` has derived impls for the traits `Clone` and `Debug`, but these are intentionally ignored during dead code analysis

warning: field `p99_latency_ms` is never read
  --> src/index/axis/analyzer.rs:89:9
   |
81 | struct QueryStatistics {
   |        --------------- field in this struct
...
89 |     pub p99_latency_ms: f64,
   |         ^^^^^^^^^^^^^^
   |
   = note: `QueryStatistics` has derived impls for the traits `Default`, `Clone`, and `Debug`, but these are intentionally ignored during dead code analysis

warning: field `metrics` is never read
   --> src/index/axis/analyzer.rs:107:9
    |
106 | struct TimestampedMetrics {
    |        ------------------ field in this struct
107 |     pub metrics: PerformanceMetrics,
    |         ^^^^^^^
    |
    = note: `TimestampedMetrics` has derived impls for the traits `Clone` and `Debug`, but these are intentionally ignored during dead code analysis

warning: field `dimension` is never read
   --> src/index/axis/analyzer.rs:121:9
    |
119 | struct VectorCharacteristics {
    |        --------------------- field in this struct
120 |     pub vector_count: u64,
121 |     pub dimension: usize,
    |         ^^^^^^^^^
    |
    = note: `VectorCharacteristics` has derived impls for the traits `Clone` and `Debug`, but these are intentionally ignored during dead code analysis

warning: field `access_patterns` is never read
   --> src/index/axis/analyzer.rs:138:5
    |
136 | struct TemporalPatternDetector {
    |        ----------------------- field in this struct
137 |     /// Access patterns per collection
138 |     access_patterns: Arc<RwLock<HashMap<String, AccessPattern>>>,
    |     ^^^^^^^^^^^^^^^

warning: fields `hourly_distribution`, `daily_distribution`, `recent_activity`, `temporal_pattern`, and `last_updated` are never read
   --> src/index/axis/analyzer.rs:144:9
    |
143 | struct AccessPattern {
    |        ------------- fields in this struct
144 |     pub hourly_distribution: [f32; 24],
    |         ^^^^^^^^^^^^^^^^^^^
145 |     pub daily_distribution: [f32; 7],
    |         ^^^^^^^^^^^^^^^^^^
146 |     pub recent_activity: Vec<ActivityBurst>,
    |         ^^^^^^^^^^^^^^^
147 |     pub temporal_pattern: TemporalPattern,
    |         ^^^^^^^^^^^^^^^^
148 |     pub last_updated: DateTime<Utc>,
    |         ^^^^^^^^^^^^
    |
    = note: `AccessPattern` has derived impls for the traits `Clone` and `Debug`, but these are intentionally ignored during dead code analysis

warning: fields `start_time`, `duration`, `intensity`, and `query_count` are never read
   --> src/index/axis/analyzer.rs:154:9
    |
153 | struct ActivityBurst {
    |        ------------- fields in this struct
154 |     pub start_time: DateTime<Utc>,
    |         ^^^^^^^^^^
155 |     pub duration: ChronoDuration,
    |         ^^^^^^^^
156 |     pub intensity: f32,
    |         ^^^^^^^^^
157 |     pub query_count: u64,
    |         ^^^^^^^^^^^
    |
    = note: `ActivityBurst` has derived impls for the traits `Clone` and `Debug`, but these are intentionally ignored during dead code analysis

warning: method `detect_patterns` is never used
   --> src/index/axis/analyzer.rs:623:14
    |
614 | impl TemporalPatternDetector {
    | ---------------------------- method in this implementation
...
623 |     async fn detect_patterns(&self, collection_id: &str) -> TemporalPattern {
    |              ^^^^^^^^^^^^^^^

warning: field `query_engine` is never read
  --> src/index/axis/hnsw_integration.rs:82:5
   |
68 | pub struct PartitionedHnswIndex {
   |            -------------------- field in this struct
...
82 |     query_engine: MetadataQueryEngine,
   |     ^^^^^^^^^^^^

warning: field `is_loaded` is never read
  --> src/index/axis/hnsw_integration.rs:91:9
   |
87 | struct PartitionMetadata {
   |        ----------------- field in this struct
...
91 |     pub is_loaded: bool,
   |         ^^^^^^^^^
   |
   = note: `PartitionMetadata` has derived impls for the traits `Clone` and `Debug`, but these are intentionally ignored during dead code analysis

warning: fields `performance_monitor`, `clustering_engine`, and `config` are never read
  --> src/index/axis/manager.rs:34:5
   |
23 | pub struct AxisManager {
   |            ----------- fields in this struct
...
34 |     performance_monitor: Arc<PerformanceMonitor>,
   |     ^^^^^^^^^^^^^^^^^^^
35 |     clustering_engine: Arc<AxisClusteringEngine>,
   |     ^^^^^^^^^^^^^^^^^
...
44 |     config: AxisConfig,
   |     ^^^^^^

warning: field `rollback_manager` is never read
  --> src/index/axis/migration_engine.rs:26:5
   |
21 | pub struct IndexMigrationEngine {
   |            -------------------- field in this struct
...
26 |     rollback_manager: Arc<RollbackManager>,
   |     ^^^^^^^^^^^^^^^^

warning: field `strategies` is never read
   --> src/index/axis/migration_engine.rs:244:5
    |
242 | pub struct RollbackManager {
    |            --------------- field in this struct
243 |     /// Rollback strategies
244 |     strategies: Vec<Box<dyn RollbackStrategy + Send + Sync>>,
    |     ^^^^^^^^^^

warning: field `alert_history` is never read
  --> src/index/axis/monitor.rs:73:5
   |
65 | struct AlertManager {
   |        ------------ field in this struct
...
73 |     alert_history: Arc<RwLock<Vec<AlertHistory>>>,
   |     ^^^^^^^^^^^^^

warning: fields `trends`, `baselines`, and `anomaly_detector` are never read
  --> src/index/axis/monitor.rs:82:5
   |
80 | struct PerformanceTracker {
   |        ------------------ fields in this struct
81 |     /// Performance trends per collection
82 |     trends: Arc<RwLock<HashMap<String, PerformanceTrend>>>,
   |     ^^^^^^
...
85 |     baselines: Arc<RwLock<HashMap<String, BaselineMetrics>>>,
   |     ^^^^^^^^^
...
88 |     anomaly_detector: Arc<AnomalyDetector>,
   |     ^^^^^^^^^^^^^^^^

warning: fields `component_health` and `check_interval` are never read
  --> src/index/axis/monitor.rs:94:5
   |
92 | struct HealthChecker {
   |        ------------- fields in this struct
93 |     /// Component health status
94 |     component_health: Arc<RwLock<HashMap<String, ComponentHealth>>>,
   |     ^^^^^^^^^^^^^^^^
...
97 |     check_interval: Duration,
   |     ^^^^^^^^^^^^^^

warning: fields `collection_id`, `metric_type`, and `value` are never read
   --> src/index/axis/monitor.rs:159:9
    |
157 | struct HistoricalMetric {
    |        ---------------- fields in this struct
158 |     pub timestamp: DateTime<Utc>,
159 |     pub collection_id: Option<String>,
    |         ^^^^^^^^^^^^^
160 |     pub metric_type: MetricType,
    |         ^^^^^^^^^^^
161 |     pub value: f64,
    |         ^^^^^
    |
    = note: `HistoricalMetric` has derived impls for the traits `Clone` and `Debug`, but these are intentionally ignored during dead code analysis

warning: fields `alert`, `resolved_at`, and `resolution_time_ms` are never read
   --> src/index/axis/monitor.rs:213:9
    |
212 | struct AlertHistory {
    |        ------------ fields in this struct
213 |     pub alert: Alert,
    |         ^^^^^
214 |     pub resolved_at: Option<DateTime<Utc>>,
    |         ^^^^^^^^^^^
215 |     pub resolution_time_ms: Option<u64>,
    |         ^^^^^^^^^^^^^^^^^^
    |
    = note: `AlertHistory` has derived impls for the traits `Clone` and `Debug`, but these are intentionally ignored during dead code analysis

warning: variants `Improving`, `Stable`, `Degrading`, and `Unknown` are never constructed
   --> src/index/axis/monitor.rs:239:5
    |
238 | enum TrendDirection {
    |      -------------- variants in this enum
239 |     Improving,
    |     ^^^^^^^^^
240 |     Stable,
    |     ^^^^^^
241 |     Degrading,
    |     ^^^^^^^^^
242 |     Unknown,
    |     ^^^^^^^
    |
    = note: `TrendDirection` has derived impls for the traits `Clone` and `Debug`, but these are intentionally ignored during dead code analysis

warning: fields `collection_id`, `baseline_latency_ms`, `baseline_throughput_qps`, `baseline_error_rate`, `established_at`, and `sample_count` are never read
   --> src/index/axis/monitor.rs:248:9
    |
247 | struct BaselineMetrics {
    |        --------------- fields in this struct
248 |     pub collection_id: String,
    |         ^^^^^^^^^^^^^
249 |     pub baseline_latency_ms: f64,
    |         ^^^^^^^^^^^^^^^^^^^
250 |     pub baseline_throughput_qps: f64,
    |         ^^^^^^^^^^^^^^^^^^^^^^^
251 |     pub baseline_error_rate: f64,
    |         ^^^^^^^^^^^^^^^^^^^
252 |     pub established_at: DateTime<Utc>,
    |         ^^^^^^^^^^^^^^
253 |     pub sample_count: u64,
    |         ^^^^^^^^^^^^
    |
    = note: `BaselineMetrics` has derived impls for the traits `Clone` and `Debug`, but these are intentionally ignored during dead code analysis

warning: field `models` is never read
   --> src/index/axis/monitor.rs:259:5
    |
257 | struct AnomalyDetector {
    |        --------------- field in this struct
258 |     /// Anomaly detection models per collection
259 |     models: Arc<RwLock<HashMap<String, AnomalyModel>>>,
    |     ^^^^^^

warning: fields `collection_id`, `model_type`, `sensitivity`, `training_data`, and `last_trained` are never read
   --> src/index/axis/monitor.rs:265:9
    |
264 | struct AnomalyModel {
    |        ------------ fields in this struct
265 |     pub collection_id: String,
    |         ^^^^^^^^^^^^^
266 |     pub model_type: AnomalyModelType,
    |         ^^^^^^^^^^
267 |     pub sensitivity: f64,
    |         ^^^^^^^^^^^
268 |     pub training_data: Vec<f64>,
    |         ^^^^^^^^^^^^^
269 |     pub last_trained: DateTime<Utc>,
    |         ^^^^^^^^^^^^
    |
    = note: `AnomalyModel` has derived impls for the traits `Clone` and `Debug`, but these are intentionally ignored during dead code analysis

warning: variants `StatisticalThreshold`, `MovingAverage`, `SeasonalDecomposition`, and `MachineLearning` are never constructed
   --> src/index/axis/monitor.rs:275:5
    |
274 | enum AnomalyModelType {
    |      ---------------- variants in this enum
275 |     StatisticalThreshold,
    |     ^^^^^^^^^^^^^^^^^^^^
276 |     MovingAverage,
    |     ^^^^^^^^^^^^^
277 |     SeasonalDecomposition,
    |     ^^^^^^^^^^^^^^^^^^^^^
278 |     MachineLearning,
    |     ^^^^^^^^^^^^^^^
    |
    = note: `AnomalyModelType` has derived impls for the traits `Clone` and `Debug`, but these are intentionally ignored during dead code analysis

warning: fields `component_name`, `status`, `last_check`, `error_message`, and `response_time_ms` are never read
   --> src/index/axis/monitor.rs:284:9
    |
283 | struct ComponentHealth {
    |        --------------- fields in this struct
284 |     pub component_name: String,
    |         ^^^^^^^^^^^^^^
285 |     pub status: HealthStatus,
    |         ^^^^^^
286 |     pub last_check: DateTime<Utc>,
    |         ^^^^^^^^^^
287 |     pub error_message: Option<String>,
    |         ^^^^^^^^^^^^^
288 |     pub response_time_ms: f64,
    |         ^^^^^^^^^^^^^^^^
    |
    = note: `ComponentHealth` has derived impls for the traits `Clone` and `Debug`, but these are intentionally ignored during dead code analysis

warning: variants `Healthy`, `Degraded`, `Unhealthy`, and `Unknown` are never constructed
   --> src/index/axis/monitor.rs:294:5
    |
293 | enum HealthStatus {
    |      ------------ variants in this enum
294 |     Healthy,
    |     ^^^^^^^
295 |     Degraded,
    |     ^^^^^^^^
296 |     Unhealthy,
    |     ^^^^^^^^^
297 |     Unknown,
    |     ^^^^^^^
    |
    = note: `HealthStatus` has derived impls for the traits `Clone` and `Debug`, but these are intentionally ignored during dead code analysis

warning: methods `format_histogram` and `format_summary` are never used
   --> src/monitoring/metrics/exporters.rs:74:8
    |
31  | impl PrometheusExporter {
    | ----------------------- methods in this implementation
...
74  |     fn format_histogram(
    |        ^^^^^^^^^^^^^^^^
...
131 |     fn format_summary(
    |        ^^^^^^^^^^^^^^

warning: fields `name`, `help`, and `labels` are never read
  --> src/monitoring/metrics/registry.rs:41:5
   |
40 | pub struct Counter {
   |            ------- fields in this struct
41 |     name: String,
   |     ^^^^
42 |     help: String,
   |     ^^^^
43 |     value: Arc<RwLock<f64>>,
44 |     labels: HashMap<String, String>,
   |     ^^^^^^

warning: fields `name`, `help`, and `labels` are never read
  --> src/monitoring/metrics/registry.rs:49:5
   |
48 | pub struct Gauge {
   |            ----- fields in this struct
49 |     name: String,
   |     ^^^^
50 |     help: String,
   |     ^^^^
51 |     value: Arc<RwLock<f64>>,
52 |     labels: HashMap<String, String>,
   |     ^^^^^^

warning: fields `name`, `help`, and `labels` are never read
  --> src/monitoring/metrics/registry.rs:57:5
   |
56 | pub struct HistogramMetric {
   |            --------------- fields in this struct
57 |     name: String,
   |     ^^^^
58 |     help: String,
   |     ^^^^
...
63 |     labels: HashMap<String, String>,
   |     ^^^^^^

warning: fields `name`, `help`, and `labels` are never read
  --> src/monitoring/metrics/registry.rs:68:5
   |
67 | pub struct SummaryMetric {
   |            ------------- fields in this struct
68 |     name: String,
   |     ^^^^
69 |     help: String,
   |     ^^^^
...
73 |     labels: HashMap<String, String>,
   |     ^^^^^^

warning: associated items `create_collection_service` and `convert_operation_metrics` are never used
   --> src/network/grpc/service.rs:43:14
    |
40  | impl ProximaDbGrpcService {
    | ------------------------- associated items in this implementation
...
43  |     async fn create_collection_service(
    |              ^^^^^^^^^^^^^^^^^^^^^^^^^
...
165 |     fn convert_operation_metrics(
    |        ^^^^^^^^^^^^^^^^^^^^^^^^^

warning: field `state` is never read
   --> src/network/middleware/rate_limit.rs:126:5
    |
125 | pub struct RateLimitLayer {
    |            -------------- field in this struct
126 |     state: Arc<RateLimitState>,
    |     ^^^^^

warning: function `convert_index_config_to_proto` is never used
   --> src/network/rest/handlers.rs:949:4
    |
949 | fn convert_index_config_to_proto(config: IndexConfiguration) -> crate::proto::proximadb::IndexConfig {
    |    ^^^^^^^^^^^^^^^^^^^^^^^^^^^^^

warning: function `convert_quantization_config_to_proto` is never used
    --> src/network/rest/handlers.rs:1036:4
     |
1036 | fn convert_quantization_config_to_proto(config: QuantizationConfig) -> crate::proto::proximadb::QuantizationConfig {
     |    ^^^^^^^^^^^^^^^^^^^^^^^^^^^^^^^^^^^^

warning: function `convert_quantization_level_to_proto` is never used
    --> src/network/rest/handlers.rs:1091:4
     |
1091 | fn convert_quantization_level_to_proto(level: QuantizationLevel) -> crate::proto::proximadb::QuantizationLevel {
     |    ^^^^^^^^^^^^^^^^^^^^^^^^^^^^^^^^^^^

warning: function `convert_to_proto_config` is never used
    --> src/network/rest/handlers.rs:1132:4
     |
1132 | fn convert_to_proto_config(config: CollectionConfig) -> Result<crate::proto::proximadb::CollectionConfig, StatusCode> {
     |    ^^^^^^^^^^^^^^^^^^^^^^^

warning: field `vector_service` is never read
  --> src/query/sql_engine/mod.rs:40:5
   |
39 | pub struct SqlEngine {
   |            --------- field in this struct
40 |     vector_service: Arc<DirectVectorService>,
   |     ^^^^^^^^^^^^^^

warning: method `validate_collection_config` is never used
   --> src/services/collection_service.rs:720:8
    |
52  | impl CollectionService {
    | ---------------------- method in this implementation
...
720 |     fn validate_collection_config(&self, config: &CollectionConfig) -> Result<()> {
    |        ^^^^^^^^^^^^^^^^^^^^^^^^^^

warning: associated functions `serialize_vectors_optimized`, `serialize_vectors_unified`, and `deserialize_vectors_unified` are never used
    --> src/services/direct_vector_service.rs:1432:8
     |
146  | impl DirectVectorService {
     | ------------------------ associated functions in this implementation
...
1432 |     fn serialize_vectors_optimized(vectors: &[VectorRecord], format: &OptimizedFormat) -> Result<Vec<u8>> {
     |        ^^^^^^^^^^^^^^^^^^^^^^^^^^^
...
1479 |     fn serialize_vectors_unified(vectors: &[VectorRecord]) -> Result<Vec<u8>> {
     |        ^^^^^^^^^^^^^^^^^^^^^^^^^
...
1484 |     fn deserialize_vectors_unified(data: &[u8]) -> Result<Vec<VectorRecord>> {
     |        ^^^^^^^^^^^^^^^^^^^^^^^^^^^

warning: method `verify_recovery_integrity` is never used
    --> src/services/direct_vector_service.rs:1797:14
     |
1786 | trait DirectWalRecovery {
     |       ----------------- method in this trait
...
1797 |     async fn verify_recovery_integrity(
     |              ^^^^^^^^^^^^^^^^^^^^^^^^^

warning: field `strategy` is never read
   --> src/storage/assignment_service.rs:162:5
    |
154 | pub struct HashBasedAssignmentService {
    |            -------------------------- field in this struct
...
162 |     strategy: String,
    |     ^^^^^^^^

warning: field `total_skipped` is never read
   --> src/storage/engines/sst/mod.rs:917:9
    |
915 | struct BatchExtractionStats {
    |        -------------------- field in this struct
916 |     pub total_extracted: usize,
917 |     pub total_skipped: usize,
    |         ^^^^^^^^^^^^^
    |
    = note: `BatchExtractionStats` has derived impls for the traits `Default` and `Debug`, but these are intentionally ignored during dead code analysis

warning: multiple methods are never used
    --> src/storage/engines/sst/mod.rs:2033:14
     |
1699 | impl SstStorage {
     | --------------- methods in this implementation
...
2033 |     async fn serialize_sst_records_to_sstable(
     |              ^^^^^^^^^^^^^^^^^^^^^^^^^^^^^^^^
...
2206 |     async fn serialize_records_to_sstable_row_format(
     |              ^^^^^^^^^^^^^^^^^^^^^^^^^^^^^^^^^^^^^^^
...
2244 |     async fn build_bloom_filter(&self, records: &[SstRecord]) -> Result<SstableBloomFilter> {
     |              ^^^^^^^^^^^^^^^^^^
...
2401 |     fn hash_key(&self, key: &str, hash_num: u32) -> u32 {
     |        ^^^^^^^^
...
2411 |     async fn organize_records_into_blocks(
     |              ^^^^^^^^^^^^^^^^^^^^^^^^^^^^
...
2455 |     async fn build_optimized_index_and_compress_blocks(
     |              ^^^^^^^^^^^^^^^^^^^^^^^^^^^^^^^^^^^^^^^^^
...
2507 |     async fn compress_block_data(&self, data: &[u8]) -> Result<Vec<u8>> {
     |              ^^^^^^^^^^^^^^^^^^^

warning: methods `extract_collection_id_from_paths` and `fast_parse_data_block` are never used
   --> src/storage/engines/sst/compaction.rs:99:8
    |
97  | impl CompactionManager {
    | ---------------------- methods in this implementation
98  |     /// Extract collection ID from file paths
99  |     fn extract_collection_id_from_paths(&self, paths: &[PathBuf]) -> Result<String> {
    |        ^^^^^^^^^^^^^^^^^^^^^^^^^^^^^^^^
...
973 |     fn fast_parse_data_block(
    |        ^^^^^^^^^^^^^^^^^^^^^

warning: function `should_replace_record` is never used
    --> src/storage/engines/sst/compaction.rs:1159:4
     |
1159 | fn should_replace_record(existing: &SstRecord, new: &SstRecord) -> bool {
     |    ^^^^^^^^^^^^^^^^^^^^^

warning: field `max_size` is never read
  --> src/storage/engines/sst/readers/unified_sstable_reader.rs:38:5
   |
36 | pub struct BlockCache {
   |            ---------- field in this struct
37 |     cache: Arc<tokio::sync::RwLock<lru::LruCache<BlockCacheKey, Arc<DataBlock>>>>,
38 |     max_size: usize,
   |     ^^^^^^^^
   |
   = note: `BlockCache` has a derived impl for the trait `Debug`, but this is intentionally ignored during dead code analysis

warning: field `max_memory_mb` is never read
  --> src/storage/engines/sst/readers/unified_sstable_reader.rs:47:5
   |
44 | pub struct IndexCache {
   |            ---------- field in this struct
...
47 |     max_memory_mb: usize,
   |     ^^^^^^^^^^^^^
   |
   = note: `IndexCache` has a derived impl for the trait `Debug`, but this is intentionally ignored during dead code analysis

warning: fields `distance_compute` and `quantization_engine` are never read
  --> src/storage/engines/sst/unified_search_engine.rs:43:5
   |
41 | pub struct SstUnifiedSearchEngine {
   |            ---------------------- fields in this struct
42 |     sstable_reader: Arc<UnifiedSstableReader>,
43 |     distance_compute: Arc<UnifiedDistanceCompute>,
   |     ^^^^^^^^^^^^^^^^
44 |     quantization_engine: Arc<UnifiedQuantizationEngine>,
   |     ^^^^^^^^^^^^^^^^^^^
   |
   = note: `SstUnifiedSearchEngine` has a derived impl for the trait `Debug`, but this is intentionally ignored during dead code analysis

warning: associated functions `infer_data_type` and `compare_json_values` are never used
   --> src/storage/engines/sst/index_based_reader.rs:90:8
    |
56  | impl SSTMetadataSource {
    | ---------------------- associated functions in this implementation
...
90  |     fn infer_data_type(value: &serde_json::Value) -> ColumnDataType {
    |        ^^^^^^^^^^^^^^^
...
100 |     fn compare_json_values(a: &serde_json::Value, b: &serde_json::Value) -> std::cmp::Ordering {
    |        ^^^^^^^^^^^^^^^^^^^

warning: field `reader` is never read
   --> src/storage/engines/sst/index_based_reader.rs:108:5
    |
106 | pub struct SSTIndexBasedReader {
    |            ------------------- field in this struct
107 |     /// SST reader for accessing data blocks
108 |     reader: crate::storage::engines::sst::readers::unified_sstable_reader::UnifiedSstableReader,
    |     ^^^^^^

warning: field `cache` is never read
  --> src/storage/engines/viper/readers/unified_parquet_reader.rs:22:5
   |
19 | pub struct UnifiedParquetReader {
   |            -------------------- field in this struct
...
22 |     cache: Arc<tokio::sync::RwLock<ReaderCache>>,
   |     ^^^^^
   |
   = note: `UnifiedParquetReader` has a derived impl for the trait `Debug`, but this is intentionally ignored during dead code analysis

warning: fields `schema_mappings` and `file_metadata` are never read
  --> src/storage/engines/viper/readers/unified_parquet_reader.rs:50:5
   |
49 | pub struct ReaderCache {
   |            ----------- fields in this struct
50 |     schema_mappings: HashMap<String, SchemaMapping>,
   |     ^^^^^^^^^^^^^^^
51 |     file_metadata: HashMap<String, FileMetadata>,
   |     ^^^^^^^^^^^^^
   |
   = note: `ReaderCache` has a derived impl for the trait `Debug`, but this is intentionally ignored during dead code analysis

warning: methods `apply_filter_expression`, `parse_row_group_with_projection`, `parse_filter_value`, `evaluate_filter`, and `compare_values` are never used
    --> src/storage/engines/viper/readers/unified_parquet_reader.rs:998:8
     |
208  | impl UnifiedParquetReader {
     | ------------------------- methods in this implementation
...
998  |     fn apply_filter_expression(
     |        ^^^^^^^^^^^^^^^^^^^^^^^
...
1318 |     async fn parse_row_group_with_projection(
     |              ^^^^^^^^^^^^^^^^^^^^^^^^^^^^^^^
...
1360 |     fn parse_filter_value(&self, filter_value: &serde_json::Value) -> FilterValue {
     |        ^^^^^^^^^^^^^^^^^^
...
1431 |     fn evaluate_filter(&self, actual: Option<&serde_json::Value>, filter_op: &FilterValue) -> bool {
     |        ^^^^^^^^^^^^^^^
...
1468 |     fn compare_values(&self, a: &serde_json::Value, b: &serde_json::Value) -> std::cmp::Ordering {
     |        ^^^^^^^^^^^^^^

warning: method `generate_quantized_vectors_array` is never used
   --> src/storage/engines/viper/readers/test_data_generator.rs:551:8
    |
79  | impl ParquetTestDataGenerator {
    | ----------------------------- method in this implementation
...
551 |     fn generate_quantized_vectors_array(&mut self, num_vectors: usize, dim: usize, quant_type: &QuantizationType) -> FixedSizeListArray {
    |        ^^^^^^^^^^^^^^^^^^^^^^^^^^^^^^^^

warning: field `config` is never read
  --> src/storage/engines/viper/readers/parquet_reconstructor.rs:37:5
   |
36 | pub struct ParquetReconstructor {
   |            -------------------- field in this struct
37 |     config: ReconstructorConfig,
   |     ^^^^^^

warning: fields `distance_compute` and `quantization_engine` are never read
  --> src/storage/engines/viper/unified_search_engine.rs:31:5
   |
27 | pub struct ViperUnifiedSearchEngine {
   |            ------------------------ fields in this struct
...
31 |     distance_compute: Arc<UnifiedDistanceCompute>,
   |     ^^^^^^^^^^^^^^^^
32 |     /// Quantization engine for optimization
33 |     quantization_engine: Arc<UnifiedQuantizationEngine>,
   |     ^^^^^^^^^^^^^^^^^^^
   |
   = note: `ViperUnifiedSearchEngine` has a derived impl for the trait `Debug`, but this is intentionally ignored during dead code analysis

warning: field `builder_cache` is never read
  --> src/storage/engines/viper/factory.rs:43:5
   |
32 | pub struct ViperFactory {
   |            ------------ field in this struct
...
43 |     builder_cache: HashMap<String, ViperConfigurationBuilder>,
   |     ^^^^^^^^^^^^^

warning: fields `collection_id`, `config`, and `time_precision` are never read
   --> src/storage/engines/viper/factory.rs:335:5
    |
334 | pub struct TimeSeriesSchemaStrategy {
    |            ------------------------ fields in this struct
335 |     collection_id: String,
    |     ^^^^^^^^^^^^^
336 |     config: ViperSchemaConfig,
    |     ^^^^^^
337 |     time_precision: TimePrecision,
    |     ^^^^^^^^^^^^^^

warning: fields `config` and `time_window_seconds` are never read
   --> src/storage/engines/viper/factory.rs:357:5
    |
356 | pub struct TimeSeriesVectorProcessor {
    |            ------------------------- fields in this struct
357 |     config: ViperProcessingConfig,
    |     ^^^^^^
358 |     time_window_seconds: u64,
    |     ^^^^^^^^^^^^^^^^^^^

warning: fields `config` and `cluster_threshold` are never read
   --> src/storage/engines/viper/factory.rs:363:5
    |
362 | pub struct SimilarityVectorProcessor {
    |            ------------------------- fields in this struct
363 |     config: ViperProcessingConfig,
    |     ^^^^^^
364 |     cluster_threshold: f32,
    |     ^^^^^^^^^^^^^^^^^

warning: field `filesystem` is never read
  --> src/storage/engines/viper/pipeline.rs:55:5
   |
38 | pub struct ViperPipeline {
   |            ------------- field in this struct
...
55 |     filesystem: Arc<FilesystemFactory>,
   |     ^^^^^^^^^^

warning: fields `schema_cache` and `strategies` are never read
   --> src/storage/engines/viper/pipeline.rs:276:5
    |
274 | pub struct SchemaAdapter {
    |            ------------- fields in this struct
275 |     /// Schema cache
276 |     schema_cache: Arc<RwLock<HashMap<String, Arc<Schema>>>>,
    |     ^^^^^^^^^^^^
...
279 |     strategies: HashMap<String, Box<dyn SchemaGenerationStrategy>>,
    |     ^^^^^^^^^^

warning: field `writer_pool` is never read
   --> src/storage/engines/viper/pipeline.rs:308:5
    |
297 | pub struct ParquetFlusher {
    |            -------------- field in this struct
...
308 |     writer_pool: Arc<WriterPool>,
    |     ^^^^^^^^^^^

warning: fields `writers`, `pool_size`, and `writer_factory` are never read
   --> src/storage/engines/viper/pipeline.rs:324:5
    |
322 | pub struct WriterPool {
    |            ---------- fields in this struct
323 |     /// Available writers
324 |     writers: Arc<Mutex<Vec<DefaultParquetWriter>>>,
    |     ^^^^^^^
...
327 |     pool_size: usize,
    |     ^^^^^^^^^
...
330 |     writer_factory: Arc<DefaultParquetWriterFactory>,
    |     ^^^^^^^^^^^^^^

warning: field `optimization_model` is never read
   --> src/storage/engines/viper/pipeline.rs:376:5
    |
365 | pub struct CompactionEngine {
    |            ---------------- field in this struct
...
376 |     optimization_model: Arc<RwLock<Option<CompactionOptimizationModel>>>,
    |     ^^^^^^^^^^^^^^^^^^

warning: methods `cluster_then_sort_records`, `simple_vector_clustering`, `apply_sorting_strategy`, and `collect_postprocessing_statistics` are never used
    --> src/storage/engines/viper/pipeline.rs:857:14
     |
739  | impl VectorRecordProcessor {
     | -------------------------- methods in this implementation
...
857  |     async fn cluster_then_sort_records(
     |              ^^^^^^^^^^^^^^^^^^^^^^^^^
...
902  |     async fn simple_vector_clustering(
     |              ^^^^^^^^^^^^^^^^^^^^^^^^
...
1278 |     async fn apply_sorting_strategy(
     |              ^^^^^^^^^^^^^^^^^^^^^^
...
1692 |     async fn collect_postprocessing_statistics(&self, batch: &RecordBatch) -> Result<()> {
     |              ^^^^^^^^^^^^^^^^^^^^^^^^^^^^^^^^^

warning: fields `compression_potential` and `recommended_encoding` are never read
    --> src/storage/engines/viper/pipeline.rs:1749:5
     |
1746 | struct ColumnOptimization {
     |        ------------------ fields in this struct
...
1749 |     compression_potential: f32,
     |     ^^^^^^^^^^^^^^^^^^^^^
1750 |     recommended_encoding: RecommendedEncoding,
     |     ^^^^^^^^^^^^^^^^^^^^
     |
     = note: `ColumnOptimization` has a derived impl for the trait `Debug`, but this is intentionally ignored during dead code analysis

warning: methods `train_binary_quantization`, `train_int8_quantization`, and `quantize_int8` are never used
    --> src/storage/engines/viper/quantization.rs:758:8
     |
434  | impl VectorQuantizationEngine {
     | ----------------------------- methods in this implementation
...
758  |     fn train_binary_quantization(&self, vectors: &[Vec<f32>]) -> Result<ModelData> {
     |        ^^^^^^^^^^^^^^^^^^^^^^^^^
...
812  |     fn train_int8_quantization(&self, vectors: &[Vec<f32>]) -> Result<ModelData> {
     |        ^^^^^^^^^^^^^^^^^^^^^^^
...
1050 |     fn quantize_int8(
     |        ^^^^^^^^^^^^^

warning: fields `operation_metrics`, `collection_stats`, `global_stats`, and `config` are never read
  --> src/storage/engines/viper/utilities.rs:84:5
   |
82 | pub struct PerformanceStatsCollector {
   |            ------------------------- fields in this struct
83 |     /// Operation metrics
84 |     operation_metrics: Arc<RwLock<HashMap<String, OperationMetrics>>>,
   |     ^^^^^^^^^^^^^^^^^
...
87 |     collection_stats: Arc<RwLock<HashMap<String, CollectionStats>>>,
   |     ^^^^^^^^^^^^^^^^
...
90 |     global_stats: Arc<RwLock<GlobalViperStats>>,
   |     ^^^^^^^^^^^^
...
93 |     config: StatsConfig,
   |     ^^^^^^

warning: fields `config`, `filesystem`, `partition_metadata`, `cleanup_task`, and `stats` are never read
   --> src/storage/engines/viper/utilities.rs:172:5
    |
170 | pub struct TTLCleanupService {
    |            ----------------- fields in this struct
171 |     /// TTL configuration
172 |     config: TTLConfig,
    |     ^^^^^^
...
175 |     filesystem: Arc<FilesystemFactory>,
    |     ^^^^^^^^^^
...
178 |     partition_metadata: Arc<RwLock<HashMap<PartitionId, PartitionMetadata>>>,
    |     ^^^^^^^^^^^^^^^^^^
...
181 |     cleanup_task: Option<tokio::task::JoinHandle<()>>,
    |     ^^^^^^^^^^^^
...
184 |     stats: Arc<RwLock<TTLStats>>,
    |     ^^^^^

warning: fields `filesystem`, `config`, `active_operations`, and `optimization_cache` are never read
   --> src/storage/engines/viper/utilities.rs:240:5
    |
238 | pub struct StagingOperationsCoordinator {
    |            ---------------------------- fields in this struct
239 |     /// Filesystem interface
240 |     filesystem: Arc<FilesystemFactory>,
    |     ^^^^^^^^^^
...
243 |     config: StagingConfig,
    |     ^^^^^^
...
246 |     active_operations: Arc<RwLock<HashMap<String, StagingOperation>>>,
    |     ^^^^^^^^^^^^^^^^^
...
249 |     optimization_cache: Arc<RwLock<HashMap<String, ParquetOptimizationConfig>>>,
    |     ^^^^^^^^^^^^^^^^^^

warning: fields `config`, `partition_metadata`, and `stats` are never read
   --> src/storage/engines/viper/utilities.rs:340:5
    |
338 | pub struct DataPartitioner {
    |            --------------- fields in this struct
339 |     /// Partitioning configuration
340 |     config: PartitioningConfig,
    |     ^^^^^^
...
346 |     partition_metadata: Arc<RwLock<HashMap<PartitionId, PartitionMetadata>>>,
    |     ^^^^^^^^^^^^^^^^^^
...
349 |     stats: Arc<RwLock<PartitioningStats>>,
    |     ^^^^^

warning: fields `config`, `compression_models`, `stats`, and `algorithm_cache` are never read
   --> src/storage/engines/viper/utilities.rs:432:5
    |
430 | pub struct CompressionOptimizer {
    |            -------------------- fields in this struct
431 |     /// Compression configuration
432 |     config: CompressionConfig,
    |     ^^^^^^
...
435 |     compression_models: Arc<RwLock<HashMap<String, CompressionModel>>>,
    |     ^^^^^^^^^^^^^^^^^^
...
438 |     stats: Arc<RwLock<CompressionStats>>,
    |     ^^^^^
...
441 |     algorithm_cache: Arc<RwLock<HashMap<String, AlgorithmPerformance>>>,
    |     ^^^^^^^^^^^^^^^

warning: method `convert_filterable_type_to_arrow` is never used
   --> src/storage/engines/viper/schema.rs:275:8
    |
27  | impl SchemaManager {
    | ------------------ method in this implementation
...
275 |     fn convert_filterable_type_to_arrow(&self, data_type: &FilterableDataType) -> Result<arrow_schema::DataType> {
    |        ^^^^^^^^^^^^^^^^^^^^^^^^^^^^^^^^

warning: field `id` is never read
   --> src/storage/engines/viper/compaction.rs:403:13
    |
402 |         struct RecordData {
    |                ---------- field in this struct
403 |             id: Option<String>, // ID is optional
    |             ^^
    |
    = note: `RecordData` has a derived impl for the trait `Clone`, but this is intentionally ignored during dead code analysis

warning: constant `FILE_SIZE_THRESHOLD_MB` is never used
   --> src/storage/engines/viper/flush.rs:677:15
    |
677 |         const FILE_SIZE_THRESHOLD_MB: u64 = 100;
    |               ^^^^^^^^^^^^^^^^^^^^^^

warning: field `config` is never read
  --> src/storage/engines/viper/engine.rs:52:5
   |
50 | pub struct ViperEngine {
   |            ----------- field in this struct
51 |     /// Configuration (internal engine config)
52 |     config: ViperEngineConfig,
   |     ^^^^^^
   |
   = note: `ViperEngine` has a derived impl for the trait `Debug`, but this is intentionally ignored during dead code analysis

warning: fields `chunk_size_mb` and `config` are never read
   --> src/storage/persistence/filesystem/atomic_strategy.rs:357:5
    |
354 | pub struct CloudOptimizedExecutor {
    |            ---------------------- fields in this struct
...
357 |     chunk_size_mb: usize,
    |     ^^^^^^^^^^^^^
358 |     config: AtomicWriteConfig,
    |     ^^^^^^

warning: fields `role_arn`, `external_id`, and `http_client` are never read
   --> src/storage/persistence/filesystem/auth.rs:316:5
    |
315 | pub struct AssumeRoleProvider {
    |            ------------------ fields in this struct
316 |     role_arn: String,
    |     ^^^^^^^^
317 |     external_id: Option<String>,
    |     ^^^^^^^^^^^
318 |     http_client: reqwest::Client,
    |     ^^^^^^^^^^^

warning: field `profile_name` is never read
   --> src/storage/persistence/filesystem/auth.rs:352:5
    |
351 | pub struct ProfileCredentialProvider {
    |            ------------------------- field in this struct
352 |     profile_name: String,
    |     ^^^^^^^^^^^^

warning: field `http_client` is never read
   --> src/storage/persistence/filesystem/gcs.rs:729:5
    |
727 | pub struct ServiceAccountKeyFileProvider {
    |            ----------------------------- field in this struct
728 |     key_file_path: String,
729 |     http_client: reqwest::Client,
    |     ^^^^^^^^^^^

warning: field `http_client` is never read
   --> src/storage/persistence/filesystem/gcs.rs:774:5
    |
772 | pub struct ServiceAccountKeyJsonProvider {
    |            ----------------------------- field in this struct
773 |     key_json: String,
774 |     http_client: reqwest::Client,
    |     ^^^^^^^^^^^

warning: struct `FilesystemKey` is never constructed
  --> src/storage/persistence/filesystem/manager.rs:67:8
   |
67 | struct FilesystemKey {
   |        ^^^^^^^^^^^^^

warning: associated function `from_url` is never used
  --> src/storage/persistence/filesystem/manager.rs:74:8
   |
73 | impl FilesystemKey {
   | ------------------ associated function in this implementation
74 |     fn from_url(url: &str) -> FsResult<Self> {
   |        ^^^^^^^^

warning: fields `filesystem`, `base_path`, and `retry_config` are never read
   --> src/storage/persistence/filesystem/manager.rs:109:5
    |
108 | pub struct ManagedFilesystem {
    |            ----------------- fields in this struct
109 |     filesystem: Box<dyn FileSystem>,
    |     ^^^^^^^^^^
110 |     base_path: String,
    |     ^^^^^^^^^
111 |     retry_config: RetryConfig,
    |     ^^^^^^^^^^^^

warning: methods `execute_with_retry`, `is_auth_error`, and `resolve_path` are never used
   --> src/storage/persistence/filesystem/manager.rs:116:14
    |
114 | impl ManagedFilesystem {
    | ---------------------- methods in this implementation
115 |     /// Execute operation with retry and auth refresh
116 |     async fn execute_with_retry<F, T>(&self, operation: F) -> FsResult<T>
    |              ^^^^^^^^^^^^^^^^^^
...
141 |     fn is_auth_error(&self, err: &FilesystemError) -> bool {
    |        ^^^^^^^^^^^^^
...
163 |     fn resolve_path(&self, relative_path: &str) -> String {
    |        ^^^^^^^^^^^^

warning: field `shared_write_buffer_behavior` is never read
   --> src/storage/persistence/write_buffer/mod.rs:250:5
    |
238 | pub struct WriteBufferManager {
    |            ------------------ field in this struct
...
250 |     shared_write_buffer_behavior: &'static GlobalWriteBufferBehaviorSingleton,
    |     ^^^^^^^^^^^^^^^^^^^^^^^^^^^^

warning: field `last_rebalance` is never read
   --> src/storage/persistence/write_buffer/mod.rs:285:5
    |
277 | pub struct WriteBufferManagerPoolEntry {
    |            --------------------------- field in this struct
...
285 |     last_rebalance: std::time::Instant,
    |     ^^^^^^^^^^^^^^
    |
    = note: `WriteBufferManagerPoolEntry` has derived impls for the traits `Clone` and `Debug`, but these are intentionally ignored during dead code analysis

warning: fields `ops_per_second`, `memory_usage_bytes`, and `avg_latency_ms` are never read
   --> src/storage/persistence/write_buffer/mod.rs:294:5
    |
290 | pub struct WriteBufferManagerWorkload {
    |            -------------------------- fields in this struct
...
294 |     ops_per_second: f64,
    |     ^^^^^^^^^^^^^^
295 |     /// Memory usage in bytes
296 |     memory_usage_bytes: u64,
    |     ^^^^^^^^^^^^^^^^^^
297 |     /// Average operation latency in milliseconds
298 |     avg_latency_ms: f64,
    |     ^^^^^^^^^^^^^^
    |
    = note: `WriteBufferManagerWorkload` has derived impls for the traits `Clone` and `Debug`, but these are intentionally ignored during dead code analysis

warning: method `extract_batch_for_sync` is never used
    --> src/storage/persistence/write_buffer/mod.rs:1530:14
     |
847  | impl WriteBufferManager {
     | ----------------------- method in this implementation
...
1530 |     async fn extract_batch_for_sync(
     |              ^^^^^^^^^^^^^^^^^^^^^^

warning: constant `MIN_VECTORS_FOR_CLUSTERING` is never used
  --> src/storage/persistence/write_buffer/background_manager.rs:20:7
   |
20 | const MIN_VECTORS_FOR_CLUSTERING: usize = 1000; // Local constant since clustering moved to AXIS
   |       ^^^^^^^^^^^^^^^^^^^^^^^^^^

warning: struct `CollectionConfiguration` is never constructed
  --> src/storage/persistence/write_buffer/background_manager.rs:24:8
   |
24 | struct CollectionConfiguration {
   |        ^^^^^^^^^^^^^^^^^^^^^^^

warning: struct `QuantizationSettings` is never constructed
  --> src/storage/persistence/write_buffer/background_manager.rs:34:8
   |
34 | struct QuantizationSettings {
   |        ^^^^^^^^^^^^^^^^^^^^

warning: enum `QuantizationType` is never used
  --> src/storage/persistence/write_buffer/background_manager.rs:43:6
   |
43 | enum QuantizationType {
   |      ^^^^^^^^^^^^^^^^

warning: struct `FilterableMetadataColumn` is never constructed
  --> src/storage/persistence/write_buffer/background_manager.rs:51:8
   |
51 | struct FilterableMetadataColumn {
   |        ^^^^^^^^^^^^^^^^^^^^^^^^

warning: enum `FilterableColumnType` is never used
  --> src/storage/persistence/write_buffer/background_manager.rs:59:6
   |
59 | enum FilterableColumnType {
   |      ^^^^^^^^^^^^^^^^^^^^

warning: multiple associated items are never used
   --> src/storage/persistence/write_buffer/background_manager.rs:179:14
    |
125 | impl BackgroundMaintenanceManager {
    | --------------------------------- associated items in this implementation
...
179 |     async fn should_retrain_model(&self, collection_id: &str, _current_vectors: usize) -> bool {
    |              ^^^^^^^^^^^^^^^^^^^^
...
505 |     async fn get_collection_configuration(collection_id: &str) -> Result<CollectionConfiguration> {
    |              ^^^^^^^^^^^^^^^^^^^^^^^^^^^^
...
604 |     async fn generate_parquet_schema_for_collection(collection_id: &str) -> Result<Arc<arrow_schema::Schema>> {
    |              ^^^^^^^^^^^^^^^^^^^^^^^^^^^^^^^^^^^^^^
...
717 |     async fn execute_compaction(
    |              ^^^^^^^^^^^^^^^^^^
...
807 |     fn combine_record_batches(schema: Arc<arrow_schema::Schema>, batches: &[arrow_array::RecordBatch]) -> Result<arrow_array::RecordBatch> {
    |        ^^^^^^^^^^^^^^^^^^^^^^
...
846 |     fn create_null_array_static(data_type: &arrow_schema::DataType, length: usize) -> Result<arrow_array::ArrayRef> {
    |        ^^^^^^^^^^^^^^^^^^^^^^^^
...
875 |     fn concatenate_arrays_by_type_static(
    |        ^^^^^^^^^^^^^^^^^^^^^^^^^^^^^^^^^

warning: fields `collection_id` and `requested_at` are never read
  --> src/storage/persistence/write_buffer/batch_sync_coordinator.rs:39:5
   |
37 | struct PendingSyncRequest {
   |        ------------------ fields in this struct
38 |     /// Collection ID
39 |     collection_id: String,
   |     ^^^^^^^^^^^^^
...
45 |     requested_at: Instant,
   |     ^^^^^^^^^^^^
   |
   = note: `PendingSyncRequest` has derived impls for the traits `Clone` and `Debug`, but these are intentionally ignored during dead code analysis

warning: field `flush_coordinator` is never read
  --> src/storage/persistence/write_buffer/proto_serialization_strategy.rs:43:5
   |
26 | pub struct ProtoSerializationStrategy {
   |            -------------------------- field in this struct
...
43 |     flush_coordinator: Arc<WriteBufferFlushCoordinator>,
   |     ^^^^^^^^^^^^^^^^^

warning: method `trigger_background_flush` is never used
   --> src/storage/persistence/write_buffer/proto_serialization_strategy.rs:491:8
    |
478 | impl ProtoSerializationStrategy {
    | ------------------------------- method in this implementation
...
491 |     fn trigger_background_flush(&self, collection_id: &str) {
    |        ^^^^^^^^^^^^^^^^^^^^^^^^

warning: field `flush_coordinator` is never read
  --> src/storage/persistence/write_buffer/avro_serialization_strategy.rs:43:5
   |
26 | pub struct AvroSerializationStrategy {
   |            ------------------------- field in this struct
...
43 |     flush_coordinator: Arc<WriteBufferFlushCoordinator>,
   |     ^^^^^^^^^^^^^^^^^

warning: method `recover_file` is never used
   --> src/storage/persistence/write_buffer/recovery_manager.rs:362:14
    |
70  | impl RecoveryManager {
    | -------------------- method in this implementation
...
362 |     async fn recover_file(&self, file_info: &WriteBufferFileInfo) -> Result<u64> {
    |              ^^^^^^^^^^^^

warning: field `collection_wal_dir` is never read
  --> src/storage/persistence/write_buffer/optimized_write_buffer_writer.rs:54:5
   |
52 | struct CachedAssignment {
   |        ---------------- field in this struct
53 |     storage_url: String,
54 |     collection_wal_dir: String,
   |     ^^^^^^^^^^^^^^^^^^
   |
   = note: `CachedAssignment` has a derived impl for the trait `Clone`, but this is intentionally ignored during dead code analysis

warning: fields `deleted_vector_ids` and `merged_vectors` are never read
   --> src/storage/persistence/write_buffer/compaction_coordinator.rs:709:9
    |
706 | struct EngineCompactionResult {
    |        ---------------------- fields in this struct
...
709 |     pub deleted_vector_ids: Vec<String>,
    |         ^^^^^^^^^^^^^^^^^^
710 |     pub merged_vectors: Vec<VectorRecord>,
    |         ^^^^^^^^^^^^^^
    |
    = note: `EngineCompactionResult` has derived impls for the traits `Clone` and `Debug`, but these are intentionally ignored during dead code analysis

warning: field `batch_size` is never read
  --> src/storage/persistence/write_buffer/flush_result_optimization.rs:93:5
   |
91 | pub struct BatchFlushProcessor {
   |            ------------------- field in this struct
92 |     /// Batch size for processing
93 |     batch_size: usize,
   |     ^^^^^^^^^^

warning: field `max_entries` is never read
   --> src/storage/persistence/write_buffer/flush_result_optimization.rs:167:5
    |
162 | pub struct FlushResultCache {
    |            ---------------- field in this struct
...
167 |     max_entries: u64,
    |     ^^^^^^^^^^^

warning: fields `wal_assignment_config` and `storage_assignment_config` are never read
  --> src/storage/persistence/write_buffer/optimized_path_resolver.rs:20:5
   |
16 | pub struct OptimizedWalPathResolver {
   |            ------------------------ fields in this struct
...
20 |     wal_assignment_config: StorageAssignmentConfig,
   |     ^^^^^^^^^^^^^^^^^^^^^
21 |     storage_assignment_config: StorageAssignmentConfig,
   |     ^^^^^^^^^^^^^^^^^^^^^^^^^

warning: fields `operation_id`, `collection_id`, and `batch_id` are never read
  --> src/storage/persistence/write_buffer/atomic_write_buffer_sync.rs:59:5
   |
58 | struct SyncProgress {
   |        ------------ fields in this struct
59 |     operation_id: OperationId,
   |     ^^^^^^^^^^^^
60 |     collection_id: String,
   |     ^^^^^^^^^^^^^
61 |     batch_id: BatchId,
   |     ^^^^^^^^
   |
   = note: `SyncProgress` has derived impls for the traits `Clone` and `Debug`, but these are intentionally ignored during dead code analysis

warning: field `0` is never read
  --> src/storage/persistence/write_buffer/atomic_write_buffer_sync.rs:71:12
   |
71 |     Failed(String),
   |     ------ ^^^^^^
   |     |
   |     field in this variant
   |
   = note: `SyncStatus` has derived impls for the traits `Clone` and `Debug`, but these are intentionally ignored during dead code analysis
help: consider changing the field to be of unit type to suppress this warning while preserving the field numbering, or remove the field
   |
71 -     Failed(String),
71 +     Failed(()),
   |

warning: variant `Finalizing` is never constructed
  --> src/storage/persistence/write_buffer/atomic_write_buffer_sync.rs:69:5
   |
67 | enum SyncStatus {
   |      ---------- variant in this enum
68 |     Staging,
69 |     Finalizing,
   |     ^^^^^^^^^^
   |
   = note: `SyncStatus` has derived impls for the traits `Clone` and `Debug`, but these are intentionally ignored during dead code analysis

warning: field `transaction` is never read
    --> src/storage/atomic.rs:1055:5
     |
1052 | pub struct TransactionHandle<'a> {
     |            ----------------- field in this struct
...
1055 |     transaction: Arc<RwLock<ActiveTransaction>>,
     |     ^^^^^^^^^^^

warning: function `calculate_cosine_similarity` is never used
  --> src/storage/engine.rs:20:4
   |
20 | fn calculate_cosine_similarity(a: &[f32], b: &[f32]) -> f32 {
   |    ^^^^^^^^^^^^^^^^^^^^^^^^^^^

warning: function `calculate_euclidean_distance` is never used
  --> src/storage/engine.rs:37:4
   |
37 | fn calculate_euclidean_distance(a: &[f32], b: &[f32]) -> f32 {
   |    ^^^^^^^^^^^^^^^^^^^^^^^^^^^^

warning: function `calculate_manhattan_distance` is never used
  --> src/storage/engine.rs:48:4
   |
48 | fn calculate_manhattan_distance(a: &[f32], b: &[f32]) -> f32 {
   |    ^^^^^^^^^^^^^^^^^^^^^^^^^^^^

warning: function `calculate_dot_product` is never used
  --> src/storage/engine.rs:57:4
   |
57 | fn calculate_dot_product(a: &[f32], b: &[f32]) -> f32 {
   |    ^^^^^^^^^^^^^^^^^^^^^

warning: field `disk_manager` is never read
  --> src/storage/engine.rs:69:5
   |
65 | pub struct StorageEngine {
   |            ------------- field in this struct
...
69 |     disk_manager: Arc<DiskManager>,
   |     ^^^^^^^^^^^^

warning: field `last_flush_sequence` is never read
  --> src/storage/memtable/implementations/global_partitioned.rs:39:5
   |
28 | struct CollectionPartition {
   |        ------------------- field in this struct
...
39 |     last_flush_sequence: u64,
   |     ^^^^^^^^^^^^^^^^^^^
   |
   = note: `CollectionPartition` has a derived impl for the trait `Debug`, but this is intentionally ignored during dead code analysis

warning: field `config` is never read
  --> src/storage/memtable/specialized/generic_wrappers.rs:21:5
   |
18 | pub struct MetricsWrapper<T> {
   |            -------------- field in this struct
...
21 |     config: MemtableConfig,
   |     ^^^^^^
   |
   = note: `MetricsWrapper` has a derived impl for the trait `Debug`, but this is intentionally ignored during dead code analysis

warning: field `config` is never read
   --> src/storage/memtable/specialized/generic_wrappers.rs:130:5
    |
125 | pub struct CachingWrapper<T> {
    |            -------------- field in this struct
...
130 |     config: MemtableConfig,
    |     ^^^^^^
    |
    = note: `CachingWrapper` has a derived impl for the trait `Debug`, but this is intentionally ignored during dead code analysis

warning: fields `inner` and `config` are never read
   --> src/storage/memtable/specialized/generic_wrappers.rs:261:5
    |
260 | pub struct CompressionWrapper<T> {
    |            ------------------ fields in this struct
261 |     inner: T,
    |     ^^^^^
262 |     compression_stats: Arc<RwLock<CompressionStats>>,
263 |     config: MemtableConfig,
    |     ^^^^^^
    |
    = note: `CompressionWrapper` has a derived impl for the trait `Debug`, but this is intentionally ignored during dead code analysis

warning: methods `compress_value` and `decompress_value` are never used
   --> src/storage/memtable/specialized/generic_wrappers.rs:280:8
    |
266 | impl<T> CompressionWrapper<T> {
    | ----------------------------- methods in this implementation
...
280 |     fn compress_value<V: serde::Serialize>(&self, value: &V) -> Result<Vec<u8>> {
    |        ^^^^^^^^^^^^^^
...
294 |     fn decompress_value<V: for<'de> serde::Deserialize<'de>>(
    |        ^^^^^^^^^^^^^^^^

warning: associated function `extract_key` is never used
  --> src/storage/memtable/specialized/lsm_behavior.rs:85:8
   |
49 | impl<T> LsmBehaviorWrapper<T> {
   | ----------------------------- associated function in this implementation
...
85 |     fn extract_key<K, V>(key: &K, _value: &V) -> String
   |        ^^^^^^^^^^^

warning: field `flush_state` is never read
   --> src/storage/memtable/specialized/write_buffer_behavior.rs:154:5
    |
134 | pub struct WriteBufferBehaviorWrapper {
    |            -------------------------- field in this struct
...
154 |     flush_state: Arc<RwLock<FlushState>>,
    |     ^^^^^^^^^^^
    |
    = note: `WriteBufferBehaviorWrapper` has derived impls for the traits `Clone` and `Debug`, but these are intentionally ignored during dead code analysis

warning: methods `get_operation_type` and `serialize_operation` are never used
   --> src/storage/memtable/specialized/write_buffer_behavior.rs:461:8
    |
330 | impl WriteBufferBehaviorWrapper {
    | ------------------------------- methods in this implementation
...
461 |     fn get_operation_type(&self, operation: &WriteBufferOperation) -> u8 {
    |        ^^^^^^^^^^^^^^^^^^
...
470 |     async fn serialize_operation(&self, operation: &WriteBufferOperation) -> Result<Vec<u8>> {
    |              ^^^^^^^^^^^^^^^^^^^

warning: fields `last_flush_sequence`, `flush_in_progress`, and `flush_start_time` are never read
   --> src/storage/memtable/specialized/write_buffer_behavior.rs:793:5
    |
792 | struct FlushState {
    |        ---------- fields in this struct
793 |     last_flush_sequence: u64,
    |     ^^^^^^^^^^^^^^^^^^^
794 |     flush_in_progress: bool,
    |     ^^^^^^^^^^^^^^^^^
795 |     flush_start_time: Option<std::time::Instant>,
    |     ^^^^^^^^^^^^^^^^
    |
    = note: `FlushState` has derived impls for the traits `Default`, `Clone`, and `Debug`, but these are intentionally ignored during dead code analysis

warning: fields `version`, `transaction_id`, `committed_at`, and `metadata` are never read
   --> src/storage/metadata/atomic.rs:99:5
    |
98  | struct VersionInfo {
    |        ----------- fields in this struct
99  |     version: u64,
    |     ^^^^^^^
100 |     transaction_id: TransactionId,
    |     ^^^^^^^^^^^^^^
101 |     committed_at: DateTime<Utc>,
    |     ^^^^^^^^^^^^
102 |     metadata: VersionedCollectionMetadata,
    |     ^^^^^^^^
    |
    = note: `VersionInfo` has derived impls for the traits `Clone` and `Debug`, but these are intentionally ignored during dead code analysis

warning: field `acquired_at` is never read
   --> src/storage/metadata/atomic.rs:110:5
    |
107 | struct LockInfo {
    |        -------- field in this struct
...
110 |     acquired_at: DateTime<Utc>,
    |     ^^^^^^^^^^^
    |
    = note: `LockInfo` has derived impls for the traits `Clone` and `Debug`, but these are intentionally ignored during dead code analysis

warning: variant `Shared` is never constructed
   --> src/storage/metadata/atomic.rs:115:5
    |
114 | enum LockType {
    |      -------- variant in this enum
115 |     Shared,
    |     ^^^^^^
    |
    = note: `LockType` has derived impls for the traits `Clone` and `Debug`, but these are intentionally ignored during dead code analysis

warning: field `mvcc_reads` is never read
   --> src/storage/metadata/atomic.rs:162:5
    |
156 | struct AtomicStoreStats {
    |        ---------------- field in this struct
...
162 |     mvcc_reads: u64,
    |     ^^^^^^^^^^
    |
    = note: `AtomicStoreStats` has derived impls for the traits `Default` and `Debug`, but these are intentionally ignored during dead code analysis

warning: methods `execute_atomic_write`, `maybe_checkpoint_at_restart`, `cleanup_operation_files`, `convert_proto_to_core`, and `serialize_record` are never used
   --> src/storage/metadata/backends/filestore_backend.rs:624:14
    |
161 | impl FilestoreMetadataBackend {
    | ----------------------------- methods in this implementation
...
624 |     async fn execute_atomic_write(&self, operation: &IncrementalOperation, prepared: &PreparedWrite) -> Result<()> {
    |              ^^^^^^^^^^^^^^^^^^^^
...
669 |     async fn maybe_checkpoint_at_restart(&self) -> Result<()> {
    |              ^^^^^^^^^^^^^^^^^^^^^^^^^^^
...
728 |     async fn cleanup_operation_files(&self) -> Result<()> {
    |              ^^^^^^^^^^^^^^^^^^^^^^^
...
866 |     fn convert_proto_to_core(&self, proto: &Collection) -> Collection {
    |        ^^^^^^^^^^^^^^^^^^^^^
...
975 |     fn serialize_record(&self, record: &Collection) -> Result<Vec<u8>> {
    |        ^^^^^^^^^^^^^^^^

warning: fields `threshold` and `keep_count` are never read
    --> src/storage/metadata/backends/filestore_backend.rs:1261:5
     |
1260 | struct SnapshotManager {
     |        --------------- fields in this struct
1261 |     threshold: u64,
     |     ^^^^^^^^^
1262 |     keep_count: usize,
     |     ^^^^^^^^^^

warning: fields `cache_dir` and `max_size_bytes` are never read
  --> src/storage/unified_cache.rs:51:5
   |
49 | pub struct L2NvmeCache {
   |            ----------- fields in this struct
50 |     /// Cache directory on NVMe storage
51 |     cache_dir: std::path::PathBuf,
   |     ^^^^^^^^^
...
57 |     max_size_bytes: usize,
   |     ^^^^^^^^^^^^^^

warning: fields `config` and `client` are never read
  --> src/storage/unified_cache.rs:63:5
   |
61 | pub struct L3NetworkCache {
   |            -------------- fields in this struct
62 |     /// Network cache configuration
63 |     config: L3CacheConfig,
   |     ^^^^^^
64 |     /// Connection pool for network requests
65 |     client: Arc<reqwest::Client>,
   |     ^^^^^^

warning: fields `sequential_patterns` and `access_windows` are never read
   --> src/storage/unified_cache.rs:193:5
    |
189 | pub struct AccessPatternTracker {
    |            -------------------- fields in this struct
...
193 |     sequential_patterns: HashMap<String, Vec<CacheKey>>,
    |     ^^^^^^^^^^^^^^^^^^^
194 |     /// Time-based access windows (stored as seconds since epoch)
195 |     access_windows: HashMap<CacheKey, Vec<u64>>,
    |     ^^^^^^^^^^^^^^
    |
    = note: `AccessPatternTracker` has a derived impl for the trait `Debug`, but this is intentionally ignored during dead code analysis

warning: use of `async fn` in public traits is discouraged as auto trait bounds cannot be specified
  --> src/monitoring/metrics/collector.rs:70:5
   |
70 |     async fn collect_metrics(&self) -> Result<HashMap<String, f64>>;
   |     ^^^^^
   |
   = note: you can suppress this lint if you plan to use the trait only in your own code, or do not care about auto traits like `Send` on the `Future`
   = note: `#[warn(async_fn_in_trait)]` on by default
help: you can alternatively desugar to a normal `fn` that returns `impl Future` and add any desired bounds such as `Send`, but these cannot be relaxed without a breaking API change
   |
70 -     async fn collect_metrics(&self) -> Result<HashMap<String, f64>>;
70 +     fn collect_metrics(&self) -> impl std::future::Future<Output = Result<HashMap<String, f64>>> + Send;
   |

warning: unused `std::result::Result` that must be used
   --> src/monitoring/metrics/collector.rs:176:9
    |
176 |         self.process_alerts(alerts).await;
    |         ^^^^^^^^^^^^^^^^^^^^^^^^^^^^^^^^^
    |
    = note: this `Result` may be an `Err` variant, which should be handled
    = note: `#[warn(unused_must_use)]` on by default
help: use `let _ = ...` to ignore the resulting value
    |
176 |         let _ = self.process_alerts(alerts).await;
    |         +++++++

warning: `proximadb` (lib) generated 277 warnings (run `cargo fix --lib -p proximadb` to apply 23 suggestions)
warning: unused import: `Path`
  --> src/bin/server.rs:22:17
   |
22 | use std::path::{Path, PathBuf};
   |                 ^^^^
   |
   = note: `#[warn(unused_imports)]` on by default

warning: `proximadb` (bin "proximadb-server") generated 1 warning (run `cargo fix --bin "proximadb-server"` to apply 1 suggestion)
warning: unused import: `SearchResult`
  --> tests/logical_operators_tests.rs:16:32
   |
16 |         MultiTierDeduplicator, SearchResult, StorageTier, DeduplicationStorageEngine,
   |                                ^^^^^^^^^^^^
   |
   = note: `#[warn(unused_imports)]` on by default

warning: unused variable: `create_response`
  --> tests/viper_metadata_debug_test.rs:31:9
   |
31 |     let create_response = client.collection_operation(tonic::Request::new(CollectionRequest {
   |         ^^^^^^^^^^^^^^^ help: if this is intentional, prefix it with an underscore: `_create_response`
   |
   = note: `#[warn(unused_variables)]` on by default

warning: unused variable: `level`
  --> tests/quantization_basic_tests.rs:62:13
   |
62 |         let level = UnifiedQuantizationLevel {
   |             ^^^^^ help: if this is intentional, prefix it with an underscore: `_level`
   |
   = note: `#[warn(unused_variables)]` on by default

warning: unused variable: `training_vectors`
  --> tests/quantization_basic_tests.rs:76:13
   |
76 |         let training_vectors = generate_test_vectors(100, 64); // 64 dimensions, divisible by 8
   |             ^^^^^^^^^^^^^^^^ help: if this is intentional, prefix it with an underscore: `_training_vectors`

warning: unused variable: `quantized_query`
   --> tests/quantization_basic_tests.rs:100:13
    |
100 |         let quantized_query = engine.quantize(query, &scalar_level).await.unwrap();
    |             ^^^^^^^^^^^^^^^ help: if this is intentional, prefix it with an underscore: `_quantized_query`

warning: unused variable: `collection_id`
  --> tests/axis_integration.rs:14:56
   |
14 | fn create_test_vectors(count: usize, dimension: usize, collection_id: &str) -> Vec<VectorRecord> {
   |                                                        ^^^^^^^^^^^^^ help: if this is intentional, prefix it with an underscore: `_collection_id`
   |
   = note: `#[warn(unused_variables)]` on by default

warning: unused import: `HardwareBackend`
  --> tests/rust/../integration/test_utils.rs:13:68
   |
13 | use proximadb::compute::unified_distance::{UnifiedDistanceCompute, HardwareBackend};
   |                                                                    ^^^^^^^^^^^^^^^
   |
   = note: `#[warn(unused_imports)]` on by default

warning: unused import: `proximadb::storage::traits::UnifiedStorageEngine`
  --> tests/rust/../integration/test_utils.rs:17:5
   |
17 | use proximadb::storage::traits::UnifiedStorageEngine;
   |     ^^^^^^^^^^^^^^^^^^^^^^^^^^^^^^^^^^^^^^^^^^^^^^^^

warning: unused import: `std::sync::Arc`
 --> tests/rust/../integration/isolated_storage_assignment_test.rs:8:5
  |
8 | use std::sync::Arc;
  |     ^^^^^^^^^^^^^^

warning: unused import: `HashBasedAssignmentService`
  --> tests/rust/../integration/isolated_storage_assignment_test.rs:12:46
   |
12 | use proximadb::storage::assignment_service::{HashBasedAssignmentService, AssignmentService};
   |                                              ^^^^^^^^^^^^^^^^^^^^^^^^^^

warning: unused import: `HashMap`
 --> tests/rust/../integration/isolated_sst_engine_test.rs:7:24
  |
7 | use std::collections::{HashMap, HashSet};
  |                        ^^^^^^^

warning: unused import: `std::collections::HashMap`
  --> tests/rust/../integration/write_buffer_optimization_integration_test.rs:14:5
   |
14 | use std::collections::HashMap;
   |     ^^^^^^^^^^^^^^^^^^^^^^^^^

warning: unused import: `Instant`
  --> tests/rust/../integration/write_buffer_optimization_integration_test.rs:16:27
   |
16 | use std::time::{Duration, Instant};
   |                           ^^^^^^^

warning: unused import: `tokio::time::sleep`
  --> tests/rust/../integration/write_buffer_optimization_integration_test.rs:17:5
   |
17 | use tokio::time::sleep;
   |     ^^^^^^^^^^^^^^^^^^

warning: unused import: `debug`
  --> tests/rust/../integration/write_buffer_optimization_integration_test.rs:18:21
   |
18 | use tracing::{info, debug};
   |                     ^^^^^

warning: unused import: `proximadb::core::VectorRecord`
  --> tests/rust/../integration/write_buffer_optimization_integration_test.rs:20:5
   |
20 | use proximadb::core::VectorRecord;
   |     ^^^^^^^^^^^^^^^^^^^^^^^^^^^^^

warning: unused import: `OptimizedFormat`
  --> tests/rust/../integration/write_buffer_optimization_integration_test.rs:21:71
   |
21 | use proximadb::services::direct_vector_service::{DirectVectorService, OptimizedFormat};
   |                                                                       ^^^^^^^^^^^^^^^

warning: unused import: `std::sync::Arc`
 --> tests/rust/../integration/viper/metadata_filtering_test.rs:6:5
  |
6 | use std::sync::Arc;
  |     ^^^^^^^^^^^^^^

warning: unused import: `std::collections::HashMap`
 --> tests/rust/../integration/viper/metadata_filtering_test.rs:7:5
  |
7 | use std::collections::HashMap;
  |     ^^^^^^^^^^^^^^^^^^^^^^^^^

warning: unused import: `tempfile::TempDir`
 --> tests/rust/../integration/viper/metadata_filtering_test.rs:8:5
  |
8 | use tempfile::TempDir;
  |     ^^^^^^^^^^^^^^^^^

warning: unused imports: `MetadataItem` and `VectorRecord`
  --> tests/rust/../integration/viper/metadata_filtering_test.rs:10:35
   |
10 | use proximadb::proto::proximadb::{VectorRecord, MetadataItem};
   |                                   ^^^^^^^^^^^^  ^^^^^^^^^^^^

warning: unused import: `proximadb::services::collection_service::CollectionService`
  --> tests/rust/../integration/viper/metadata_filtering_test.rs:11:5
   |
11 | use proximadb::services::collection_service::CollectionService;
   |     ^^^^^^^^^^^^^^^^^^^^^^^^^^^^^^^^^^^^^^^^^^^^^^^^^^^^^^^^^^

warning: unused import: `proximadb::services::direct_vector_service::DirectVectorService`
  --> tests/rust/../integration/viper/metadata_filtering_test.rs:12:5
   |
12 | use proximadb::services::direct_vector_service::DirectVectorService;
   |     ^^^^^^^^^^^^^^^^^^^^^^^^^^^^^^^^^^^^^^^^^^^^^^^^^^^^^^^^^^^^^^^

warning: unused import: `proximadb::storage::engines::viper::ViperEngine`
  --> tests/rust/../integration/viper/metadata_filtering_test.rs:13:5
   |
13 | use proximadb::storage::engines::viper::ViperEngine;
   |     ^^^^^^^^^^^^^^^^^^^^^^^^^^^^^^^^^^^^^^^^^^^^^^^

warning: unused import: `proximadb::storage::persistence::filesystem::FilesystemFactory`
  --> tests/rust/../integration/viper/metadata_filtering_test.rs:14:5
   |
14 | use proximadb::storage::persistence::filesystem::FilesystemFactory;
   |     ^^^^^^^^^^^^^^^^^^^^^^^^^^^^^^^^^^^^^^^^^^^^^^^^^^^^^^^^^^^^^^

warning: unused import: `proximadb::storage::memtable::implementations::global_partitioned::GlobalPartitionedMemtable`
  --> tests/rust/../integration/viper/metadata_filtering_test.rs:15:5
   |
15 | use proximadb::storage::memtable::implementations::global_partitioned::GlobalPartitionedMemtable;
   |     ^^^^^^^^^^^^^^^^^^^^^^^^^^^^^^^^^^^^^^^^^^^^^^^^^^^^^^^^^^^^^^^^^^^^^^^^^^^^^^^^^^^^^^^^^^^^

warning: unused import: `proximadb::compute::distance::DistanceMetric`
  --> tests/rust/../integration/viper/metadata_filtering_test.rs:16:5
   |
16 | use proximadb::compute::distance::DistanceMetric;
   |     ^^^^^^^^^^^^^^^^^^^^^^^^^^^^^^^^^^^^^^^^^^^^

warning: unused import: `proximadb::core::search::SearchResult`
  --> tests/rust/../integration/viper/metadata_filtering_test.rs:17:5
   |
17 | use proximadb::core::search::SearchResult;
   |     ^^^^^^^^^^^^^^^^^^^^^^^^^^^^^^^^^^^^^

warning: unused import: `HardwareBackend`
  --> tests/rust/../integration/sst_search_integration_test.rs:15:68
   |
15 | use proximadb::compute::unified_distance::{UnifiedDistanceCompute, HardwareBackend};
   |                                                                    ^^^^^^^^^^^^^^^

warning: unused import: `std::collections::HashMap`
  --> tests/rust/../integration/sst_search_integration_test.rs:27:5
   |
27 | use std::collections::HashMap;
   |     ^^^^^^^^^^^^^^^^^^^^^^^^^

warning: unused import: `CollectionServiceResponse`
 --> tests/rust/../integration/sst_collection_test.rs:6:66
  |
6 | use proximadb::services::collection_service::{CollectionService, CollectionServiceResponse};
  |                                                                  ^^^^^^^^^^^^^^^^^^^^^^^^^

warning: unused import: `DistanceMetric`
 --> tests/rust/../integration/sst_collection_test.rs:7:68
  |
7 | use proximadb::proto::proximadb::{CollectionConfig, StorageEngine, DistanceMetric, IndexingAlgorithm};
  |                                                                    ^^^^^^^^^^^^^^

warning: unused import: `FilesystemConfig`
  --> tests/rust/../integration/sst_collection_test.rs:10:70
   |
10 | use proximadb::storage::persistence::filesystem::{FilesystemFactory, FilesystemConfig};
   |                                                                      ^^^^^^^^^^^^^^^^

warning: unused import: `HardwareBackend`
  --> tests/rust/../integration/sst_collection_test.rs:11:68
   |
11 | use proximadb::compute::unified_distance::{UnifiedDistanceCompute, HardwareBackend};
   |                                                                    ^^^^^^^^^^^^^^^

warning: unused import: `proximadb::storage::traits::CollectionMetadataProvider`
  --> tests/rust/../integration/sst_collection_test.rs:22:5
   |
22 | use proximadb::storage::traits::CollectionMetadataProvider;
   |     ^^^^^^^^^^^^^^^^^^^^^^^^^^^^^^^^^^^^^^^^^^^^^^^^^^^^^^

warning: unused import: `StorageConfig`
 --> tests/rust/../integration/assignment_service_recovery_integration_test.rs:3:39
  |
3 | use proximadb::core::config::{Config, StorageConfig, StorageLocation};
  |                                       ^^^^^^^^^^^^^

warning: unused import: `proximadb::services::collection_service::CollectionService`
 --> tests/rust/../integration/assignment_service_recovery_integration_test.rs:4:5
  |
4 | use proximadb::services::collection_service::CollectionService;
  |     ^^^^^^^^^^^^^^^^^^^^^^^^^^^^^^^^^^^^^^^^^^^^^^^^^^^^^^^^^^

warning: unused imports: `CollectionOperation`, `CollectionRequest`, `MetadataItem`, and `metadata_item`
  --> tests/rust/../integration/assignment_service_recovery_integration_test.rs:10:23
   |
10 |     CollectionConfig, CollectionRequest, CollectionOperation,
   |                       ^^^^^^^^^^^^^^^^^  ^^^^^^^^^^^^^^^^^^^
11 |     MetadataItem, metadata_item
   |     ^^^^^^^^^^^^  ^^^^^^^^^^^^^

warning: unused import: `tokio::sync::RwLock`
  --> tests/rust/../integration/sst_compression_integration_test.rs:21:5
   |
21 | use tokio::sync::RwLock;
   |     ^^^^^^^^^^^^^^^^^^^

warning: unused import: `debug`
  --> tests/rust/../integration/sst_compression_integration_test.rs:23:21
   |
23 | use tracing::{info, debug};
   |                     ^^^^^

warning: unused imports: `FilterExpression` and `SearchParams`
  --> tests/rust/../integration/viper_compression_integration_test.rs:59:31
   |
59 | use proximadb::core::search::{SearchParams, FilterExpression};
   |                               ^^^^^^^^^^^^  ^^^^^^^^^^^^^^^^

warning: unused import: `debug`
  --> tests/rust/../integration/viper_compression_integration_test.rs:66:21
   |
66 | use tracing::{info, debug};
   |                     ^^^^^

warning: unused import: `RecordBatch`
  --> tests/rust/../integration/viper_compression_integration_test.rs:67:39
   |
67 | use arrow_array::{Array, BinaryArray, RecordBatch};
   |                                       ^^^^^^^^^^^

warning: unused import: `proximadb::services::collection_service::CollectionService`
  --> tests/rust/../unit/storage/metadata_backend_tests.rs:21:5
   |
21 | use proximadb::services::collection_service::CollectionService;
   |     ^^^^^^^^^^^^^^^^^^^^^^^^^^^^^^^^^^^^^^^^^^^^^^^^^^^^^^^^^^

warning: unused import: `HardwareBackend`
  --> tests/rust/../unit/storage/sst_core_tests.rs:10:68
   |
10 | use proximadb::compute::unified_distance::{UnifiedDistanceCompute, HardwareBackend};
   |                                                                    ^^^^^^^^^^^^^^^

warning: unused import: `HardwareBackend`
 --> tests/rust/../unit/storage/sst_atomic_operations_test.rs:7:68
  |
7 | use proximadb::compute::unified_distance::{UnifiedDistanceCompute, HardwareBackend};
  |                                                                    ^^^^^^^^^^^^^^^

warning: unused import: `HardwareBackend`
  --> tests/rust/../unit/storage/sst_flush_test.rs:10:68
   |
10 | use proximadb::compute::unified_distance::{UnifiedDistanceCompute, HardwareBackend};
   |                                                                    ^^^^^^^^^^^^^^^

warning: unused import: `std::collections::HashMap`
  --> tests/rust/../unit/storage/sst_flush_test.rs:19:5
   |
19 | use std::collections::HashMap;
   |     ^^^^^^^^^^^^^^^^^^^^^^^^^

warning: unused import: `StorageComponentType`
  --> tests/rust/../unit/storage/storage_assignment_tests.rs:10:30
   |
10 |         AssignmentDiscovery, StorageComponentType,
   |                              ^^^^^^^^^^^^^^^^^^^^

warning: unused import: `std::collections::HashSet`
 --> tests/rust/../unit/storage/assignment_service_advanced_tests.rs:6:9
  |
6 |     use std::collections::HashSet;
  |         ^^^^^^^^^^^^^^^^^^^^^^^^^

warning: unused import: `proximadb::services::DirectVectorService`
 --> tests/rust/../unit/storage/mvcc_resolution_tests.rs:7:5
  |
7 | use proximadb::services::DirectVectorService;
  |     ^^^^^^^^^^^^^^^^^^^^^^^^^^^^^^^^^^^^^^^^

warning: unused import: `serde_json::json`
 --> tests/rust/../unit/storage/mvcc_resolution_tests.rs:9:5
  |
9 | use serde_json::json;
  |     ^^^^^^^^^^^^^^^^

warning: unused import: `StorageConfig`
 --> tests/rust/../unit/storage/assignment_service_recovery_test.rs:6:39
  |
6 | use proximadb::core::config::{Config, StorageConfig, StorageLocation};
  |                                       ^^^^^^^^^^^^^

warning: unused variable: `result`
   --> tests/rust/../integration/semantic_distance_integration.rs:429:9
    |
429 |     let result = compute.calculate_distance(&empty_vec, &empty_vec, &DistanceMetric::Euclidean);
    |         ^^^^^^ help: if this is intentional, prefix it with an underscore: `_result`
    |
    = note: `#[warn(unused_variables)]` on by default

warning: unused variable: `recovered_shared_services`
   --> tests/rust/../integration/assignment_service_recovery_integration_test.rs:251:10
    |
251 |     let (recovered_shared_services, recovered_collection_service) = SharedServices::new(
    |          ^^^^^^^^^^^^^^^^^^^^^^^^^ help: if this is intentional, prefix it with an underscore: `_recovered_shared_services`

warning: unused variable: `recovered_shared_services`
   --> tests/rust/../integration/assignment_service_recovery_integration_test.rs:491:10
    |
491 |     let (recovered_shared_services, recovered_collection_service) = SharedServices::new(
    |          ^^^^^^^^^^^^^^^^^^^^^^^^^ help: if this is intentional, prefix it with an underscore: `_recovered_shared_services`

warning: unused variable: `metadata_url`
   --> tests/rust/../integration/sst_compression_integration_test.rs:126:9
    |
126 |     let metadata_url = format!("file://{}/metadata", temp_dir.path().display());
    |         ^^^^^^^^^^^^ help: if this is intentional, prefix it with an underscore: `_metadata_url`

warning: unused variable: `storage_url`
   --> tests/rust/../integration/sst_compression_integration_test.rs:127:9
    |
127 |     let storage_url = format!("file://{}/storage", temp_dir.path().display());
    |         ^^^^^^^^^^^ help: if this is intentional, prefix it with an underscore: `_storage_url`

warning: unused variable: `coordinator`
   --> tests/rust/../integration/sst_compression_integration_test.rs:129:9
    |
129 |     let coordinator = Arc::new(UnifiedAtomicCoordinator::new(
    |         ^^^^^^^^^^^ help: if this is intentional, prefix it with an underscore: `_coordinator`

warning: unused variable: `metadata_url`
   --> tests/rust/../integration/sst_compression_integration_test.rs:190:9
    |
190 |     let metadata_url = format!("file://{}/metadata", temp_dir.path().display());
    |         ^^^^^^^^^^^^ help: if this is intentional, prefix it with an underscore: `_metadata_url`

warning: unused variable: `storage_url`
   --> tests/rust/../integration/sst_compression_integration_test.rs:191:9
    |
191 |     let storage_url = format!("file://{}/storage", temp_dir.path().display());
    |         ^^^^^^^^^^^ help: if this is intentional, prefix it with an underscore: `_storage_url`

warning: unused variable: `coordinator`
   --> tests/rust/../integration/sst_compression_integration_test.rs:193:9
    |
193 |     let coordinator = Arc::new(UnifiedAtomicCoordinator::new(
    |         ^^^^^^^^^^^ help: if this is intentional, prefix it with an underscore: `_coordinator`

warning: unused variable: `metadata_url`
   --> tests/rust/../integration/sst_compression_integration_test.rs:262:9
    |
262 |     let metadata_url = format!("file://{}/metadata", temp_dir.path().display());
    |         ^^^^^^^^^^^^ help: if this is intentional, prefix it with an underscore: `_metadata_url`

warning: unused variable: `storage_url`
   --> tests/rust/../integration/sst_compression_integration_test.rs:263:9
    |
263 |     let storage_url = format!("file://{}/storage", temp_dir.path().display());
    |         ^^^^^^^^^^^ help: if this is intentional, prefix it with an underscore: `_storage_url`

warning: unused variable: `coordinator`
   --> tests/rust/../integration/sst_compression_integration_test.rs:265:9
    |
265 |     let coordinator = Arc::new(UnifiedAtomicCoordinator::new(
    |         ^^^^^^^^^^^ help: if this is intentional, prefix it with an underscore: `_coordinator`

warning: unused variable: `compressed_result`
   --> tests/rust/../integration/sst_compression_integration_test.rs:417:9
    |
417 |     let compressed_result = compressed_engine.do_flush(&flush_params).await?;
    |         ^^^^^^^^^^^^^^^^^ help: if this is intentional, prefix it with an underscore: `_compressed_result`

warning: unused variable: `uncompressed_result`
   --> tests/rust/../integration/sst_compression_integration_test.rs:436:9
    |
436 |     let uncompressed_result = uncompressed_engine.do_flush(&flush_params).await?;
    |         ^^^^^^^^^^^^^^^^^^^ help: if this is intentional, prefix it with an underscore: `_uncompressed_result`

warning: unused variable: `metadata_url`
   --> tests/rust/../integration/viper_compression_integration_test.rs:238:9
    |
238 |     let metadata_url = format!("file://{}/metadata", temp_dir.path().display());
    |         ^^^^^^^^^^^^ help: if this is intentional, prefix it with an underscore: `_metadata_url`

warning: unused variable: `storage_url`
   --> tests/rust/../integration/viper_compression_integration_test.rs:239:9
    |
239 |     let storage_url = format!("file://{}/storage", temp_dir.path().display());
    |         ^^^^^^^^^^^ help: if this is intentional, prefix it with an underscore: `_storage_url`

warning: unused variable: `coordinator`
   --> tests/rust/../integration/viper_compression_integration_test.rs:241:9
    |
241 |     let coordinator = Arc::new(UnifiedAtomicCoordinator::new(
    |         ^^^^^^^^^^^ help: if this is intentional, prefix it with an underscore: `_coordinator`

warning: unused variable: `metadata_store`
   --> tests/rust/../integration/viper_compression_integration_test.rs:246:9
    |
246 |     let metadata_store = Arc::new(MetadataStore::new(
    |         ^^^^^^^^^^^^^^ help: if this is intentional, prefix it with an underscore: `_metadata_store`

warning: unused variable: `collection`
   --> tests/rust/../integration/viper_compression_integration_test.rs:257:9
    |
257 |     let collection = Collection {
    |         ^^^^^^^^^^ help: if this is intentional, prefix it with an underscore: `_collection`

warning: unused variable: `metadata_url`
   --> tests/rust/../integration/viper_compression_integration_test.rs:337:9
    |
337 |     let metadata_url = format!("file://{}/metadata", temp_dir.path().display());
    |         ^^^^^^^^^^^^ help: if this is intentional, prefix it with an underscore: `_metadata_url`

warning: unused variable: `storage_url`
   --> tests/rust/../integration/viper_compression_integration_test.rs:338:9
    |
338 |     let storage_url = format!("file://{}/storage", temp_dir.path().display());
    |         ^^^^^^^^^^^ help: if this is intentional, prefix it with an underscore: `_storage_url`

warning: unused variable: `coordinator`
   --> tests/rust/../integration/viper_compression_integration_test.rs:340:9
    |
340 |     let coordinator = Arc::new(UnifiedAtomicCoordinator::new(
    |         ^^^^^^^^^^^ help: if this is intentional, prefix it with an underscore: `_coordinator`

warning: unused variable: `metadata_store`
   --> tests/rust/../integration/viper_compression_integration_test.rs:345:9
    |
345 |     let metadata_store = Arc::new(MetadataStore::new(
    |         ^^^^^^^^^^^^^^ help: if this is intentional, prefix it with an underscore: `_metadata_store`

warning: unused variable: `collection`
   --> tests/rust/../integration/viper_compression_integration_test.rs:356:9
    |
356 |     let collection = Collection {
    |         ^^^^^^^^^^ help: if this is intentional, prefix it with an underscore: `_collection`

warning: unused variable: `metadata_url`
   --> tests/rust/../integration/viper_compression_integration_test.rs:406:9
    |
406 |     let metadata_url = format!("file://{}/metadata", temp_dir.path().display());
    |         ^^^^^^^^^^^^ help: if this is intentional, prefix it with an underscore: `_metadata_url`

warning: unused variable: `coordinator`
   --> tests/rust/../integration/viper_compression_integration_test.rs:408:9
    |
408 |     let coordinator = Arc::new(UnifiedAtomicCoordinator::new(
    |         ^^^^^^^^^^^ help: if this is intentional, prefix it with an underscore: `_coordinator`

warning: unused variable: `metadata_store`
   --> tests/rust/../integration/viper_compression_integration_test.rs:413:9
    |
413 |     let metadata_store = Arc::new(MetadataStore::new(
    |         ^^^^^^^^^^^^^^ help: if this is intentional, prefix it with an underscore: `_metadata_store`

warning: unused variable: `collection`
   --> tests/rust/../integration/viper_compression_integration_test.rs:424:9
    |
424 |     let collection = Collection {
    |         ^^^^^^^^^^ help: if this is intentional, prefix it with an underscore: `_collection`

warning: unused variable: `metadata_url`
   --> tests/rust/../integration/viper_compression_integration_test.rs:495:13
    |
495 |         let metadata_url = format!("file://{}/metadata", temp_dir.path().display());
    |             ^^^^^^^^^^^^ help: if this is intentional, prefix it with an underscore: `_metadata_url`

warning: unused variable: `coordinator`
   --> tests/rust/../integration/viper_compression_integration_test.rs:497:13
    |
497 |         let coordinator = Arc::new(UnifiedAtomicCoordinator::new(
    |             ^^^^^^^^^^^ help: if this is intentional, prefix it with an underscore: `_coordinator`

warning: unused variable: `metadata_store`
   --> tests/rust/../integration/viper_compression_integration_test.rs:502:13
    |
502 |         let metadata_store = Arc::new(MetadataStore::new(
    |             ^^^^^^^^^^^^^^ help: if this is intentional, prefix it with an underscore: `_metadata_store`

warning: unused variable: `collection`
   --> tests/rust/../integration/viper_compression_integration_test.rs:513:13
    |
513 |         let collection = Collection {
    |             ^^^^^^^^^^ help: if this is intentional, prefix it with an underscore: `_collection`

warning: unused variable: `metadata_url`
   --> tests/rust/../integration/viper_compression_integration_test.rs:573:13
    |
573 |         let metadata_url = format!("file://{}/metadata", temp_dir.path().display());
    |             ^^^^^^^^^^^^ help: if this is intentional, prefix it with an underscore: `_metadata_url`

warning: unused variable: `coordinator`
   --> tests/rust/../integration/viper_compression_integration_test.rs:575:13
    |
575 |         let coordinator = Arc::new(UnifiedAtomicCoordinator::new(
    |             ^^^^^^^^^^^ help: if this is intentional, prefix it with an underscore: `_coordinator`

warning: unused variable: `metadata_store`
   --> tests/rust/../integration/viper_compression_integration_test.rs:580:13
    |
580 |         let metadata_store = Arc::new(MetadataStore::new(
    |             ^^^^^^^^^^^^^^ help: if this is intentional, prefix it with an underscore: `_metadata_store`

warning: unused variable: `collection`
   --> tests/rust/../integration/viper_compression_integration_test.rs:591:13
    |
591 |         let collection = Collection {
    |             ^^^^^^^^^^ help: if this is intentional, prefix it with an underscore: `_collection`

warning: unused variable: `metadata_url`
   --> tests/rust/../integration/optimization_e2e_test.rs:173:9
    |
173 |     let metadata_url = format!("file://{}/metadata", temp_dir.path().display());
    |         ^^^^^^^^^^^^ help: if this is intentional, prefix it with an underscore: `_metadata_url`

warning: unused variable: `coordinator`
   --> tests/rust/../integration/optimization_e2e_test.rs:175:9
    |
175 |     let coordinator = Arc::new(UnifiedAtomicCoordinator::new(
    |         ^^^^^^^^^^^ help: if this is intentional, prefix it with an underscore: `_coordinator`

warning: unused variable: `metadata_store`
   --> tests/rust/../integration/optimization_e2e_test.rs:180:9
    |
180 |     let metadata_store = Arc::new(MetadataStore::new(
    |         ^^^^^^^^^^^^^^ help: if this is intentional, prefix it with an underscore: `_metadata_store`

warning: unused variable: `collection`
   --> tests/rust/../integration/optimization_e2e_test.rs:203:9
    |
203 |     let collection = Collection {
    |         ^^^^^^^^^^ help: if this is intentional, prefix it with an underscore: `_collection`

warning: unused variable: `memory_pool`
   --> tests/rust/../integration/optimization_e2e_test.rs:240:9
    |
240 |     let memory_pool = Arc::new(VectorMemoryPool::with_config(pool_config));
    |         ^^^^^^^^^^^ help: if this is intentional, prefix it with an underscore: `_memory_pool`

warning: unused variable: `serialization_config`
   --> tests/rust/../integration/optimization_e2e_test.rs:244:9
    |
244 |     let serialization_config = VectorSerializationConfig {
    |         ^^^^^^^^^^^^^^^^^^^^ help: if this is intentional, prefix it with an underscore: `_serialization_config`

warning: unused variable: `storage`
  --> tests/rust/../unit/storage/metadata_backend_tests.rs:83:13
   |
83 |         let storage = storage_engine.read().await;
   |             ^^^^^^^ help: if this is intentional, prefix it with an underscore: `_storage`

warning: unused variable: `viper_key`
   --> tests/rust/../unit/storage/unified_cache_test.rs:127:9
    |
127 |     let viper_key = CacheKey {
    |         ^^^^^^^^^ help: if this is intentional, prefix it with an underscore: `_viper_key`

warning: unused variable: `stats`
   --> tests/rust/../unit/storage/unified_cache_test.rs:137:9
    |
137 |     let stats = cache.stats().await;
    |         ^^^^^ help: if this is intentional, prefix it with an underscore: `_stats`

warning: unused variable: `cache_clone`
   --> tests/rust/../unit/storage/unified_cache_test.rs:366:13
    |
366 |         let cache_clone = cache.clone();
    |             ^^^^^^^^^^^ help: if this is intentional, prefix it with an underscore: `_cache_clone`

warning: unused variable: `key`
   --> tests/rust/../unit/storage/unified_cache_test.rs:369:21
    |
369 |                 let key = CacheKey {
    |                     ^^^ help: if this is intentional, prefix it with an underscore: `_key`

warning: variable `expected_hits` is assigned to, but never used
   --> tests/rust/../unit/storage/unified_cache_test.rs:435:13
    |
435 |     let mut expected_hits = 0;
    |             ^^^^^^^^^^^^^
    |
    = note: consider using `_expected_hits` instead

warning: variable `expected_misses` is assigned to, but never used
   --> tests/rust/../unit/storage/unified_cache_test.rs:436:13
    |
436 |     let mut expected_misses = 0;
    |             ^^^^^^^^^^^^^^^
    |
    = note: consider using `_expected_misses` instead

warning: unused variable: `key`
   --> tests/rust/../unit/storage/unified_cache_test.rs:459:13
    |
459 |         let key = CacheKey {
    |             ^^^ help: if this is intentional, prefix it with an underscore: `_key`

warning: unused variable: `key`
   --> tests/rust/../unit/storage/unified_cache_test.rs:473:13
    |
473 |         let key = CacheKey {
    |             ^^^ help: if this is intentional, prefix it with an underscore: `_key`

warning: unused variable: `metrics`
   --> tests/rust/../unit/storage/unified_cache_test.rs:485:9
    |
485 |     let metrics = cache.stats().await;
    |         ^^^^^^^ help: if this is intentional, prefix it with an underscore: `_metrics`

warning: unused variable: `cache_clone`
   --> tests/rust/../unit/storage/unified_cache_test.rs:540:13
    |
540 |         let cache_clone = cache.clone();
    |             ^^^^^^^^^^^ help: if this is intentional, prefix it with an underscore: `_cache_clone`

warning: unused variable: `key`
   --> tests/rust/../unit/storage/unified_cache_test.rs:547:25
    |
547 |                     let key = CacheKey {
    |                         ^^^ help: if this is intentional, prefix it with an underscore: `_key`

warning: unused variable: `retrieved`
   --> tests/rust/../unit/storage/storage_assignment_tests.rs:319:13
    |
319 |         let retrieved = get_assignment_service();
    |             ^^^^^^^^^ help: if this is intentional, prefix it with an underscore: `_retrieved`

warning: associated function `create_test_write_buffer_config` is never used
   --> tests/rust/../integration/test_utils.rs:208:8
    |
29  | impl IsolatedTestEnvironment {
    | ---------------------------- associated function in this implementation
...
208 |     fn create_test_write_buffer_config() -> WriteBufferUserConfig {
    |        ^^^^^^^^^^^^^^^^^^^^^^^^^^^^^^^
    |
    = note: `#[warn(dead_code)]` on by default

warning: fields `num_batches`, `dimension`, and `collection_prefix` are never read
  --> tests/rust/../integration/write_buffer_optimization_integration_test.rs:35:5
   |
31 | struct WalOptimizationTestConfig {
   |        ------------------------- fields in this struct
...
35 |     num_batches: usize,
   |     ^^^^^^^^^^^
36 |     /// Vector dimension
37 |     dimension: usize,
   |     ^^^^^^^^^
38 |     /// Collection name prefix
39 |     collection_prefix: String,
   |     ^^^^^^^^^^^^^^^^^
   |
   = note: `WalOptimizationTestConfig` has derived impls for the traits `Clone` and `Debug`, but these are intentionally ignored during dead code analysis

warning: struct `WalPerformanceTestResult` is never constructed
  --> tests/rust/../integration/write_buffer_optimization_integration_test.rs:64:8
   |
64 | struct WalPerformanceTestResult {
   |        ^^^^^^^^^^^^^^^^^^^^^^^^

warning: associated items `new` and `update_assignment` are never used
   --> tests/rust/../integration/../common/test_assignments.rs:47:12
    |
45  | impl PersistentTestAssignments {
    | ------------------------------ associated items in this implementation
46  |     /// Create a new persistent assignment manager
47  |     pub fn new() -> Self {
    |            ^^^
...
139 |     pub async fn update_assignment(&self, collection_id: &str, assignment: TestAssignmentData) -> Result<()> {
    |                  ^^^^^^^^^^^^^^^^^

warning: static `TEST_ASSIGNMENTS` is never used
   --> tests/rust/../integration/../common/test_assignments.rs:264:8
    |
264 | static TEST_ASSIGNMENTS: std::sync::OnceLock<PersistentTestAssignments> = std::sync::OnceLock::new();
    |        ^^^^^^^^^^^^^^^^

warning: function `get_test_assignments` is never used
   --> tests/rust/../integration/../common/test_assignments.rs:267:8
    |
267 | pub fn get_test_assignments() -> &'static PersistentTestAssignments {
    |        ^^^^^^^^^^^^^^^^^^^^

warning: function `setup_persistent_test_assignment` is never used
   --> tests/rust/../integration/../common/test_assignments.rs:273:14
    |
273 | pub async fn setup_persistent_test_assignment(collection_id: &str) -> Result<TestAssignmentData> {
    |              ^^^^^^^^^^^^^^^^^^^^^^^^^^^^^^^^

warning: function `cleanup_test_assignment` is never used
   --> tests/rust/../integration/../common/test_assignments.rs:321:14
    |
321 | pub async fn cleanup_test_assignment(collection_id: &str) -> Result<()> {
    |              ^^^^^^^^^^^^^^^^^^^^^^^

warning: function `cleanup_all_test_assignments` is never used
   --> tests/rust/../integration/../common/test_assignments.rs:335:14
    |
335 | pub async fn cleanup_all_test_assignments() -> Result<()> {
    |              ^^^^^^^^^^^^^^^^^^^^^^^^^^^^

warning: associated items `new` and `update_assignment` are never used
   --> tests/rust/../unit/storage/../../common/test_assignments.rs:47:12
    |
45  | impl PersistentTestAssignments {
    | ------------------------------ associated items in this implementation
46  |     /// Create a new persistent assignment manager
47  |     pub fn new() -> Self {
    |            ^^^
...
139 |     pub async fn update_assignment(&self, collection_id: &str, assignment: TestAssignmentData) -> Result<()> {
    |                  ^^^^^^^^^^^^^^^^^

warning: static `TEST_ASSIGNMENTS` is never used
   --> tests/rust/../unit/storage/../../common/test_assignments.rs:264:8
    |
264 | static TEST_ASSIGNMENTS: std::sync::OnceLock<PersistentTestAssignments> = std::sync::OnceLock::new();
    |        ^^^^^^^^^^^^^^^^

warning: function `get_test_assignments` is never used
   --> tests/rust/../unit/storage/../../common/test_assignments.rs:267:8
    |
267 | pub fn get_test_assignments() -> &'static PersistentTestAssignments {
    |        ^^^^^^^^^^^^^^^^^^^^

warning: function `setup_persistent_test_assignment` is never used
   --> tests/rust/../unit/storage/../../common/test_assignments.rs:273:14
    |
273 | pub async fn setup_persistent_test_assignment(collection_id: &str) -> Result<TestAssignmentData> {
    |              ^^^^^^^^^^^^^^^^^^^^^^^^^^^^^^^^

warning: function `cleanup_test_assignment` is never used
   --> tests/rust/../unit/storage/../../common/test_assignments.rs:321:14
    |
321 | pub async fn cleanup_test_assignment(collection_id: &str) -> Result<()> {
    |              ^^^^^^^^^^^^^^^^^^^^^^^

warning: function `cleanup_all_test_assignments` is never used
   --> tests/rust/../unit/storage/../../common/test_assignments.rs:335:14
    |
335 | pub async fn cleanup_all_test_assignments() -> Result<()> {
    |              ^^^^^^^^^^^^^^^^^^^^^^^^^^^^

warning: unused `std::result::Result` that must be used
   --> tests/rust/../unit/storage/storage_assignment_tests.rs:317:9
    |
317 |         set_assignment_service(custom_service.clone());
    |         ^^^^^^^^^^^^^^^^^^^^^^^^^^^^^^^^^^^^^^^^^^^^^^
    |
    = note: this `Result` may be an `Err` variant, which should be handled
    = note: `#[warn(unused_must_use)]` on by default
help: use `let _ = ...` to ignore the resulting value
    |
317 |         let _ = set_assignment_service(custom_service.clone());
    |         +++++++

warning: unused import: `proximadb::services::collection_service::CollectionService`
  --> tests/unit/storage/metadata_backend_tests.rs:21:5
   |
21 | use proximadb::services::collection_service::CollectionService;
   |     ^^^^^^^^^^^^^^^^^^^^^^^^^^^^^^^^^^^^^^^^^^^^^^^^^^^^^^^^^^
   |
   = note: `#[warn(unused_imports)]` on by default

warning: unused import: `HardwareBackend`
  --> tests/unit/storage/sst_core_tests.rs:10:68
   |
10 | use proximadb::compute::unified_distance::{UnifiedDistanceCompute, HardwareBackend};
   |                                                                    ^^^^^^^^^^^^^^^

warning: unused import: `HardwareBackend`
 --> tests/unit/storage/sst_atomic_operations_test.rs:7:68
  |
7 | use proximadb::compute::unified_distance::{UnifiedDistanceCompute, HardwareBackend};
  |                                                                    ^^^^^^^^^^^^^^^

warning: unused import: `HardwareBackend`
  --> tests/unit/storage/sst_flush_test.rs:10:68
   |
10 | use proximadb::compute::unified_distance::{UnifiedDistanceCompute, HardwareBackend};
   |                                                                    ^^^^^^^^^^^^^^^

warning: unused import: `std::collections::HashMap`
  --> tests/unit/storage/sst_flush_test.rs:19:5
   |
19 | use std::collections::HashMap;
   |     ^^^^^^^^^^^^^^^^^^^^^^^^^

warning: unused import: `StorageComponentType`
  --> tests/unit/storage/storage_assignment_tests.rs:10:30
   |
10 |         AssignmentDiscovery, StorageComponentType,
   |                              ^^^^^^^^^^^^^^^^^^^^

warning: unused import: `std::collections::HashSet`
 --> tests/unit/storage/assignment_service_advanced_tests.rs:6:9
  |
6 |     use std::collections::HashSet;
  |         ^^^^^^^^^^^^^^^^^^^^^^^^^

warning: unused import: `proximadb::services::DirectVectorService`
 --> tests/unit/storage/mvcc_resolution_tests.rs:7:5
  |
7 | use proximadb::services::DirectVectorService;
  |     ^^^^^^^^^^^^^^^^^^^^^^^^^^^^^^^^^^^^^^^^

warning: unused import: `serde_json::json`
 --> tests/unit/storage/mvcc_resolution_tests.rs:9:5
  |
9 | use serde_json::json;
  |     ^^^^^^^^^^^^^^^^

warning: unused import: `StorageConfig`
 --> tests/unit/storage/assignment_service_recovery_test.rs:6:39
  |
6 | use proximadb::core::config::{Config, StorageConfig, StorageLocation};
  |                                       ^^^^^^^^^^^^^

warning: unused import: `serde_json::json`
 --> tests/unit/mvcc_logic_tests.rs:7:5
  |
7 | use serde_json::json;
  |     ^^^^^^^^^^^^^^^^

warning: unused import: `std::collections::HashMap`
  --> tests/unit/sql_comprehensive_operator_tests.rs:17:9
   |
17 |     use std::collections::HashMap;
   |         ^^^^^^^^^^^^^^^^^^^^^^^^^

warning: unused import: `proximadb::storage::StorageEngine`
  --> tests/unit/sql_comprehensive_operator_tests.rs:43:9
   |
43 |     use proximadb::storage::StorageEngine;
   |         ^^^^^^^^^^^^^^^^^^^^^^^^^^^^^^^^^

warning: unused imports: `UnifiedAssignment` and `set_assignment_service`
  --> tests/unit/sql_comprehensive_operator_tests.rs:44:69
   |
44 |     use proximadb::storage::assignment_service::{AssignmentService, UnifiedAssignment, set_assignment_service};
   |                                                                     ^^^^^^^^^^^^^^^^^  ^^^^^^^^^^^^^^^^^^^^^^

warning: unused imports: `ComparisonOp`, `Condition`, `ParsedQuery`, `Value as SqlValue`, `WhereClause`, and `planner::ExecutionPlan`
  --> tests/unit/sql_comprehensive_operator_tests.rs:48:18
   |
48 |         parser::{ParsedQuery, Condition, ComparisonOp, Value as SqlValue, WhereClause},
   |                  ^^^^^^^^^^^  ^^^^^^^^^  ^^^^^^^^^^^^  ^^^^^^^^^^^^^^^^^  ^^^^^^^^^^^
49 |         planner::ExecutionPlan,
   |         ^^^^^^^^^^^^^^^^^^^^^^

warning: unused imports: `ComparisonOp`, `Condition`, `MetadataFilter`, `Value as SqlValue`, and `WhereClause`
 --> tests/unit/sql_parsing_verification_test.rs:8:31
  |
8 |         parser::{ParsedQuery, Condition, ComparisonOp, Value as SqlValue, WhereClause},
  |                               ^^^^^^^^^  ^^^^^^^^^^^^  ^^^^^^^^^^^^^^^^^  ^^^^^^^^^^^
9 |         planner::{ExecutionPlan, MetadataFilter},
  |                                  ^^^^^^^^^^^^^^

warning: unused import: `VectorAnalysis`
  --> tests/unit/serialization_compression_tests.rs:12:54
   |
12 |     VectorSerializationConfig, CompressionAlgorithm, VectorAnalysis,
   |                                                      ^^^^^^^^^^^^^^

warning: unused import: `Dim1024`
   --> tests/unit/serialization_compression_tests.rs:472:61
    |
472 |         FixedVector, FixedLengthSerializer, Dim128, Dim512, Dim1024
    |                                                             ^^^^^^^

warning: unused import: `anyhow::Result`
 --> tests/unit/sst_optimization_tests.rs:4:5
  |
4 | use anyhow::Result;
  |     ^^^^^^^^^^^^^^

warning: unused import: `anyhow::Result`
 --> tests/unit/viper_optimization_tests.rs:4:5
  |
4 | use anyhow::Result;
  |     ^^^^^^^^^^^^^^

warning: unused import: `RecordBatch`
 --> tests/unit/viper_optimization_tests.rs:5:64
  |
5 | use arrow_array::{Array, BinaryArray, Float32Array, ListArray, RecordBatch};
  |                                                                ^^^^^^^^^^^

warning: unused imports: `Field` and `Schema`
 --> tests/unit/viper_optimization_tests.rs:6:30
  |
6 | use arrow_schema::{DataType, Field, Schema};
  |                              ^^^^^  ^^^^^^

warning: unused import: `parquet::basic::Compression`
 --> tests/unit/viper_optimization_tests.rs:8:5
  |
8 | use parquet::basic::Compression;
  |     ^^^^^^^^^^^^^^^^^^^^^^^^^^^

warning: unused import: `AssignmentService`
  --> tests/unit/sql_comprehensive_operator_tests.rs:44:50
   |
44 |     use proximadb::storage::assignment_service::{AssignmentService, UnifiedAssignment, set_assignment_service};
   |                                                  ^^^^^^^^^^^^^^^^^

warning: unused variable: `a`
   --> tests/unit/compute/distance_tests.rs:111:9
    |
111 |     let a = vec![1.0, 2.0, 3.0];
    |         ^ help: if this is intentional, prefix it with an underscore: `_a`
    |
    = note: `#[warn(unused_variables)]` on by default

warning: unused variable: `b`
   --> tests/unit/compute/distance_tests.rs:112:9
    |
112 |     let b = vec![4.0, 5.0, 6.0];
    |         ^ help: if this is intentional, prefix it with an underscore: `_b`

warning: unused variable: `cosine_calc`
   --> tests/unit/compute/distance_tests.rs:172:9
    |
172 |     let cosine_calc = create_distance_calculator(DistanceMetric::Cosine);
    |         ^^^^^^^^^^^ help: if this is intentional, prefix it with an underscore: `_cosine_calc`

warning: unused variable: `capability`
  --> tests/unit/compute/distance_avx512_tests.rs:59:13
   |
59 |         let capability = detect_platform_capability();
   |             ^^^^^^^^^^ help: if this is intentional, prefix it with an underscore: `_capability`

warning: unreachable pattern
   --> tests/unit/compute/distance_avx512_tests.rs:316:13
    |
316 |             _ => println!("Using unknown platform optimization"),
    |             ^ no value can reach this
    |
note: multiple earlier patterns match some of the same values
   --> tests/unit/compute/distance_avx512_tests.rs:316:13
    |
306 |             PlatformCapability::X86Avx512 => println!("Using AVX-512 optimizations"),
    |             ----------------------------- matches some of the same values
307 |             #[cfg(target_arch = "x86_64")]
308 |             PlatformCapability::X86Avx2 => println!("Using AVX2 optimizations"),
    |             --------------------------- matches some of the same values
309 |             #[cfg(target_arch = "x86_64")]
310 |             PlatformCapability::X86Avx => println!("Using AVX optimizations"),
    |             -------------------------- matches some of the same values
311 |             #[cfg(target_arch = "x86_64")]
312 |             PlatformCapability::X86Sse2 => println!("Using SSE2 optimizations"),
    |             --------------------------- matches some of the same values
...
316 |             _ => println!("Using unknown platform optimization"),
    |             ^ ...and 1 other patterns collectively make this unreachable
    = note: `#[warn(unreachable_patterns)]` on by default

warning: unused variable: `storage`
  --> tests/unit/storage/metadata_backend_tests.rs:83:13
   |
83 |         let storage = storage_engine.read().await;
   |             ^^^^^^^ help: if this is intentional, prefix it with an underscore: `_storage`

warning: unused variable: `viper_key`
   --> tests/unit/storage/unified_cache_test.rs:127:9
    |
127 |     let viper_key = CacheKey {
    |         ^^^^^^^^^ help: if this is intentional, prefix it with an underscore: `_viper_key`

warning: unused variable: `stats`
   --> tests/unit/storage/unified_cache_test.rs:137:9
    |
137 |     let stats = cache.stats().await;
    |         ^^^^^ help: if this is intentional, prefix it with an underscore: `_stats`

warning: unused variable: `cache_clone`
   --> tests/unit/storage/unified_cache_test.rs:366:13
    |
366 |         let cache_clone = cache.clone();
    |             ^^^^^^^^^^^ help: if this is intentional, prefix it with an underscore: `_cache_clone`

warning: unused variable: `key`
   --> tests/unit/storage/unified_cache_test.rs:369:21
    |
369 |                 let key = CacheKey {
    |                     ^^^ help: if this is intentional, prefix it with an underscore: `_key`

warning: variable `expected_hits` is assigned to, but never used
   --> tests/unit/storage/unified_cache_test.rs:435:13
    |
435 |     let mut expected_hits = 0;
    |             ^^^^^^^^^^^^^
    |
    = note: consider using `_expected_hits` instead

warning: variable `expected_misses` is assigned to, but never used
   --> tests/unit/storage/unified_cache_test.rs:436:13
    |
436 |     let mut expected_misses = 0;
    |             ^^^^^^^^^^^^^^^
    |
    = note: consider using `_expected_misses` instead

warning: unused variable: `key`
   --> tests/unit/storage/unified_cache_test.rs:459:13
    |
459 |         let key = CacheKey {
    |             ^^^ help: if this is intentional, prefix it with an underscore: `_key`

warning: unused variable: `key`
   --> tests/unit/storage/unified_cache_test.rs:473:13
    |
473 |         let key = CacheKey {
    |             ^^^ help: if this is intentional, prefix it with an underscore: `_key`

warning: unused variable: `metrics`
   --> tests/unit/storage/unified_cache_test.rs:485:9
    |
485 |     let metrics = cache.stats().await;
    |         ^^^^^^^ help: if this is intentional, prefix it with an underscore: `_metrics`

warning: unused variable: `cache_clone`
   --> tests/unit/storage/unified_cache_test.rs:540:13
    |
540 |         let cache_clone = cache.clone();
    |             ^^^^^^^^^^^ help: if this is intentional, prefix it with an underscore: `_cache_clone`

warning: unused variable: `key`
   --> tests/unit/storage/unified_cache_test.rs:547:25
    |
547 |                     let key = CacheKey {
    |                         ^^^ help: if this is intentional, prefix it with an underscore: `_key`

warning: unused variable: `retrieved`
   --> tests/unit/storage/storage_assignment_tests.rs:319:13
    |
319 |         let retrieved = get_assignment_service();
    |             ^^^^^^^^^ help: if this is intentional, prefix it with an underscore: `_retrieved`

warning: unused variable: `builder`
  --> tests/unit/server/server_builder_tests.rs:23:9
   |
23 |     let builder = ServerBuilder::new();
   |         ^^^^^^^ help: if this is intentional, prefix it with an underscore: `_builder`

warning: unused variable: `parsed`
  --> tests/unit/sql_parsing_verification_test.rs:26:14
   |
26 |         let (parsed, plan) = parse_and_plan_sql(sql).unwrap();
   |              ^^^^^^ help: if this is intentional, prefix it with an underscore: `_parsed`

warning: unused variable: `parsed`
  --> tests/unit/sql_parsing_verification_test.rs:45:14
   |
45 |         let (parsed, plan) = parse_and_plan_sql(sql).unwrap();
   |              ^^^^^^ help: if this is intentional, prefix it with an underscore: `_parsed`

warning: unused variable: `value`
  --> tests/unit/sql_parsing_verification_test.rs:56:69
   |
56 |                     FilterExpression::Comparison { field, operator, value } => {
   |                                                                     ^^^^^ help: try ignoring the field: `value: _`

warning: unused variable: `value`
  --> tests/unit/sql_parsing_verification_test.rs:65:69
   |
65 |                     FilterExpression::Comparison { field, operator, value } => {
   |                                                                     ^^^^^ help: try ignoring the field: `value: _`

warning: unused variable: `parsed`
  --> tests/unit/sql_parsing_verification_test.rs:79:14
   |
79 |         let (parsed, plan) = parse_and_plan_sql(sql).unwrap();
   |              ^^^^^^ help: if this is intentional, prefix it with an underscore: `_parsed`

warning: unused variable: `parsed`
   --> tests/unit/sql_parsing_verification_test.rs:107:14
    |
107 |         let (parsed, plan) = parse_and_plan_sql(sql).unwrap();
    |              ^^^^^^ help: if this is intentional, prefix it with an underscore: `_parsed`

warning: unused variable: `parsed`
   --> tests/unit/sql_parsing_verification_test.rs:136:14
    |
136 |         let (parsed, plan) = parse_and_plan_sql(sql).unwrap();
    |              ^^^^^^ help: if this is intentional, prefix it with an underscore: `_parsed`

warning: unused variable: `parsed`
   --> tests/unit/sql_parsing_verification_test.rs:173:14
    |
173 |         let (parsed, plan) = parse_and_plan_sql(sql).unwrap();
    |              ^^^^^^ help: if this is intentional, prefix it with an underscore: `_parsed`

warning: unused variable: `expected_op`
   --> tests/unit/sql_parsing_verification_test.rs:217:25
    |
217 |         for (condition, expected_op) in test_cases {
    |                         ^^^^^^^^^^^ help: if this is intentional, prefix it with an underscore: `_expected_op`

warning: unused variable: `parsed`
   --> tests/unit/sql_parsing_verification_test.rs:219:18
    |
219 |             let (parsed, plan) = parse_and_plan_sql(&sql).unwrap();
    |                  ^^^^^^ help: if this is intentional, prefix it with an underscore: `_parsed`

warning: unused variable: `value`
   --> tests/unit/sql_parsing_verification_test.rs:225:65
    |
225 |                 FilterExpression::Comparison { field, operator, value } => {
    |                                                                 ^^^^^ help: try ignoring the field: `value: _`

warning: unused variable: `expected_op`
   --> tests/unit/sql_parsing_verification_test.rs:227:48
    |
227 |                     assert!(matches!(operator, expected_op));
    |                                                ^^^^^^^^^^^ help: if this is intentional, prefix it with an underscore: `_expected_op`

warning: unused variable: `i`
  --> tests/unit/serialization_compression_tests.rs:28:17
   |
28 |             for i in 0..non_zero_count {
   |                 ^ help: if this is intentional, prefix it with an underscore: `_i`

warning: variable does not need to be mutable
  --> tests/unit/serialization_compression_tests.rs:85:9
   |
85 |     let mut config = VectorSerializationConfig {
   |         ----^^^^^^
   |         |
   |         help: remove this `mut`
   |
   = note: `#[warn(unused_mut)]` on by default

warning: unused variable: `i`
   --> tests/unit/serialization_compression_tests.rs:448:44
    |
448 |                 let vectors = (0..50).map(|i| {
    |                                            ^ help: if this is intentional, prefix it with an underscore: `_i`

warning: unused variable: `properties`
   --> tests/unit/viper_optimization_tests.rs:250:9
    |
250 |     let properties = writer.create_writer_properties().unwrap();
    |         ^^^^^^^^^^ help: if this is intentional, prefix it with an underscore: `_properties`

warning: method `clear_all_assignments` is never used
   --> tests/unit/storage/sst_test_config.rs:154:18
    |
35  | impl PersistentTestAssignments {
    | ------------------------------ method in this implementation
...
154 |     pub async fn clear_all_assignments(&self) -> Result<()> {
    |                  ^^^^^^^^^^^^^^^^^^^^^
    |
    = note: `#[warn(dead_code)]` on by default

warning: function `create_test_write_buffer_config` is never used
   --> tests/unit/storage/sst_test_config.rs:250:8
    |
250 | pub fn create_test_write_buffer_config(base_path: &str) -> WriteBufferUserConfig {
    |        ^^^^^^^^^^^^^^^^^^^^^^^^^^^^^^^

warning: function `cleanup_test_directories` is never used
   --> tests/unit/storage/sst_test_config.rs:342:14
    |
342 | pub async fn cleanup_test_directories(base_path: &Path) -> anyhow::Result<()> {
    |              ^^^^^^^^^^^^^^^^^^^^^^^^

warning: function `cleanup_all_assignments` is never used
   --> tests/unit/storage/sst_test_config.rs:392:14
    |
392 | pub async fn cleanup_all_assignments() -> anyhow::Result<()> {
    |              ^^^^^^^^^^^^^^^^^^^^^^^

warning: associated items `new` and `update_assignment` are never used
   --> tests/unit/storage/../../common/test_assignments.rs:47:12
    |
45  | impl PersistentTestAssignments {
    | ------------------------------ associated items in this implementation
46  |     /// Create a new persistent assignment manager
47  |     pub fn new() -> Self {
    |            ^^^
...
139 |     pub async fn update_assignment(&self, collection_id: &str, assignment: TestAssignmentData) -> Result<()> {
    |                  ^^^^^^^^^^^^^^^^^

warning: static `TEST_ASSIGNMENTS` is never used
   --> tests/unit/storage/../../common/test_assignments.rs:264:8
    |
264 | static TEST_ASSIGNMENTS: std::sync::OnceLock<PersistentTestAssignments> = std::sync::OnceLock::new();
    |        ^^^^^^^^^^^^^^^^

warning: function `get_test_assignments` is never used
   --> tests/unit/storage/../../common/test_assignments.rs:267:8
    |
267 | pub fn get_test_assignments() -> &'static PersistentTestAssignments {
    |        ^^^^^^^^^^^^^^^^^^^^

warning: function `setup_persistent_test_assignment` is never used
   --> tests/unit/storage/../../common/test_assignments.rs:273:14
    |
273 | pub async fn setup_persistent_test_assignment(collection_id: &str) -> Result<TestAssignmentData> {
    |              ^^^^^^^^^^^^^^^^^^^^^^^^^^^^^^^^

warning: function `cleanup_test_assignment` is never used
   --> tests/unit/storage/../../common/test_assignments.rs:321:14
    |
321 | pub async fn cleanup_test_assignment(collection_id: &str) -> Result<()> {
    |              ^^^^^^^^^^^^^^^^^^^^^^^

warning: function `cleanup_all_test_assignments` is never used
   --> tests/unit/storage/../../common/test_assignments.rs:335:14
    |
335 | pub async fn cleanup_all_test_assignments() -> Result<()> {
    |              ^^^^^^^^^^^^^^^^^^^^^^^^^^^^

warning: field `temp_dir` is never read
  --> tests/unit/sql_comprehensive_operator_tests.rs:57:13
   |
53 |     struct SqlOperatorTestFixture {
   |            ---------------------- field in this struct
...
57 |         pub temp_dir: TempDir,
   |             ^^^^^^^^

warning: unused `std::result::Result` that must be used
   --> tests/unit/storage/storage_assignment_tests.rs:317:9
    |
317 |         set_assignment_service(custom_service.clone());
    |         ^^^^^^^^^^^^^^^^^^^^^^^^^^^^^^^^^^^^^^^^^^^^^^
    |
    = note: this `Result` may be an `Err` variant, which should be handled
    = note: `#[warn(unused_must_use)]` on by default
help: use `let _ = ...` to ignore the resulting value
    |
317 |         let _ = set_assignment_service(custom_service.clone());
    |         +++++++

warning: unused variable: `level`
  --> tests/quantization_integration_tests.rs:59:9
   |
59 |     let level = UnifiedQuantizationLevel {
   |         ^^^^^ help: if this is intentional, prefix it with an underscore: `_level`
   |
   = note: `#[warn(unused_variables)]` on by default

warning: unused variable: `training_vectors`
  --> tests/quantization_integration_tests.rs:73:9
   |
73 |     let training_vectors = generate_test_vectors(1000, 384); // BERT-like dimensions
   |         ^^^^^^^^^^^^^^^^ help: if this is intentional, prefix it with an underscore: `_training_vectors`

warning: unused variable: `i`
   --> tests/quantization_integration_tests.rs:296:10
    |
296 |     for (i, qv) in quantized.iter().enumerate() {
    |          ^ help: if this is intentional, prefix it with an underscore: `_i`

warning: unused import: `super::*`
 --> src/core/config_loader_tests.rs:3:9
  |
3 |     use super::*;
  |         ^^^^^^^^

warning: unused import: `NamedTempFile`
 --> src/core/config_loader_tests.rs:7:29
  |
7 |     use tempfile::{TempDir, NamedTempFile};
  |                             ^^^^^^^^^^^^^

warning: unused import: `std::io::Write`
 --> src/core/config_loader_tests.rs:8:9
  |
8 |     use std::io::Write;
  |         ^^^^^^^^^^^^^^

warning: unused import: `std::sync::Arc`
  --> src/handlers/unified_handlers_tests.rs:15:9
   |
15 |     use std::sync::Arc;
   |         ^^^^^^^^^^^^^^

warning: unused import: `tempfile::TempDir`
  --> src/handlers/unified_handlers_tests.rs:17:9
   |
17 |     use tempfile::TempDir;
   |         ^^^^^^^^^^^^^^^^^

warning: unused import: `uuid::Uuid`
  --> src/handlers/unified_handlers_tests.rs:18:9
   |
18 |     use uuid::Uuid;
   |         ^^^^^^^^^^

warning: unused import: `std::sync::Arc`
  --> src/query/sql_engine/comprehensive_sql_tests.rs:24:9
   |
24 |     use std::sync::Arc;
   |         ^^^^^^^^^^^^^^

warning: unused import: `HardwareBackend`
  --> src/query/sql_engine/comprehensive_sql_tests.rs:28:68
   |
28 |     use crate::compute::unified_distance::{UnifiedDistanceCompute, HardwareBackend};
   |                                                                    ^^^^^^^^^^^^^^^

warning: unused imports: `ExecutionPlan`, `ParsedQuery`, `SqlEngine`, `SqlExecutionResult`, and `SqlExecutor`
  --> src/query/sql_engine/comprehensive_sql_tests.rs:30:9
   |
30 |         SqlEngine, SqlParser, ParsedQuery, SqlExecutor, SqlExecutionResult,
   |         ^^^^^^^^^             ^^^^^^^^^^^  ^^^^^^^^^^^  ^^^^^^^^^^^^^^^^^^
31 |         QueryPlanner, ExecutionPlan,
   |                       ^^^^^^^^^^^^^

warning: unused imports: `ComparisonOp`, `OrderByClause`, `Value as SqlValue`, and `WhereClause`
  --> src/query/sql_engine/comprehensive_sql_tests.rs:34:20
   |
34 |         OrderType, OrderByClause, SortDirection, WhereClause, 
   |                    ^^^^^^^^^^^^^                 ^^^^^^^^^^^
35 |         Condition, ComparisonOp, Value as SqlValue,
   |                    ^^^^^^^^^^^^  ^^^^^^^^^^^^^^^^^

warning: unused imports: `MetadataFilter` and `VectorSearchParams`
  --> src/query/sql_engine/comprehensive_sql_tests.rs:38:9
   |
38 |         MetadataFilter, VectorSearchParams,
   |         ^^^^^^^^^^^^^^  ^^^^^^^^^^^^^^^^^^

warning: unused import: `crate::services::direct_vector_service::DirectVectorService`
  --> src/query/sql_engine/comprehensive_sql_tests.rs:40:9
   |
40 |     use crate::services::direct_vector_service::DirectVectorService;
   |         ^^^^^^^^^^^^^^^^^^^^^^^^^^^^^^^^^^^^^^^^^^^^^^^^^^^^^^^^^^^

warning: unused imports: `MetadataItem` and `VectorRecord`
  --> src/query/sql_engine/comprehensive_sql_tests.rs:41:35
   |
41 |     use crate::proto::proximadb::{VectorRecord, MetadataItem};
   |                                   ^^^^^^^^^^^^  ^^^^^^^^^^^^

warning: unused imports: `Duration` and `timeout`
  --> src/services/comprehensive_search_tests.rs:24:23
   |
24 |     use tokio::time::{timeout, Duration};
   |                       ^^^^^^^  ^^^^^^^^

warning: unused imports: `SearchResultSet`, `SearchResult`, and `UnifiedSearchEngine`
  --> src/services/comprehensive_search_tests.rs:30:23
   |
30 |         SearchParams, SearchResultSet, UnifiedSearchContext, UnifiedSearchEngine,
   |                       ^^^^^^^^^^^^^^^                        ^^^^^^^^^^^^^^^^^^^
31 |         FilterExpression, SearchResult, FilterableColumn, ComparisonOperator,
   |                           ^^^^^^^^^^^^

warning: unused import: `crate::storage::engines::viper::FilterValue`
  --> src/services/comprehensive_search_tests.rs:34:9
   |
34 |     use crate::storage::engines::viper::FilterValue;
   |         ^^^^^^^^^^^^^^^^^^^^^^^^^^^^^^^^^^^^^^^^^^^

warning: unused imports: `MetadataItem` and `VectorRecord`
  --> src/services/comprehensive_search_tests.rs:35:35
   |
35 |     use crate::proto::proximadb::{VectorRecord, MetadataItem};
   |                                   ^^^^^^^^^^^^  ^^^^^^^^^^^^

warning: unused import: `crate::services::direct_vector_service::DirectVectorService`
  --> src/services/comprehensive_search_tests.rs:36:9
   |
36 |     use crate::services::direct_vector_service::DirectVectorService;
   |         ^^^^^^^^^^^^^^^^^^^^^^^^^^^^^^^^^^^^^^^^^^^^^^^^^^^^^^^^^^^

warning: unused imports: `ViperSearchConfig` and `ViperUnifiedSearchEngine`
  --> src/services/comprehensive_search_tests.rs:37:65
   |
37 |     use crate::storage::engines::viper::unified_search_engine::{ViperUnifiedSearchEngine, ViperSearchConfig};
   |                                                                 ^^^^^^^^^^^^^^^^^^^^^^^^  ^^^^^^^^^^^^^^^^^

warning: unused imports: `SstSearchConfig` and `SstUnifiedSearchEngine`
  --> src/services/comprehensive_search_tests.rs:38:63
   |
38 |     use crate::storage::engines::sst::unified_search_engine::{SstUnifiedSearchEngine, SstSearchConfig};
   |                                                               ^^^^^^^^^^^^^^^^^^^^^^  ^^^^^^^^^^^^^^^

warning: unused import: `crate::storage::engines::viper::readers::unified_parquet_reader::UnifiedParquetReader`
  --> src/services/comprehensive_search_tests.rs:39:9
   |
39 |     use crate::storage::engines::viper::readers::unified_parquet_reader::UnifiedParquetReader;
   |         ^^^^^^^^^^^^^^^^^^^^^^^^^^^^^^^^^^^^^^^^^^^^^^^^^^^^^^^^^^^^^^^^^^^^^^^^^^^^^^^^^^^^^

warning: unused import: `crate::storage::engines::sst::readers::unified_sstable_reader::UnifiedSstableReader`
  --> src/services/comprehensive_search_tests.rs:40:9
   |
40 |     use crate::storage::engines::sst::readers::unified_sstable_reader::UnifiedSstableReader;
   |         ^^^^^^^^^^^^^^^^^^^^^^^^^^^^^^^^^^^^^^^^^^^^^^^^^^^^^^^^^^^^^^^^^^^^^^^^^^^^^^^^^^^

warning: unused import: `crate::storage::atomic::UnifiedAtomicCoordinator`
  --> src/storage/engines/sst/compaction_vector_tracking_tests.rs:14:9
   |
14 |     use crate::storage::atomic::UnifiedAtomicCoordinator;
   |         ^^^^^^^^^^^^^^^^^^^^^^^^^^^^^^^^^^^^^^^^^^^^^^^^

warning: unused import: `std::sync::Arc`
  --> src/storage/engines/sst/compaction_vector_tracking_tests.rs:16:9
   |
16 |     use std::sync::Arc;
   |         ^^^^^^^^^^^^^^

warning: unused import: `std::path::PathBuf`
  --> src/storage/engines/sst/compaction_vector_tracking_tests.rs:17:9
   |
17 |     use std::path::PathBuf;
   |         ^^^^^^^^^^^^^^^^^^

warning: unused import: `SstableWriter`
  --> src/storage/engines/sst/readers/tests/unified_sstable_reader_edge_tests.rs:10:51
   |
10 |     use crate::storage::engines::sst::{SstRecord, SstableWriter};
   |                                                   ^^^^^^^^^^^^^

warning: unused import: `tempfile::TempDir`
  --> src/storage/engines/sst/readers/tests/unified_sstable_reader_edge_tests.rs:22:9
   |
22 |     use tempfile::TempDir;
   |         ^^^^^^^^^^^^^^^^^

warning: unused import: `crate::storage::engines::sst::readers::UnifiedSstableReader`
 --> src/storage/engines/sst/readers/tests/test_metadata_filtering_fixed.rs:7:5
  |
7 | use crate::storage::engines::sst::readers::UnifiedSstableReader;
  |     ^^^^^^^^^^^^^^^^^^^^^^^^^^^^^^^^^^^^^^^^^^^^^^^^^^^^^^^^^^^

warning: unused import: `crate::core::search::SearchParams`
 --> src/storage/engines/sst/readers/tests/test_metadata_filtering_fixed.rs:9:5
  |
9 | use crate::core::search::SearchParams;
  |     ^^^^^^^^^^^^^^^^^^^^^^^^^^^^^^^^^

warning: unused import: `crate::compute::distance::DistanceMetric`
  --> src/storage/engines/sst/readers/tests/test_metadata_filtering_fixed.rs:10:5
   |
10 | use crate::compute::distance::DistanceMetric;
   |     ^^^^^^^^^^^^^^^^^^^^^^^^^^^^^^^^^^^^^^^^

warning: unused import: `std::collections::HashMap`
  --> src/storage/engines/sst/readers/tests/test_metadata_filtering_fixed.rs:12:5
   |
12 | use std::collections::HashMap;
   |     ^^^^^^^^^^^^^^^^^^^^^^^^^

warning: unused import: `serde_json::json`
  --> src/storage/engines/sst/readers/tests/test_metadata_filtering_fixed.rs:14:5
   |
14 | use serde_json::json;
   |     ^^^^^^^^^^^^^^^^

warning: unused import: `crate::compute::unified_distance::SimilarityResult`
  --> src/storage/engines/viper/readers/tests/unified_parquet_reader_tests.rs:12:9
   |
12 |     use crate::compute::unified_distance::SimilarityResult;
   |         ^^^^^^^^^^^^^^^^^^^^^^^^^^^^^^^^^^^^^^^^^^^^^^^^^^

warning: unused import: `Float32Array`
  --> src/storage/engines/viper/readers/tests/unified_parquet_reader_tests.rs:20:68
   |
20 |     use arrow_array::{Array, RecordBatch, StringArray, Int64Array, Float32Array};
   |                                                                    ^^^^^^^^^^^^

warning: unused import: `super::*`
 --> src/storage/engines/viper/pipeline_tests.rs:3:9
  |
3 |     use super::*;
  |         ^^^^^^^^

warning: unused import: `anyhow::Result`
  --> src/storage/engines/viper/tests/compaction_tests.rs:11:5
   |
11 | use anyhow::Result;
   |     ^^^^^^^^^^^^^^

warning: unused import: `crate::storage::engines::viper::pipeline_tests::viper_pipeline_tests::*`
  --> src/storage/engines/viper/tests/mod.rs:19:13
   |
19 |     pub use crate::storage::engines::viper::pipeline_tests::viper_pipeline_tests::*;
   |             ^^^^^^^^^^^^^^^^^^^^^^^^^^^^^^^^^^^^^^^^^^^^^^^^^^^^^^^^^^^^^^^^^^^^^^^

warning: unused imports: `azure::AzureFileSystem`, `gcs::GcsFileSystem`, and `s3::S3FileSystem`
   --> src/storage/persistence/filesystem/tests/fsync_tests.rs:180:51
    |
180 |     use crate::storage::persistence::filesystem::{s3::S3FileSystem, azure::AzureFileSystem, gcs::GcsFileSystem};
    |                                                   ^^^^^^^^^^^^^^^^  ^^^^^^^^^^^^^^^^^^^^^^  ^^^^^^^^^^^^^^^^^^

warning: unused import: `crate::core::VectorRecord`
  --> src/storage/persistence/write_buffer/compaction_axis_integration_tests.rs:13:9
   |
13 |     use crate::core::VectorRecord;
   |         ^^^^^^^^^^^^^^^^^^^^^^^^^

warning: unused imports: `AxisVectorIndex`, `IndexAlgorithm`, and `IndexStats`
  --> src/storage/persistence/write_buffer/compaction_axis_integration_tests.rs:14:30
   |
14 |     use crate::index::axis::{AxisVectorIndex, IndexAlgorithm, IndexStats};
   |                              ^^^^^^^^^^^^^^^  ^^^^^^^^^^^^^^  ^^^^^^^^^^

warning: unused import: `std::sync::Arc`
  --> src/storage/persistence/write_buffer/compaction_axis_integration_tests.rs:18:9
   |
18 |     use std::sync::Arc;
   |         ^^^^^^^^^^^^^^

warning: unused import: `tokio::sync::RwLock`
  --> src/storage/persistence/write_buffer/compaction_axis_integration_tests.rs:19:9
   |
19 |     use tokio::sync::RwLock;
   |         ^^^^^^^^^^^^^^^^^^^

warning: unused import: `anyhow::Result`
  --> src/storage/persistence/write_buffer/tests/bincode_serialization_tests.rs:10:5
   |
10 | use anyhow::Result;
   |     ^^^^^^^^^^^^^^

warning: unused import: `anyhow::Result`
  --> src/storage/persistence/write_buffer/tests/proto_serialization_tests.rs:10:5
   |
10 | use anyhow::Result;
   |     ^^^^^^^^^^^^^^

warning: unused import: `crate::compute::distance::DistanceMetric`
  --> src/storage/persistence/write_buffer/tests/proto_serialization_tests.rs:18:5
   |
18 | use crate::compute::distance::DistanceMetric;
   |     ^^^^^^^^^^^^^^^^^^^^^^^^^^^^^^^^^^^^^^^^

warning: unused import: `WriteBufferOperation`
  --> src/storage/persistence/write_buffer/batch_strategy_tests.rs:19:90
   |
19 |     use crate::storage::persistence::write_buffer::{WriteBufferConfig, WriteBufferStats, WriteBufferOperation};
   |                                                                                          ^^^^^^^^^^^^^^^^^^^^

warning: unused import: `crate::storage::persistence::filesystem::FilesystemFactory`
  --> src/storage/metadata/atomic_tests.rs:14:9
   |
14 |     use crate::storage::persistence::filesystem::FilesystemFactory;
   |         ^^^^^^^^^^^^^^^^^^^^^^^^^^^^^^^^^^^^^^^^^^^^^^^^^^^^^^^^^^

warning: unused import: `anyhow`
  --> src/storage/metadata/atomic_tests.rs:15:18
   |
15 |     use anyhow::{anyhow, Result};
   |                  ^^^^^^

warning: unused import: `DateTime`
  --> src/storage/metadata/atomic_tests.rs:17:18
   |
17 |     use chrono::{DateTime, Utc};
   |                  ^^^^^^^^

warning: unused import: `tempfile::TempDir`
  --> src/storage/tests/atomic_coordinator_tests.rs:11:5
   |
11 | use tempfile::TempDir;
   |     ^^^^^^^^^^^^^^^^^

warning: unused import: `crate::storage::assignment_service::UnifiedAssignment`
  --> src/storage/tests/atomic_write_tests.rs:20:5
   |
20 | use crate::storage::assignment_service::UnifiedAssignment;
   |     ^^^^^^^^^^^^^^^^^^^^^^^^^^^^^^^^^^^^^^^^^^^^^^^^^^^^^

warning: unused import: `VectorId`
  --> src/storage/tests/atomic_write_tests.rs:23:19
   |
23 | use crate::core::{VectorId, VectorRecord};
   |                   ^^^^^^^^

warning: unused import: `MetadataBloomFilter`
  --> src/storage/engines/sst/readers/tests/unified_sstable_reader_tests.rs:11:9
   |
11 |         MetadataBloomFilter,
   |         ^^^^^^^^^^^^^^^^^^^

warning: unused import: `super::super`
 --> src/storage/engines/sst/bloom_filter_tests.rs:5:9
  |
5 |     use super::super::*;
  |         ^^^^^^^^^^^^

warning: unused import: `Array`
  --> src/storage/engines/viper/readers/tests/unified_parquet_reader_tests.rs:20:23
   |
20 |     use arrow_array::{Array, RecordBatch, StringArray, Int64Array, Float32Array};
   |                       ^^^^^

warning: unused variable: `memory_before`
   --> src/compute/tests/algorithms_tests.rs:190:13
    |
190 |         let memory_before = index.memory_usage();
    |             ^^^^^^^^^^^^^ help: if this is intentional, prefix it with an underscore: `_memory_before`

warning: unused variable: `query`
   --> src/core/metadata_query.rs:513:13
    |
513 |         let query = MetadataQuery::Field(FieldQuery {
    |             ^^^^^ help: if this is intentional, prefix it with an underscore: `_query`

warning: unused variable: `modified_query`
   --> src/core/metadata_query.rs:519:13
    |
519 |         let modified_query = MetadataQuery::Field(FieldQuery {
    |             ^^^^^^^^^^^^^^ help: if this is intentional, prefix it with an underscore: `_modified_query`

warning: unused variable: `data`
   --> src/core/serialization/fixed_length.rs:472:13
    |
472 |         let data = vec![1.0, 2.0, 3.0, 4.0];
    |             ^^^^ help: if this is intentional, prefix it with an underscore: `_data`

warning: unused variable: `i`
   --> src/core/serialization/streaming.rs:616:13
    |
616 |         for i in 0..10 {
    |             ^ help: if this is intentional, prefix it with an underscore: `_i`

warning: unused variable: `name`
   --> src/handlers/unified_handlers_tests.rs:409:18
    |
409 |         for (op, name) in operations {
    |                  ^^^^ help: if this is intentional, prefix it with an underscore: `_name`

warning: unreachable pattern
   --> src/query/sql_engine/comprehensive_sql_tests.rs:655:21
    |
655 |                     _ => "Unknown",
    |                     ^ no value can reach this
    |
note: multiple earlier patterns match some of the same values
   --> src/query/sql_engine/comprehensive_sql_tests.rs:655:21
    |
645 |                     PlatformCapability::X86Avx512 => "AVX512",
    |                     ----------------------------- matches some of the same values
646 |                     #[cfg(target_arch = "x86_64")]
647 |                     PlatformCapability::X86Avx2 => "AVX2",
    |                     --------------------------- matches some of the same values
648 |                     #[cfg(target_arch = "x86_64")]
649 |                     PlatformCapability::X86Avx => "AVX",
    |                     -------------------------- matches some of the same values
650 |                     #[cfg(target_arch = "x86_64")]
651 |                     PlatformCapability::X86Sse2 => "SSE2",
    |                     --------------------------- matches some of the same values
...
655 |                     _ => "Unknown",
    |                     ^ ...and 1 other patterns collectively make this unreachable
    = note: `#[warn(unreachable_patterns)]` on by default

warning: unused variable: `engine_type`
   --> src/query/sql_engine/comprehensive_sql_tests.rs:606:27
    |
606 |         for (engine_name, engine_type) in test_engines {
    |                           ^^^^^^^^^^^ help: if this is intentional, prefix it with an underscore: `_engine_type`

warning: unused variable: `execution_plan`
   --> src/query/sql_engine/comprehensive_sql_tests.rs:747:17
    |
747 |             let execution_plan = planner.create_plan(parsed_query)?;
    |                 ^^^^^^^^^^^^^^ help: if this is intentional, prefix it with an underscore: `_execution_plan`

warning: value assigned to `test_success` is never read
   --> src/query/sql_engine/comprehensive_sql_tests.rs:860:29
    |
860 | ...                   test_success = false;
    |                       ^^^^^^^^^^^^
    |
    = help: maybe it is overwritten before being read?
    = note: `#[warn(unused_assignments)]` on by default

warning: variable `raw_result` is assigned to, but never used
   --> src/services/comprehensive_search_tests.rs:355:21
    |
355 |             let mut raw_result = None;
    |                     ^^^^^^^^^^
    |
    = note: consider using `_raw_result` instead

warning: variable `normalized_result` is assigned to, but never used
   --> src/services/comprehensive_search_tests.rs:356:21
    |
356 |             let mut normalized_result = None;
    |                     ^^^^^^^^^^^^^^^^^
    |
    = note: consider using `_normalized_result` instead

warning: variable `rank_result` is assigned to, but never used
   --> src/services/comprehensive_search_tests.rs:357:21
    |
357 |             let mut rank_result = None;
    |                     ^^^^^^^^^^^
    |
    = note: consider using `_rank_result` instead

warning: value assigned to `raw_result` is never read
   --> src/services/comprehensive_search_tests.rs:378:42
    |
378 |                     DistanceMode::Raw => raw_result = Some(result),
    |                                          ^^^^^^^^^^
    |
    = help: maybe it is overwritten before being read?

warning: value assigned to `normalized_result` is never read
   --> src/services/comprehensive_search_tests.rs:379:49
    |
379 |                     DistanceMode::Normalized => normalized_result = Some(result),
    |                                                 ^^^^^^^^^^^^^^^^^
    |
    = help: maybe it is overwritten before being read?

warning: value assigned to `rank_result` is never read
   --> src/services/comprehensive_search_tests.rs:380:52
    |
380 |                     DistanceMode::RankOptimized => rank_result = Some(result),
    |                                                    ^^^^^^^^^^^
    |
    = help: maybe it is overwritten before being read?

warning: unused variable: `quantization_engine`
   --> src/services/comprehensive_search_tests.rs:416:13
    |
416 |         let quantization_engine = Arc::new(UnifiedQuantizationEngine::new(distance_compute.clone(), codebook_store));
    |             ^^^^^^^^^^^^^^^^^^^ help: if this is intentional, prefix it with an underscore: `_quantization_engine`

warning: unused variable: `context`
   --> src/services/comprehensive_search_tests.rs:420:17
    |
420 |             let context = create_test_context("test_viper_collection", TestEngineType::Viper);
    |                 ^^^^^^^ help: if this is intentional, prefix it with an underscore: `_context`

warning: unused variable: `search_params`
   --> src/services/comprehensive_search_tests.rs:422:17
    |
422 |             let search_params = SearchParams {
    |                 ^^^^^^^^^^^^^ help: if this is intentional, prefix it with an underscore: `_search_params`

warning: unused variable: `quantization_engine`
   --> src/services/comprehensive_search_tests.rs:473:13
    |
473 |         let quantization_engine = Arc::new(UnifiedQuantizationEngine::new(distance_compute.clone(), codebook_store));
    |             ^^^^^^^^^^^^^^^^^^^ help: if this is intentional, prefix it with an underscore: `_quantization_engine`

warning: unused variable: `context`
   --> src/services/comprehensive_search_tests.rs:477:17
    |
477 |             let context = create_test_context("test_lsm_collection", TestEngineType::Lsm);
    |                 ^^^^^^^ help: if this is intentional, prefix it with an underscore: `_context`

warning: unused variable: `search_params`
   --> src/services/comprehensive_search_tests.rs:479:17
    |
479 |             let search_params = SearchParams {
    |                 ^^^^^^^^^^^^^ help: if this is intentional, prefix it with an underscore: `_search_params`

warning: unused variable: `service`
   --> src/services/direct_vector_service_tests.rs:430:14
    |
430 |         let (service, _temp_dir) = create_test_service().await;
    |              ^^^^^^^ help: if this is intentional, prefix it with an underscore: `_service`

warning: unused variable: `vector_record`
   --> src/services/direct_vector_service_tests.rs:432:13
    |
432 |         let vector_record = create_test_vector_record(
    |             ^^^^^^^^^^^^^ help: if this is intentional, prefix it with an underscore: `_vector_record`

warning: unused variable: `config`
  --> src/storage/engines/sst/compaction_vector_tracking_tests.rs:61:13
   |
61 |         let config = create_test_config();
   |             ^^^^^^ help: if this is intentional, prefix it with an underscore: `_config`

warning: unused variable: `task`
  --> src/storage/engines/sst/compaction_vector_tracking_tests.rs:64:13
   |
64 |         let task = CompactionTask {
   |             ^^^^ help: if this is intentional, prefix it with an underscore: `_task`

warning: unused variable: `temp_dir`
   --> src/storage/engines/sst/compaction_vector_tracking_tests.rs:242:13
    |
242 |         let temp_dir = TempDir::new().unwrap();
    |             ^^^^^^^^ help: if this is intentional, prefix it with an underscore: `_temp_dir`

warning: unused variable: `params`
   --> src/storage/engines/sst/compaction_vector_tracking_tests.rs:248:13
    |
248 |         let params = crate::storage::traits::CompactionParameters {
    |             ^^^^^^ help: if this is intentional, prefix it with an underscore: `_params`

warning: unused variable: `reader`
  --> src/storage/engines/sst/readers/tests/unified_sstable_reader_tests.rs:52:13
   |
52 |         let reader = create_test_reader().await;
   |             ^^^^^^ help: if this is intentional, prefix it with an underscore: `_reader`

warning: unused variable: `collection_id`
  --> src/storage/engines/sst/readers/tests/unified_sstable_reader_edge_tests.rs:39:28
   |
39 |     fn create_test_context(collection_id: &str, file_paths: Vec<String>) -> CollectionContext {
   |                            ^^^^^^^^^^^^^ help: if this is intentional, prefix it with an underscore: `_collection_id`

warning: unused variable: `reader`
  --> src/storage/engines/sst/readers/tests/unified_sstable_reader_edge_tests.rs:77:13
   |
77 |         let reader = create_test_reader().await;
   |             ^^^^^^ help: if this is intentional, prefix it with an underscore: `_reader`

warning: unused variable: `reader`
   --> src/storage/engines/sst/readers/tests/unified_sstable_reader_edge_tests.rs:103:13
    |
103 |         let reader = create_test_reader().await;
    |             ^^^^^^ help: if this is intentional, prefix it with an underscore: `_reader`

warning: unused variable: `context`
   --> src/storage/engines/sst/readers/tests/unified_sstable_reader_edge_tests.rs:104:13
    |
104 |         let context = create_test_context("test", vec!["test.sst".to_string()]);
    |             ^^^^^^^ help: if this is intentional, prefix it with an underscore: `_context`

warning: unused variable: `reader`
   --> src/storage/engines/sst/readers/tests/unified_sstable_reader_edge_tests.rs:138:13
    |
138 |         let reader = create_test_reader().await;
    |             ^^^^^^ help: if this is intentional, prefix it with an underscore: `_reader`

warning: unused variable: `reader`
   --> src/storage/engines/sst/readers/tests/unified_sstable_reader_edge_tests.rs:201:13
    |
201 |         let reader = create_test_reader().await;
    |             ^^^^^^ help: if this is intentional, prefix it with an underscore: `_reader`

warning: unused variable: `reader`
   --> src/storage/engines/sst/readers/tests/unified_sstable_reader_edge_tests.rs:252:13
    |
252 |         let reader = create_test_reader().await;
    |             ^^^^^^ help: if this is intentional, prefix it with an underscore: `_reader`

warning: unused variable: `reader`
   --> src/storage/engines/sst/readers/tests/unified_sstable_reader_edge_tests.rs:309:13
    |
309 |         let reader = create_test_reader().await;
    |             ^^^^^^ help: if this is intentional, prefix it with an underscore: `_reader`

warning: unused variable: `reader`
   --> src/storage/engines/sst/readers/tests/unified_sstable_reader_edge_tests.rs:366:13
    |
366 |         let reader = create_test_reader().await;
    |             ^^^^^^ help: if this is intentional, prefix it with an underscore: `_reader`

warning: unused variable: `reader`
   --> src/storage/engines/sst/readers/tests/unified_sstable_reader_edge_tests.rs:427:13
    |
427 |         let reader = create_test_reader().await;
    |             ^^^^^^ help: if this is intentional, prefix it with an underscore: `_reader`

warning: unused variable: `reader`
   --> src/storage/engines/sst/readers/tests/unified_sstable_reader_edge_tests.rs:475:13
    |
475 |         let reader = create_test_reader().await;
    |             ^^^^^^ help: if this is intentional, prefix it with an underscore: `_reader`

warning: unused variable: `reader`
   --> src/storage/engines/sst/readers/tests/unified_sstable_reader_edge_tests.rs:533:13
    |
533 |         let reader = create_test_reader().await;
    |             ^^^^^^ help: if this is intentional, prefix it with an underscore: `_reader`

warning: unused variable: `reader`
   --> src/storage/engines/sst/readers/tests/unified_sstable_reader_edge_tests.rs:582:13
    |
582 |         let reader = create_test_reader().await;
    |             ^^^^^^ help: if this is intentional, prefix it with an underscore: `_reader`

warning: unused variable: `reader`
   --> src/storage/engines/sst/readers/tests/unified_sstable_reader_edge_tests.rs:683:13
    |
683 |         let reader = create_test_reader().await;
    |             ^^^^^^ help: if this is intentional, prefix it with an underscore: `_reader`

warning: unused variable: `reader`
   --> src/storage/engines/sst/readers/tests/unified_sstable_reader_edge_tests.rs:790:13
    |
790 |         let reader = create_test_reader().await;
    |             ^^^^^^ help: if this is intentional, prefix it with an underscore: `_reader`

warning: unused variable: `reader`
   --> src/storage/engines/sst/readers/tests/unified_sstable_reader_edge_tests.rs:875:13
    |
875 |         let reader = create_test_reader().await;
    |             ^^^^^^ help: if this is intentional, prefix it with an underscore: `_reader`

warning: unused variable: `reader`
   --> src/storage/engines/sst/readers/tests/unified_sstable_reader_edge_tests.rs:916:13
    |
916 |         let reader = create_test_reader().await;
    |             ^^^^^^ help: if this is intentional, prefix it with an underscore: `_reader`

warning: unused variable: `min_val`
   --> src/storage/engines/sst/readers/tests/unified_sstable_reader_edge_tests.rs:965:26
    |
965 |                     let (min_val, max_val, null_cnt, distinct_cnt) = (min, max, null_count, distinct_count);
    |                          ^^^^^^^ help: if this is intentional, prefix it with an underscore: `_min_val`

warning: unused variable: `max_val`
   --> src/storage/engines/sst/readers/tests/unified_sstable_reader_edge_tests.rs:965:35
    |
965 |                     let (min_val, max_val, null_cnt, distinct_cnt) = (min, max, null_count, distinct_count);
    |                                   ^^^^^^^ help: if this is intentional, prefix it with an underscore: `_max_val`

warning: unused variable: `null_cnt`
   --> src/storage/engines/sst/readers/tests/unified_sstable_reader_edge_tests.rs:965:44
    |
965 |                     let (min_val, max_val, null_cnt, distinct_cnt) = (min, max, null_count, distinct_count);
    |                                            ^^^^^^^^ help: if this is intentional, prefix it with an underscore: `_null_cnt`

warning: unused variable: `min_val`
   --> src/storage/engines/sst/readers/tests/unified_sstable_reader_edge_tests.rs:969:26
    |
969 |                     let (min_val, max_val, null_cnt, distinct_cnt) = (min, max, null_count, distinct_count);
    |                          ^^^^^^^ help: if this is intentional, prefix it with an underscore: `_min_val`

warning: unused variable: `max_val`
   --> src/storage/engines/sst/readers/tests/unified_sstable_reader_edge_tests.rs:969:35
    |
969 |                     let (min_val, max_val, null_cnt, distinct_cnt) = (min, max, null_count, distinct_count);
    |                                   ^^^^^^^ help: if this is intentional, prefix it with an underscore: `_max_val`

warning: unused variable: `null_cnt`
   --> src/storage/engines/sst/readers/tests/unified_sstable_reader_edge_tests.rs:969:44
    |
969 |                     let (min_val, max_val, null_cnt, distinct_cnt) = (min, max, null_count, distinct_count);
    |                                            ^^^^^^^^ help: if this is intentional, prefix it with an underscore: `_null_cnt`

warning: unused variable: `min_val`
   --> src/storage/engines/sst/readers/tests/unified_sstable_reader_edge_tests.rs:973:26
    |
973 |                     let (min_val, max_val, null_cnt, distinct_cnt) = (min, max, null_count, distinct_count);
    |                          ^^^^^^^ help: if this is intentional, prefix it with an underscore: `_min_val`

warning: unused variable: `max_val`
   --> src/storage/engines/sst/readers/tests/unified_sstable_reader_edge_tests.rs:973:35
    |
973 |                     let (min_val, max_val, null_cnt, distinct_cnt) = (min, max, null_count, distinct_count);
    |                                   ^^^^^^^ help: if this is intentional, prefix it with an underscore: `_max_val`

warning: unused variable: `null_cnt`
   --> src/storage/engines/sst/readers/tests/unified_sstable_reader_edge_tests.rs:973:44
    |
973 |                     let (min_val, max_val, null_cnt, distinct_cnt) = (min, max, null_count, distinct_count);
    |                                            ^^^^^^^^ help: if this is intentional, prefix it with an underscore: `_null_cnt`

warning: unused variable: `temp_path`
  --> src/storage/engines/sst/readers/tests/test_metadata_filtering_fixed.rs:43:9
   |
43 |     let temp_path = temp_dir.path();
   |         ^^^^^^^^^ help: if this is intentional, prefix it with an underscore: `_temp_path`

warning: unused variable: `filesystem`
  --> src/storage/engines/sst/readers/tests/test_metadata_filtering_fixed.rs:45:9
   |
45 |     let filesystem = Arc::new(FilesystemFactory::new(config).await.unwrap());
   |         ^^^^^^^^^^ help: if this is intentional, prefix it with an underscore: `_filesystem`

warning: unused variable: `temp_file`
   --> src/storage/engines/sst/sstable_writer.rs:388:13
    |
388 |         let temp_file = NamedTempFile::new().unwrap();
    |             ^^^^^^^^^ help: if this is intentional, prefix it with an underscore: `_temp_file`

warning: unused variable: `sequence`
  --> src/storage/engines/sst/compaction_coverage_tests.rs:25:44
   |
25 |     fn create_test_vector_record(id: &str, sequence: u64, timestamp: i64) -> VectorRecord {
   |                                            ^^^^^^^^ help: if this is intentional, prefix it with an underscore: `_sequence`

warning: unused variable: `reader`
  --> src/storage/engines/viper/readers/tests/unified_parquet_reader_tests.rs:47:13
   |
47 |         let reader = create_test_reader().await;
   |             ^^^^^^ help: if this is intentional, prefix it with an underscore: `_reader`

warning: unused variable: `reader`
  --> src/storage/engines/viper/readers/tests/unified_parquet_reader_tests.rs:54:13
   |
54 |         let reader = create_test_reader().await;
   |             ^^^^^^ help: if this is intentional, prefix it with an underscore: `_reader`

warning: unused variable: `context`
  --> src/storage/engines/viper/readers/tests/unified_parquet_reader_tests.rs:55:13
   |
55 |         let context = create_test_context();
   |             ^^^^^^^ help: if this is intentional, prefix it with an underscore: `_context`

warning: unused variable: `reader`
  --> src/storage/engines/viper/readers/tests/unified_parquet_reader_tests.rs:71:13
   |
71 |         let reader = create_test_reader().await;
   |             ^^^^^^ help: if this is intentional, prefix it with an underscore: `_reader`

warning: unused variable: `context`
  --> src/storage/engines/viper/readers/tests/unified_parquet_reader_tests.rs:72:13
   |
72 |         let context = create_test_context();
   |             ^^^^^^^ help: if this is intentional, prefix it with an underscore: `_context`

warning: unused variable: `reader`
  --> src/storage/engines/viper/readers/tests/unified_parquet_reader_tests.rs:92:13
   |
92 |         let reader = create_test_reader().await;
   |             ^^^^^^ help: if this is intentional, prefix it with an underscore: `_reader`

warning: unused variable: `params`
  --> src/storage/engines/viper/readers/tests/unified_parquet_reader_tests.rs:96:13
   |
96 |         let params = SearchParams {
   |             ^^^^^^ help: if this is intentional, prefix it with an underscore: `_params`

warning: unused variable: `evaluator`
   --> src/storage/engines/viper/optimized_column_filter.rs:412:17
    |
412 |         let mut evaluator = VIPERColumnFilterEvaluator::new();
    |                 ^^^^^^^^^ help: if this is intentional, prefix it with an underscore: `_evaluator`

warning: unused variable: `filter`
   --> src/storage/engines/viper/optimized_column_filter.rs:415:13
    |
415 |         let filter = FilterExpression::Comparison {
    |             ^^^^^^ help: if this is intentional, prefix it with an underscore: `_filter`

warning: variable does not need to be mutable
   --> src/storage/engines/viper/optimized_column_filter.rs:412:13
    |
412 |         let mut evaluator = VIPERColumnFilterEvaluator::new();
    |             ----^^^^^^^^^
    |             |
    |             help: remove this `mut`

warning: unused variable: `evaluator`
   --> src/storage/engines/viper/optimized_column_filter.rs:429:17
    |
429 |         let mut evaluator = VIPERColumnFilterEvaluator::new();
    |                 ^^^^^^^^^ help: if this is intentional, prefix it with an underscore: `_evaluator`

warning: unused variable: `filter`
   --> src/storage/engines/viper/optimized_column_filter.rs:432:13
    |
432 |         let filter = FilterExpression::And(vec![
    |             ^^^^^^ help: if this is intentional, prefix it with an underscore: `_filter`

warning: variable does not need to be mutable
   --> src/storage/engines/viper/optimized_column_filter.rs:429:13
    |
429 |         let mut evaluator = VIPERColumnFilterEvaluator::new();
    |             ----^^^^^^^^^
    |             |
    |             help: remove this `mut`

warning: unused variable: `props`
   --> src/storage/engines/viper/optimized_vector_writer.rs:551:13
    |
551 |         let props = writer.create_writer_properties().unwrap();
    |             ^^^^^ help: if this is intentional, prefix it with an underscore: `_props`

warning: unused variable: `i`
   --> src/storage/engines/viper/tests/test_data_generator.rs:308:47
    |
308 |             (0..self.config.num_vectors).map(|i| {
    |                                               ^ help: if this is intentional, prefix it with an underscore: `_i`

warning: unused variable: `pq8_codes`
   --> src/storage/engines/viper/tests/test_data_generator.rs:554:13
    |
554 |         let pq8_codes = generator.generate_pq_codes(&vectors, 8);
    |             ^^^^^^^^^ help: if this is intentional, prefix it with an underscore: `_pq8_codes`

warning: unused variable: `idx`
   --> src/storage/engines/viper/tests/test_data_generator.rs:589:14
    |
589 |         for (idx, binary_vector) in binary_codes.iter().enumerate() {
    |              ^^^ help: if this is intentional, prefix it with an underscore: `_idx`

warning: unused variable: `binary_sparse`
   --> src/storage/engines/viper/tests/test_data_generator.rs:632:17
    |
632 |             let binary_sparse = generator.generate_binary_codes(&sparse_vectors);
    |                 ^^^^^^^^^^^^^ help: if this is intentional, prefix it with an underscore: `_binary_sparse`

warning: unused variable: `gzip_path`
   --> src/storage/engines/viper/tests/test_data_generator.rs:937:13
    |
937 |         let gzip_path = temp_dir.path().join("sparse_gzip.parquet");
    |             ^^^^^^^^^ help: if this is intentional, prefix it with an underscore: `_gzip_path`

warning: unused variable: `custom_vectors`
    --> src/storage/engines/viper/tests/test_data_generator.rs:1010:17
     |
1010 |             let custom_vectors: Vec<Vec<f32>> = (0..500)
     |                 ^^^^^^^^^^^^^^ help: if this is intentional, prefix it with an underscore: `_custom_vectors`

warning: unused variable: `config`
  --> src/storage/engines/viper/tests/engine_tests.rs:82:9
   |
82 |     let config = create_test_config(temp_dir.path().to_str().unwrap());
   |         ^^^^^^ help: if this is intentional, prefix it with an underscore: `_config`

warning: unused variable: `config`
  --> src/storage/engines/viper/tests/engine_tests.rs:94:9
   |
94 |     let config = create_test_config(temp_dir.path().to_str().unwrap());
   |         ^^^^^^ help: if this is intentional, prefix it with an underscore: `_config`

warning: unused variable: `config`
   --> src/storage/engines/viper/tests/engine_tests.rs:154:9
    |
154 |     let config = create_test_config(temp_dir.path().to_str().unwrap());
    |         ^^^^^^ help: if this is intentional, prefix it with an underscore: `_config`

warning: unused variable: `config`
   --> src/storage/engines/viper/tests/engine_tests.rs:196:9
    |
196 |     let config = create_test_config(temp_dir.path().to_str().unwrap());
    |         ^^^^^^ help: if this is intentional, prefix it with an underscore: `_config`

warning: unused variable: `config`
   --> src/storage/engines/viper/tests/engine_tests.rs:258:9
    |
258 |     let config = create_test_config(temp_dir.path().to_str().unwrap());
    |         ^^^^^^ help: if this is intentional, prefix it with an underscore: `_config`

warning: unused variable: `config`
   --> src/storage/engines/viper/tests/engine_tests.rs:296:9
    |
296 |     let config = create_test_config(temp_dir.path().to_str().unwrap());
    |         ^^^^^^ help: if this is intentional, prefix it with an underscore: `_config`

warning: unused variable: `config`
   --> src/storage/engines/viper/tests/engine_tests.rs:357:9
    |
357 |     let config = create_test_config(base_path);
    |         ^^^^^^ help: if this is intentional, prefix it with an underscore: `_config`

warning: unused variable: `config`
   --> src/storage/engines/viper/tests/engine_tests.rs:420:9
    |
420 |     let config = create_test_config(base_path);
    |         ^^^^^^ help: if this is intentional, prefix it with an underscore: `_config`

warning: unused variable: `config`
   --> src/storage/engines/viper/tests/engine_tests.rs:482:9
    |
482 |     let config = create_test_config(temp_dir.path().to_str().unwrap());
    |         ^^^^^^ help: if this is intentional, prefix it with an underscore: `_config`

warning: variable does not need to be mutable
   --> src/storage/engines/viper/tests/engine_tests.rs:619:36
    |
619 | ...                   Ok(mut reader) => {
    |                          ----^^^^^^
    |                          |
    |                          help: remove this `mut`

warning: unused variable: `config`
   --> src/storage/engines/viper/tests/engine_tests.rs:765:9
    |
765 |     let config = create_test_config(temp_dir.path().to_str().unwrap());
    |         ^^^^^^ help: if this is intentional, prefix it with an underscore: `_config`

warning: unused variable: `config`
  --> src/storage/engines/viper/tests/compaction_tests.rs:83:9
   |
83 |     let config = create_compaction_config(temp_dir.path().to_str().unwrap());
   |         ^^^^^^ help: if this is intentional, prefix it with an underscore: `_config`

warning: unused variable: `config`
   --> src/storage/engines/viper/tests/compaction_tests.rs:207:9
    |
207 |     let config = create_compaction_config(temp_dir.path().to_str().unwrap());
    |         ^^^^^^ help: if this is intentional, prefix it with an underscore: `_config`

warning: unused variable: `config`
   --> src/storage/engines/viper/tests/compaction_tests.rs:429:9
    |
429 |     let config = create_compaction_config(temp_dir.path().to_str().unwrap());
    |         ^^^^^^ help: if this is intentional, prefix it with an underscore: `_config`

warning: unused variable: `config`
   --> src/storage/engines/viper/tests/compaction_tests.rs:570:9
    |
570 |     let config = create_compaction_config(temp_dir.path().to_str().unwrap());
    |         ^^^^^^ help: if this is intentional, prefix it with an underscore: `_config`

warning: unused variable: `config`
   --> src/storage/engines/viper/tests/compaction_tests.rs:664:9
    |
664 |     let config = create_compaction_config(temp_dir.path().to_str().unwrap());
    |         ^^^^^^ help: if this is intentional, prefix it with an underscore: `_config`

warning: unused variable: `config`
   --> src/storage/engines/viper/tests/compaction_tests.rs:765:9
    |
765 |     let config = create_compaction_config(temp_dir.path().to_str().unwrap());
    |         ^^^^^^ help: if this is intentional, prefix it with an underscore: `_config`

warning: unused variable: `config`
   --> src/storage/engines/viper/tests/compaction_tests.rs:831:9
    |
831 |     let config = create_compaction_config(temp_dir.path().to_str().unwrap());
    |         ^^^^^^ help: if this is intentional, prefix it with an underscore: `_config`

warning: unused variable: `config`
   --> src/storage/engines/viper/tests/compaction_tests.rs:904:9
    |
904 |     let config = create_compaction_config(temp_dir.path().to_str().unwrap());
    |         ^^^^^^ help: if this is intentional, prefix it with an underscore: `_config`

warning: value assigned to `counter` is never read
   --> src/storage/persistence/write_buffer/compact_batch_id.rs:104:17
    |
104 |         let mut counter = 0;
    |                 ^^^^^^^
    |
    = help: maybe it is overwritten before being read?

warning: unused variable: `flush_coordinator`
   --> src/storage/persistence/write_buffer/recovery_manager.rs:704:28
    |
704 |         let (disk_manager, flush_coordinator, mut recovery_manager, temp_dir) = create_test_managers().await;
    |                            ^^^^^^^^^^^^^^^^^ help: if this is intentional, prefix it with an underscore: `_flush_coordinator`

warning: variable does not need to be mutable
   --> src/storage/persistence/write_buffer/recovery_manager.rs:704:47
    |
704 |         let (disk_manager, flush_coordinator, mut recovery_manager, temp_dir) = create_test_managers().await;
    |                                               ----^^^^^^^^^^^^^^^^
    |                                               |
    |                                               help: remove this `mut`

warning: unused variable: `result2`
   --> src/storage/persistence/write_buffer/flush_result_optimization.rs:401:13
    |
401 |         let result2 = coordinator
    |             ^^^^^^^ help: if this is intentional, prefix it with an underscore: `_result2`

warning: unused variable: `collection_id`
  --> src/storage/persistence/write_buffer/tests/batch_strategy_tests.rs:91:30
   |
91 |     fn create_test_wal_batch(collection_id: &str, vectors: Vec<VectorRecord>) -> WriteBufferVectorBatch {
   |                              ^^^^^^^^^^^^^ help: if this is intentional, prefix it with an underscore: `_collection_id`

warning: unused variable: `sequences`
   --> src/storage/persistence/write_buffer/tests/batch_strategy_tests.rs:478:13
    |
478 |         let sequences = strategy.write_native_batch(batch, collection_id)
    |             ^^^^^^^^^ help: if this is intentional, prefix it with an underscore: `_sequences`

warning: variable does not need to be mutable
   --> src/storage/persistence/write_buffer/tests/bincode_serialization_tests.rs:194:9
    |
194 |     let mut exact_vec = create_test_vector("exact_match", 128, 1.0);
    |         ----^^^^^^^^^
    |         |
    |         help: remove this `mut`

warning: unused variable: `recommendation`
   --> src/storage/memtable/implementations/dashmap.rs:506:13
    |
506 |         let recommendation = memtable.tune_for_workload(WorkloadPattern::ReadHeavy).await;
    |             ^^^^^^^^^^^^^^ help: if this is intentional, prefix it with an underscore: `_recommendation`

warning: unused variable: `collection_id`
   --> src/storage/memtable/implementations/tests/global_partitioned_tests.rs:340:33
    |
340 | fn create_test_vector(id: &str, collection_id: &str, vector: Vec<f32>) -> VectorRecord {
    |                                 ^^^^^^^^^^^^^ help: if this is intentional, prefix it with an underscore: `_collection_id`

warning: unused variable: `end_sequence`
  --> src/storage/memtable/implementations/tests/three_layer_mvcc_tests.rs:42:9
   |
42 |     let end_sequence = if vector_count > 0 {
   |         ^^^^^^^^^^^^ help: if this is intentional, prefix it with an underscore: `_end_sequence`

warning: unused variable: `collection_id`
  --> src/storage/memtable/implementations/tests/three_layer_mvcc_tests.rs:37:5
   |
37 |     collection_id: &str,
   |     ^^^^^^^^^^^^^ help: if this is intentional, prefix it with an underscore: `_collection_id`

warning: unused variable: `should_compact`
   --> src/storage/memtable/specialized/lsm_behavior.rs:661:13
    |
661 |         let should_compact = lsm_wrapper.should_compact().await;
    |             ^^^^^^^^^^^^^^ help: if this is intentional, prefix it with an underscore: `_should_compact`

warning: unused variable: `not_present`
   --> src/storage/memtable/specialized/lsm_behavior.rs:692:13
    |
692 |         let not_present = bloom.contains("nonexistent_key");
    |             ^^^^^^^^^^^ help: if this is intentional, prefix it with an underscore: `_not_present`

warning: unused variable: `final_path`
  --> src/storage/tests/atomic_write_tests.rs:77:9
   |
77 |     let final_path = format!("{}/test_data.bin", storage_url);
   |         ^^^^^^^^^^ help: if this is intentional, prefix it with an underscore: `_final_path`

warning: fields `metadata` and `collection_id` are never read
  --> src/query/sql_engine/comprehensive_sql_tests.rs:48:9
   |
45 |     struct SqlTestVector {
   |            ------------- fields in this struct
...
48 |         metadata: HashMap<String, Value>,
   |         ^^^^^^^^
49 |         in_wal: bool,
50 |         collection_id: String,
   |         ^^^^^^^^^^^^^
   |
   = note: `SqlTestVector` has derived impls for the traits `Clone` and `Debug`, but these are intentionally ignored during dead code analysis

warning: fields `expected_min_results`, `should_use_hardware_acceleration`, and `test_engines` are never read
  --> src/query/sql_engine/comprehensive_sql_tests.rs:59:9
   |
55 |     struct SqlTestCase {
   |            ----------- fields in this struct
...
59 |         expected_min_results: usize,
   |         ^^^^^^^^^^^^^^^^^^^^
60 |         should_use_hardware_acceleration: bool,
   |         ^^^^^^^^^^^^^^^^^^^^^^^^^^^^^^^^
61 |         test_engines: Vec<String>, // LSM, VIPER, or both
   |         ^^^^^^^^^^^^
   |
   = note: `SqlTestCase` has derived impls for the traits `Clone` and `Debug`, but these are intentionally ignored during dead code analysis

warning: variant `Both` is never constructed
  --> src/query/sql_engine/comprehensive_sql_tests.rs:69:9
   |
66 |     enum SqlTestEngine {
   |          ------------- variant in this enum
...
69 |         Both,
   |         ^^^^
   |
   = note: `SqlTestEngine` has derived impls for the traits `Clone` and `Debug`, but these are intentionally ignored during dead code analysis

warning: fields `expected_min_results` and `test_wal_integration` are never read
  --> src/services/comprehensive_search_tests.rs:60:9
   |
54 |     struct SearchTestCase {
   |            -------------- fields in this struct
...
60 |         expected_min_results: usize,
   |         ^^^^^^^^^^^^^^^^^^^^
61 |         test_wal_integration: bool,
   |         ^^^^^^^^^^^^^^^^^^^^
   |
   = note: `SearchTestCase` has derived impls for the traits `Clone` and `Debug`, but these are intentionally ignored during dead code analysis

warning: fields `queue` and `active_tasks` are never read
   --> src/storage/engines/sst/readers/predictive_prefetcher.rs:145:5
    |
143 | pub struct PrefetchQueue {
    |            ------------- fields in this struct
144 |     /// Priority queue of blocks to prefetch
145 |     queue: Vec<PrefetchEntry>,
    |     ^^^^^
146 |     /// Active prefetch tasks
147 |     active_tasks: HashMap<BlockCacheKey, tokio::task::JoinHandle<Result<()>>>,
    |     ^^^^^^^^^^^^

warning: methods `predict_and_prefetch`, `execute_prefetches`, and `prefetch_block` are never used
   --> src/storage/engines/sst/readers/predictive_prefetcher.rs:203:14
    |
160 | impl PredictivePrefetcher {
    | ------------------------- methods in this implementation
...
203 |     async fn predict_and_prefetch(&self, current_key: &BlockCacheKey) -> Result<()> {
    |              ^^^^^^^^^^^^^^^^^^^^
...
328 |     async fn execute_prefetches(&self) -> Result<()> {
    |              ^^^^^^^^^^^^^^^^^^
...
354 |     async fn prefetch_block(&self, key: &BlockCacheKey) -> Result<()> {
    |              ^^^^^^^^^^^^^^

warning: methods `add_entry`, `pop_highest_priority`, `is_active`, and `mark_active` are never used
   --> src/storage/engines/sst/readers/predictive_prefetcher.rs:563:8
    |
555 | impl PrefetchQueue {
    | ------------------ methods in this implementation
...
563 |     fn add_entry(&mut self, entry: PrefetchEntry) {
    |        ^^^^^^^^^
...
568 |     fn pop_highest_priority(&mut self) -> Option<PrefetchEntry> {
    |        ^^^^^^^^^^^^^^^^^^^^
...
572 |     fn is_active(&self, key: &BlockCacheKey) -> bool {
    |        ^^^^^^^^^
...
576 |     fn mark_active(&mut self, key: BlockCacheKey, handle: tokio::task::JoinHandle<Result<()>>) {
    |        ^^^^^^^^^^^

warning: function `create_test_context` is never used
  --> src/storage/engines/sst/readers/tests/unified_sstable_reader_tests.rs:35:8
   |
35 |     fn create_test_context() -> CollectionContext {
   |        ^^^^^^^^^^^^^^^^^^^

warning: function `create_test_vector_records` is never used
  --> src/storage/engines/viper/tests/unified_storage_tests.rs:36:4
   |
36 | fn create_test_vector_records(_collection_id: &str, count: usize) -> Vec<VectorRecord> {
   |    ^^^^^^^^^^^^^^^^^^^^^^^^^^

warning: method `clear_flushed` is never used
  --> src/storage/persistence/write_buffer/batch_strategy_tests.rs:61:18
   |
42 |     impl MockWriteBufferBehavior {
   |     ---------------------------- method in this implementation
...
61 |         async fn clear_flushed(&self, collection_id: &str) -> Result<usize> {
   |                  ^^^^^^^^^^^^^

warning: function `create_test_write_buffer_config` is never used
  --> src/storage/metadata/atomic_tests.rs:26:8
   |
26 |     fn create_test_write_buffer_config(temp_dir: &TempDir) -> MetadataWriteBufferConfig {
   |        ^^^^^^^^^^^^^^^^^^^^^^^^^^^^^^^

warning: field `version_counter` is never read
  --> src/storage/metadata/atomic_tests.rs:86:9
   |
83 |     struct MockAtomicMetadataStore {
   |            ----------------------- field in this struct
...
86 |         version_counter: Arc<Mutex<u64>>,
   |         ^^^^^^^^^^^^^^^

warning: function `create_test_vector` is never used
  --> src/storage/tests/atomic_coordinator_tests.rs:22:4
   |
22 | fn create_test_vector(id: &str) -> VectorRecord {
   |    ^^^^^^^^^^^^^^^^^^

warning: comparison is useless due to type limits
   --> src/storage/engines/sst/readers/tests/unified_sstable_reader_edge_tests.rs:868:21
    |
868 |             assert!(value.len() >= 0);
    |                     ^^^^^^^^^^^^^^^^
    |
    = note: `#[warn(unused_comparisons)]` on by default

warning: comparison is useless due to type limits
   --> src/storage/engines/sst/readers/tests/unified_sstable_reader_edge_tests.rs:909:21
    |
909 |             assert!(context.file_path.len() >= 0);
    |                     ^^^^^^^^^^^^^^^^^^^^^^^^^^^^

warning: unused imports: `AssignmentConfig` and `FilesystemOptimizationConfig`
  --> tests/write_buffer_corruption_recovery_test.rs:12:9
   |
12 |         AssignmentConfig, FilesystemOptimizationConfig,
   |         ^^^^^^^^^^^^^^^^  ^^^^^^^^^^^^^^^^^^^^^^^^^^^^
   |
   = note: `#[warn(unused_imports)]` on by default

warning: method `start_all` is never used
   --> tests/cloud_emulator_integration_test.rs:177:14
    |
71  | impl EmulatorManager {
    | -------------------- method in this implementation
...
177 |     async fn start_all(&mut self) -> Result<()> {
    |              ^^^^^^^^^
    |
    = note: `#[warn(dead_code)]` on by default

warning: unused import: `std::sync::Arc`
 --> tests/recovery_stress_test.rs:4:9
  |
4 |     use std::sync::Arc;
  |         ^^^^^^^^^^^^^^
  |
  = note: `#[warn(unused_imports)]` on by default

warning: unused import: `std::collections::HashMap`
 --> tests/recovery_stress_test.rs:5:9
  |
5 |     use std::collections::HashMap;
  |         ^^^^^^^^^^^^^^^^^^^^^^^^^

warning: unused import: `Duration`
 --> tests/recovery_stress_test.rs:8:21
  |
8 |     use std::time::{Duration, Instant};
  |                     ^^^^^^^^

warning: unused imports: `AssignmentConfig` and `FilesystemOptimizationConfig`
  --> tests/recovery_stress_test.rs:14:9
   |
14 |         AssignmentConfig, FilesystemOptimizationConfig,
   |         ^^^^^^^^^^^^^^^^  ^^^^^^^^^^^^^^^^^^^^^^^^^^^^

warning: unused variable: `create_response`
  --> tests/simple_viper_test.rs:29:9
   |
29 |     let create_response = client.collection_operation(tonic::Request::new(CollectionRequest {
   |         ^^^^^^^^^^^^^^^ help: if this is intentional, prefix it with an underscore: `_create_response`
   |
   = note: `#[warn(unused_variables)]` on by default

warning: unused variable: `create_response`
  --> tests/viper_metadata_simple_test.rs:29:9
   |
29 |     let create_response = client.collection_operation(tonic::Request::new(CollectionRequest {
   |         ^^^^^^^^^^^^^^^ help: if this is intentional, prefix it with an underscore: `_create_response`
   |
   = note: `#[warn(unused_variables)]` on by default

warning: `proximadb` (test "logical_operators_tests") generated 1 warning (run `cargo fix --test "logical_operators_tests"` to apply 1 suggestion)
warning: `proximadb` (test "viper_metadata_debug_test") generated 1 warning
warning: `proximadb` (test "quantization_basic_tests") generated 3 warnings
warning: `proximadb` (test "axis_integration") generated 1 warning
warning: `proximadb` (test "integration") generated 136 warnings (18 duplicates) (run `cargo fix --test "integration"` to apply 47 suggestions)
warning: `proximadb` (test "test_unified_modules") generated 83 warnings (12 duplicates) (run `cargo fix --test "test_unified_modules"` to apply 24 suggestions)
warning: `proximadb` (test "quantization_integration_tests") generated 3 warnings
warning: `proximadb` (lib test) generated 453 warnings (271 duplicates) (run `cargo fix --lib -p proximadb --tests` to apply 57 suggestions)
warning: `proximadb` (test "write_buffer_corruption_recovery_test") generated 1 warning (run `cargo fix --test "write_buffer_corruption_recovery_test"` to apply 1 suggestion)
warning: `proximadb` (test "cloud_emulator_integration_test") generated 1 warning
warning: `proximadb` (test "recovery_stress_test") generated 4 warnings (run `cargo fix --test "recovery_stress_test"` to apply 4 suggestions)
warning: `proximadb` (test "simple_viper_test") generated 1 warning
warning: `proximadb` (test "viper_metadata_simple_test") generated 1 warning
warning: `proximadb` (bin "proximadb-server" test) generated 1 warning (1 duplicate)
    Finished `test` profile [optimized + debuginfo] target(s) in 0.64s
     Running unittests src/lib.rs (target/debug/deps/proximadb-2400ce98ac4c647c)

running 892 tests
test compute::distance::benchmark::tests::benchmark_simd_performance ... ok
test compute::memory_layout::tests::test_aligned_vec ... ok
test compute::memory_layout::tests::test_batch_vectors ... ok
test compute::memory_pool::tests::test_bucket_sizing ... ok
test compute::memory_pool::tests::test_pool_limits ... ok
test compute::memory_pool::tests::test_pooled_vector_raii ... ok
test compute::memory_pool::tests::test_vector_pool_basic ... ok
test compute::tests::algorithms_tests::tests::test_concurrent_search ... ok
test compute::tests::algorithms_tests::tests::test_hnsw_basic_operations ... ok
test compute::tests::algorithms_tests::tests::test_hnsw_different_metrics ... ok
test compute::tests::algorithms_tests::tests::test_hnsw_edge_cases ... ok
test compute::tests::algorithms_tests::tests::test_hnsw_optimization ... ok
test compute::tests::algorithms_tests::tests::test_hnsw_with_metadata_filter ... ok
test compute::tests::algorithms_tests::tests::test_memory_usage_tracking ... ok
test compute::tests::algorithms_tests::tests::test_search_result_ordering ... ok
test compute::tests::hardware_tests::tests::test_batch_cosine_similarity ... ok
test compute::tests::hardware_tests::tests::test_batch_dot_product ... ok
test compute::tests::hardware_tests::tests::test_batch_euclidean_distance ... ok
test compute::tests::hardware_tests::tests::test_cpu_accelerator_info ... ok
test compute::tests::hardware_tests::tests::test_cpu_accelerator_initialization ... ok
test compute::tests::hardware_tests::tests::test_create_accelerator_factory ... ok
test compute::tests::hardware_tests::tests::test_empty_batch_operations ... ok
test compute::tests::hardware_tests::tests::test_hardware_info_struct ... ok
test compute::tests::hardware_tests::tests::test_matrix_multiply ... ok
test compute::tests::hardware_tests::tests::test_matrix_multiply_incompatible_dimensions ... ok
test compute::tests::hardware_tests::tests::test_normalize_vectors ... ok
test compute::tests::hardware_tests::tests::test_rocm_accelerator_info ... ok
test compute::tests::hardware_tests::tests::test_rocm_accelerator_initialization ... ok
test compute::tests::unified_quantization_tests::test_bytes_per_vector_calculation ... ok
test compute::tests::unified_quantization_tests::test_compression_ratio ... ok
test compute::tests::unified_quantization_tests::test_compression_ratio_calculations ... ok
test compute::tests::unified_quantization_tests::test_hamming_distance_calculation ... ok
test compute::tests::unified_quantization_tests::test_in_memory_codebook_store ... ok
test compute::tests::unified_quantization_tests::test_pq_distance_calculation ... ok
test compute::tests::unified_quantization_tests::test_quantization_level_bytes ... ok
test compute::tests::unified_quantization_tests::test_quantization_level_variants ... ok
test compute::tests::unified_quantization_tests::test_quantization_roundtrip ... ok
test compute::unified_distance::tests::test_all_distance_metrics_coverage ... ok
test compute::unified_distance::tests::test_all_distance_metrics_similarity_detection ... ok
test compute::unified_distance::tests::test_batch_distance_calculation ... ok
test compute::unified_distance::tests::test_config_clone_and_debug ... ok
test compute::unified_distance::tests::test_config_field_access ... ok
test compute::unified_distance::tests::test_custom_metric_fallback ... ok
test compute::unified_distance::tests::test_custom_system_default ... ok
test compute::unified_distance::tests::test_dimension_mismatch_handling ... ok
test compute::unified_distance::tests::test_distance_mode_variations ... ok
test compute::unified_distance::tests::test_empty_batch_distance_calculation ... ok
test compute::unified_distance::tests::test_extreme_vector_values ... ok
test compute::unified_distance::tests::test_gpu_enabled_setting ... ok
test compute::unified_distance::tests::test_hardware_backend_display ... ok
test compute::unified_distance::tests::test_large_batch_processing ... ok
test compute::unified_distance::tests::test_metric_resolution_hierarchy ... ok
test compute::unified_distance::tests::test_platform_capability ... ok
test compute::unified_distance::tests::test_preferred_backend ... ok
test compute::unified_distance::tests::test_semantic_result_ordering ... ok
test compute::unified_distance::tests::test_simd_configuration ... ok
test compute::unified_distance::tests::test_similarity_metric_detection ... ok
test compute::unified_distance::tests::test_similarity_result_comparison ... ok
test compute::unified_distance::tests::test_similarity_result_debug_display ... ok
test compute::unified_distance::tests::test_unified_distance_calculation ... ok
test compute::unified_distance::tests::test_unified_distance_compute_creation ... ok
test compute::unified_distance::tests::test_unified_distance_config_creation ... ok
test compute::unified_distance::tests::test_unspecified_metric_handling ... ok
test compute::unified_distance::tests::test_vector_dimension_mismatch_handling ... ok
test compute::unified_distance::tests::test_zero_magnitude_vectors ... ok
test compute::unified_distance::tests::test_zero_vector_handling ... ok
test core::base62::tests::test_base62_decoding ... ok
test core::base62::tests::test_base62_encoding ... ok
test core::bloom::factory::tests::test_factory_creation ... ok
test core::bloom::factory::tests::test_serialization_roundtrip ... ok
test core::bloom::factory::tests::test_specialized_factories ... ok
test core::bloom::strategies::bit_packed::tests::test_bit_packed_basic ... ok
test core::bloom::strategies::bit_packed::tests::test_memory_efficiency ... ok
test core::bloom::strategies::byte_aligned::tests::test_byte_aligned_basic ... ok
test core::bloom::strategies::byte_aligned::tests::test_serialization ... ok
test core::bloom::strategies::composite::tests::test_builder ... ok
test core::bloom::strategies::composite::tests::test_composite_filter ... ok
test core::bloom::strategies::simple::tests::test_simple_bloom ... ok
test core::bloom::tests::test_bits_from_fpr ... ok
test core::bloom::tests::test_murmur_hash ... ok
test core::config_loader_tests::tests::test_cloud_url_handling ... ok
test core::config_loader_tests::tests::test_comprehensive_config_merge ... ok
test core::config_loader_tests::tests::test_config_loader_creation ... ok
test core::config_loader_tests::tests::test_config_merging_through_public_api ... ok
test core::config_loader_tests::tests::test_get_cloud_auth_info_aws_access_key ... ok
test core::config_loader_tests::tests::test_get_cloud_auth_info_aws_default ... ignored, Requires AWS environment or instance role
test core::config_loader_tests::tests::test_get_cloud_auth_info_aws_profile ... ok
test core::config_loader_tests::tests::test_get_cloud_auth_info_azure_managed_identity ... ignored, Requires Azure environment or managed identity
test core::config_loader_tests::tests::test_get_cloud_auth_info_azure_service_principal ... ok
test core::config_loader_tests::tests::test_get_cloud_auth_info_azure_storage_account ... ok
test core::config_loader_tests::tests::test_get_cloud_auth_info_gcp_default ... ok
test core::config_loader_tests::tests::test_get_cloud_auth_info_gcp_service_account ... ok
test core::config_loader_tests::tests::test_load_with_defaults_file_exists ... ok
test core::config_loader_tests::tests::test_load_with_defaults_file_not_exists ... ok
test core::config_loader_tests::tests::test_load_with_defaults_invalid_toml ... ok
test core::config_loader_tests::tests::test_load_with_defaults_invalid_url ... ok
test core::config_loader_tests::tests::test_load_with_defaults_local_file_exists ... ok
test core::config_loader_tests::tests::test_load_with_defaults_local_file_not_exists ... ok
test core::config_loader_tests::tests::test_load_with_defaults_local_path ... ok
test core::config_loader_tests::tests::test_load_with_defaults_malformed_toml ... ok
test core::config_loader_tests::tests::test_load_with_defaults_nonexistent_local ... ok
test core::config_loader_tests::tests::test_load_with_defaults_unsupported_protocol ... ok
test core::config_tests::tests::test_assignment_config ... ok
test core::config_tests::tests::test_default_storage_config ... ok
test core::config_tests::tests::test_heterogeneous_storage ... ok
test core::config_tests::tests::test_storage_locations_config ... ok
test core::config_tests::tests::test_url_derivation ... ok
test core::config_tests::tests::test_write_buffer_config_from_toml ... ok
test core::config_tests::tests::test_write_buffer_config_values ... ok
test core::error::tests::tests::test_anyhow_integration ... ok
test core::error::tests::tests::test_consensus_error_variants ... ok
test core::error::tests::tests::test_error_chaining ... ok
test core::error::tests::tests::test_error_conversion ... ok
test core::error::tests::tests::test_error_debug_format ... ok
test core::error::tests::tests::test_error_source ... ok
test core::error::tests::tests::test_network_error_variants ... ok
test core::error::tests::tests::test_query_error_variants ... ok
test core::error::tests::tests::test_schema_error_variants ... ok
test core::error::tests::tests::test_storage_error_variants ... ok
test core::error::tests::tests::test_vector_db_error_display ... ok
test core::error_tests::tests::test_anyhow_integration ... ok
test core::error_tests::tests::test_consensus_error_variants ... ok
test core::error_tests::tests::test_error_chaining ... ok
test core::error_tests::tests::test_error_conversion ... ok
test core::error_tests::tests::test_error_debug_format ... ok
test core::error_tests::tests::test_error_source ... ok
test core::error_tests::tests::test_network_error_variants ... ok
test core::error_tests::tests::test_query_error_variants ... ok
test core::error_tests::tests::test_schema_error_variants ... ok
test core::error_tests::tests::test_storage_error_variants ... ok
test core::error_tests::tests::test_vector_db_error_display ... ok
test core::errors::tests::error_tests::test_config_error_display ... ok
test core::errors::tests::error_tests::test_error_clone ... ok
test core::errors::tests::error_tests::test_error_conversions ... ok
test core::errors::tests::error_tests::test_error_debug_format ... ok
test core::errors::tests::error_tests::test_error_serialization ... ok
test core::errors::tests::error_tests::test_metadata_error_display ... ok
test core::errors::tests::error_tests::test_proximadb_error_display ... ok
test core::errors::tests::error_tests::test_service_error_display ... ok
test core::flush_config_tests::tests::test_flush_threshold_hierarchy ... ok
test core::flush_config_tests::tests::test_sst_config_defaults ... ok
test core::flush_config_tests::tests::test_sst_config_validation ... ok
test core::flush_config_tests::tests::test_write_buffer_config_custom_values ... ok
test core::flush_config_tests::tests::test_write_buffer_config_defaults ... ok
test core::flush_config_tests::tests::test_write_buffer_config_values_propagate ... ok
test core::foundation::base_traits_tests::test_base_config_apply_defaults ... ok
test core::foundation::base_traits_tests::test_base_config_default_validation ... ok
test core::foundation::base_traits_tests::test_base_config_to_map ... ok
test core::foundation::base_traits_tests::test_base_config_validation_failure ... ok
test core::foundation::base_traits_tests::test_base_metadata_version ... ok
test core::foundation::base_traits_tests::test_base_result_error ... ok
test core::foundation::base_traits_tests::test_base_result_success ... ok
test core::foundation::base_traits_tests::test_base_service_lifecycle ... ok
test core::foundation::base_traits_tests::test_base_service_metrics ... ok
test core::foundation::base_traits_tests::test_base_stats_aggregation ... ok
test core::foundation::base_traits_tests::test_base_stats_reset ... ok
test core::foundation::conversion_tests::test_conversion_type_aliases ... ok
test core::foundation::conversion_tests::test_convert_option_none ... ok
test core::foundation::conversion_tests::test_convert_option_some ... ok
test core::foundation::conversion_tests::test_convert_result_err ... ok
test core::foundation::conversion_tests::test_convert_result_ok ... ok
test core::foundation::conversion_tests::test_convert_vec ... ok
test core::foundation::conversion_tests::test_convert_vec_empty ... ok
test core::foundation::conversion_tests::test_from_unified_conversion ... ok
test core::foundation::conversion_tests::test_to_unified_conversion ... ok
test core::foundation::conversion_tests::test_try_from_unified_success ... ok
test core::foundation::conversion_tests::test_try_to_unified_error ... ok
test core::foundation::conversion_tests::test_try_to_unified_success ... ok
test core::foundation::conversion_tests::test_try_to_unified_success_with_error_prone ... ok
test core::foundation::generic_types_tests::test_generic_config_base_trait_validation_failure ... ok
test core::foundation::generic_types_tests::test_generic_config_base_trait_validation_success ... ok
test core::foundation::generic_types_tests::test_generic_config_creation ... ok
test core::foundation::generic_types_tests::test_generic_config_with_validation ... ok
test core::foundation::generic_types_tests::test_generic_metadata_base_trait ... ok
test core::foundation::generic_types_tests::test_generic_metadata_creation ... ok
test core::foundation::generic_types_tests::test_generic_metadata_with_properties ... ok
test core::foundation::generic_types_tests::test_generic_metadata_with_tags ... ok
test core::foundation::generic_types_tests::test_generic_result_base_trait_error ... ok
test core::foundation::generic_types_tests::test_generic_result_base_trait_success ... ok
test core::foundation::generic_types_tests::test_generic_result_chaining ... ok
test core::foundation::generic_types_tests::test_generic_result_error ... ok
test core::foundation::generic_types_tests::test_generic_result_error_chaining ... ok
test core::foundation::generic_types_tests::test_generic_result_success ... ok
test core::foundation::generic_types_tests::test_generic_result_with_error_code ... ok
test core::foundation::generic_types_tests::test_generic_result_with_processing_time ... ok
test core::foundation::generic_types_tests::test_generic_stats_base_trait_aggregate ... ok
test core::foundation::generic_types_tests::test_generic_stats_base_trait_reset ... ok
test core::foundation::generic_types_tests::test_generic_stats_creation ... ok
test core::foundation::generic_types_tests::test_generic_stats_update_data ... ok
test core::grpc_metadata_parser::tests::test_complex_query_parsing ... ok
test core::grpc_metadata_parser::tests::test_json_logical_query_parsing ... ok
test core::grpc_metadata_parser::tests::test_operator_field_parsing ... ok
test core::grpc_metadata_parser::tests::test_simple_equality_parsing ... ok
test core::indexing::roaring_bitmap::tests::test_bitmap_index_operations ... ok
test core::indexing::roaring_bitmap::tests::test_bitmap_index_statistics ... ok
test core::indexing::roaring_bitmap::tests::test_roaring_bitmap_basic_operations ... ok
test core::indexing::roaring_bitmap::tests::test_roaring_bitmap_intersection ... ok
test core::indexing::roaring_bitmap::tests::test_roaring_bitmap_union ... ok
test core::memory::pool::tests::test_basic_pool_operations ... ok
test core::memory::pool::tests::test_concurrent_pool_access ... ok
test core::memory::pool::tests::test_pool_cleanup ... ok
test core::memory::pool::tests::test_pool_statistics ... ok
test core::memory::pool::tests::test_pool_with_cleaner ... ok
test core::memory::pool::tests::test_pooled_item_lifecycle ... ok
test core::memory::pool::tests::test_vector_memory_pool ... ok
test core::metadata_query::tests::test_array_operations ... ok
test core::metadata_query::tests::test_complex_query ... ok
test core::metadata_query::tests::test_field_range ... ok
test core::metadata_query::tests::test_logical_operators ... ok
test core::metadata_query::tests::test_numeric_comparisons ... ok
test core::metadata_query::tests::test_query_builder ... ok
test core::metadata_query::tests::test_simple_equality ... ok
test core::metadata_query::tests::test_string_operations ... ok
test core::search::json_value_serde::tests::test_json_value_roundtrip ... ok
test core::search::multi_tier_deduplication::tests::test_multi_tier_deduplication ... ok
test core::search::multi_tier_deduplication::tests::test_same_tier_ordering ... ok
test core::search::typesafe_filter::tests::test_type_safe_numeric_comparison ... ok
test core::search::typesafe_filter::tests::test_type_safe_string_comparison ... ok
test core::serialization::fixed_length::tests::test_batch_serialization ... ok
test core::serialization::fixed_length::tests::test_checksum_validation ... ok
test core::serialization::fixed_length::tests::test_dimension_mismatch ... ok
test core::serialization::fixed_length::tests::test_fixed_serialization_roundtrip ... ok
test core::serialization::fixed_length::tests::test_fixed_vector_creation ... ok
test core::serialization::fixed_length::tests::test_performance_characteristics ... ok
test core::serialization::fixed_length::tests::test_sparse_vector_compression ... ok
test core::serialization::streaming::tests::test_adaptive_sizing ... ok
test core::serialization::streaming::tests::test_batch_compression ... ok
test core::serialization::streaming::tests::test_concurrent_compression ... ok
test core::serialization::streaming::tests::test_performance_monitoring ... ok
test core::serialization::streaming::tests::test_streaming_compression_basic ... ok
test core::serialization::tests::test_adaptive_optimization ... ok
test core::serialization::tests::test_compression_effectiveness ... ok
test core::serialization::tests::test_dimension_optimized_config ... ok
test core::serialization::tests::test_small_vector_no_compression ... ok
test core::serialization::tests::test_vector_analysis ... ok
test core::serialization::tests::test_vector_serialization_roundtrip ... ok
test core::serialization::tests::test_zero_copy_performance ... ok
test core::storage_layout::tests::test_default_paths ... ok
test core::storage_layout::tests::test_hash_based_assignment ... ok
test core::vector_record_migration::tests::test_avro_to_proto_conversion ... ok
test core::vector_record_migration::tests::test_proto_to_avro_conversion ... ok
test handlers::conversions::tests::test_parse_metrics ... ok
test handlers::conversions::tests::test_parse_operations ... ok
test handlers::unified_handlers_tests::tests::test_collection_config_creation ... ok
test handlers::unified_handlers_tests::tests::test_collection_config_optional_fields ... ok
test handlers::unified_handlers_tests::tests::test_collection_operations_enum_values ... ok
test handlers::unified_handlers_tests::tests::test_collection_request_structure ... ok
test handlers::unified_handlers_tests::tests::test_collection_tags_handling ... ok
test handlers::unified_handlers_tests::tests::test_edge_case_vector_values ... ok
test handlers::unified_handlers_tests::tests::test_include_fields_structure ... ok
test handlers::unified_handlers_tests::tests::test_multiple_search_queries ... ok
test handlers::unified_handlers_tests::tests::test_request_operation_type_conversion ... ok
test handlers::unified_handlers_tests::tests::test_request_timeout_values ... ok
test handlers::unified_handlers_tests::tests::test_search_query_creation ... ok
test handlers::unified_handlers_tests::tests::test_sql_query_result_structure ... ok
test handlers::unified_handlers_tests::tests::test_vector_batch_configurations ... ok
test handlers::unified_handlers_tests::tests::test_vector_batch_request_structure ... ok
test handlers::unified_handlers_tests::tests::test_vector_batch_with_different_dimensions ... ok
test handlers::unified_handlers_tests::tests::test_vector_operations_enum_values ... ok
test handlers::unified_handlers_tests::tests::test_vector_record_creation ... ok
test handlers::unified_handlers_tests::tests::test_vector_record_field_access ... ok
test handlers::unified_handlers_tests::tests::test_vector_search_request_structure ... ok
test index::axis::annoy_index::annoy_index_tests::tests::test_annoy_basic_functionality ... ok
test index::axis::annoy_index::annoy_index_tests::tests::test_annoy_cosine_distance ... ok
test index::axis::annoy_index::annoy_index_tests::tests::test_annoy_dimension_mismatch ... ok
test index::axis::annoy_index::annoy_index_tests::tests::test_annoy_empty_index ... ok
test index::axis::annoy_index::annoy_index_tests::tests::test_annoy_large_leaf_size ... ok
test index::axis::annoy_index::annoy_index_tests::tests::test_annoy_search_k_parameter ... ok
test index::axis::annoy_index::annoy_index_tests::tests::test_annoy_static_index_behavior ... ok
test index::axis::annoy_index::annoy_index_tests::tests::test_annoy_stats ... ok
test index::axis::annoy_index::annoy_index_tests::tests::test_annoy_with_filter ... ok
test index::axis::clustering::tests::test_kmeans_clustering ... ok
test index::axis::hnsw_integration::tests::test_axis_hnsw_manager ... ok
test index::axis::hnsw_integration::tests::test_partitioned_hnsw_creation ... ok
test index::axis::hnsw_integration::tests::test_vector_addition ... ok
test index::axis::hnsw_integration::tests::test_vector_search ... ok
test index::axis::index_factory::tests::test_create_annoy_index ... ok
test index::axis::index_factory::tests::test_create_ivf_index ... ok
test index::axis::index_factory::tests::test_create_lsh_index ... ok
test index::axis::index_factory::tests::test_create_trained_index ... ok
test index::axis::ivf_index::tests::test_ivf_basic_operations ... ok
test index::axis::lsh_index::tests::test_lsh_basic_operations ... ok
test index::axis::lsh_index::tests::test_lsh_binary_mode ... ok
test index::axis::strategy::tests::test_strategy_builder_small_collection ... ok
test index::axis::strategy_tests::test_collection_statistics_creation ... ok
test index::axis::strategy_tests::test_index_strategy_builder_build ... ok
test index::axis::strategy_tests::test_index_strategy_builder_creation ... ok
test index::axis::strategy_tests::test_optimization_config_creation ... ok
test index::axis::strategy_tests::test_optimization_config_defaults ... ok
test index::axis::types::tests::test_index_capabilities ... ok
test index::axis::types::tests::test_metadata_index ... ok
test index::axis::types_tests::test_data_type_creation ... ok
test index::axis::types_tests::test_index_algorithm_creation ... ok
test index::axis::types_tests::test_index_specification_creation ... ok
test index::axis::types_tests::test_serialization_deserialization ... ok
test index::config::tests::test_create_for_algorithm ... ok
test index::config::tests::test_default_index_config ... ok
test index::config::tests::test_get_algorithm_config ... ok
test index::config::tests::test_hnsw_config_validation ... ok
test index::config::tests::test_ivf_config_validation ... ok
test monitoring::metrics::collector::tests::tests::test_alert_acknowledgment ... ok
test monitoring::metrics::collector::tests::tests::test_alert_generation ... ok
test monitoring::metrics::collector::tests::tests::test_alert_resolution ... ok
test monitoring::metrics::collector::tests::tests::test_collector_lifecycle ... ok
test monitoring::metrics::collector::tests::tests::test_connection_tracking ... ok
test monitoring::metrics::collector::tests::tests::test_custom_metrics ... ok
test monitoring::metrics::collector::tests::tests::test_metrics_cleanup ... ok
test monitoring::metrics::collector::tests::tests::test_metrics_collector_creation ... ok
test monitoring::metrics::collector::tests::tests::test_metrics_history ... ok
test monitoring::metrics::collector::tests::tests::test_metrics_summary ... ok
test monitoring::metrics::collector::tests::tests::test_rate_limiter ... ok
test monitoring::metrics::collector::tests::tests::test_request_tracking ... ok
test network::middleware::auth::tests::test_auth_config_default ... ok
test network::middleware::auth::tests::test_is_health_endpoint ... ok
test network::middleware::rate_limit::tests::test_is_health_endpoint ... ok
test network::middleware::rate_limit::tests::test_rate_limit_bucket ... ok
test network::middleware::rate_limit::tests::test_rate_limit_config_default ... ok
test network::server_builder::tests::test_development_config ... ok
test network::server_builder::tests::test_grpc_server_builder ... ok
test network::server_builder::tests::test_http_server_builder ... ok
test network::tests::config_tests::tests::test_auth_config_default ... ok
test network::tests::config_tests::tests::test_auth_config_with_api_keys ... ok
test network::tests::config_tests::tests::test_network_config_clone ... ok
test network::tests::config_tests::tests::test_network_config_custom ... ok
test network::tests::config_tests::tests::test_network_config_debug_format ... ok
test network::tests::config_tests::tests::test_network_config_default ... ok
test network::tests::config_tests::tests::test_network_config_serialization ... ok
test network::tests::config_tests::tests::test_rate_limit_config_custom ... ok
test network::tests::config_tests::tests::test_rate_limit_config_default ... ok
test query::sql_engine::comprehensive_sql_tests::tests::test_sql_comprehensive_operators_and_metrics ... ok
test query::sql_engine::comprehensive_sql_tests::tests::test_sql_distance_metric_parsing ... ok
test query::sql_engine::comprehensive_sql_tests::tests::test_sql_full_integration ... ignored, SQL full integration test requires AND/OR/NOT operators which are not yet implemented
test query::sql_engine::comprehensive_sql_tests::tests::test_sql_hardware_backend_selection ... ok
test query::sql_engine::comprehensive_sql_tests::tests::test_sql_performance_hardware_acceleration ... ok
test query::sql_engine::comprehensive_sql_tests::tests::test_sql_storage_engine_integration ... ok
test query::sql_engine::comprehensive_sql_tests::tests::test_sql_wal_unflushed_vectors ... ok
test query::sql_engine::executor::tests::test_result_row_serialization ... ok
test query::sql_engine::parser::tests::test_parse_simple_select ... ok
test query::sql_engine::parser::tests::test_parse_vector_search ... ok
test query::sql_engine::planner::tests::test_plan_simple_query ... ok
test query::sql_engine::planner::tests::test_plan_vector_search ... ok
test query::sql_engine::query_cache::tests::test_cache_clear ... ok
test query::sql_engine::query_cache::tests::test_cache_statistics ... ok
test query::sql_engine::query_cache::tests::test_execution_plan_caching ... ok
test query::sql_engine::query_cache::tests::test_parsed_query_caching ... ok
test query::sql_engine::query_cache::tests::test_query_cache_key_normalization ... ok
test services::collection_service::tests::test_collection_name_length_validation ... ok
test services::collection_service::tests::test_collection_validation ... ok
test services::collection_service::tests::test_response_conversion ... ok
test services::comprehensive_search_tests::tests::test_complex_query_operators ... ok
test services::comprehensive_search_tests::tests::test_distance_computation_consistency ... ok
test services::comprehensive_search_tests::tests::test_full_integration ... ok
test services::comprehensive_search_tests::tests::test_hardware_backend_selection ... ok
test services::comprehensive_search_tests::tests::test_lsm_comprehensive_search ... ok
test services::comprehensive_search_tests::tests::test_performance_scaling ... ok
test services::comprehensive_search_tests::tests::test_viper_comprehensive_search ... ok
test services::comprehensive_search_tests::tests::test_wal_comprehensive_operators_and_metrics ... ok
test services::comprehensive_search_tests::tests::test_wal_hardware_backend_consistency ... ok
test services::comprehensive_search_tests::tests::test_wal_unflushed_vector_search ... ok
test services::direct_vector_service_tests::tests::test_apply_metadata_filter_with_id ... ok
test services::direct_vector_service_tests::tests::test_collection_compaction_initialization ... ok
test services::direct_vector_service_tests::tests::test_concurrent_format_switching ... ok
test services::direct_vector_service_tests::tests::test_debug_operations ... ok
test services::direct_vector_service_tests::tests::test_force_flush_operations ... ok
test services::direct_vector_service_tests::tests::test_format_switching ... ok
test services::direct_vector_service_tests::tests::test_handle_vector_batch_proto_vec ... ok
test services::direct_vector_service_tests::tests::test_health_check ... ok
test services::direct_vector_service_tests::tests::test_insert_vectors_direct_edge_cases ... ok
test services::direct_vector_service_tests::tests::test_metrics_collection ... ok
test services::direct_vector_service_tests::tests::test_optimized_format_default ... ok
test services::direct_vector_service_tests::tests::test_optimized_format_methods ... ok
test services::direct_vector_service_tests::tests::test_search_vectors_edge_cases ... ok
test services::direct_vector_service_tests::tests::test_service_component_access ... ok
test services::direct_vector_service_tests::tests::test_service_creation_with_different_formats ... ok
test services::direct_vector_service_tests::tests::test_service_creation_with_format_override ... ok
test services::direct_vector_service_tests::tests::test_service_creation_with_workload_hints ... ok
test services::direct_vector_service_tests::tests::test_service_lifecycle ... ok
test services::direct_vector_service_tests::tests::test_vector_operations_edge_cases ... ok
test services::direct_vector_service_tests::tests::test_wal_metrics_report ... ok
test services::direct_vector_service_tests::tests::test_workload_recommendation ... ok
test services::storage_path_service::tests::test_storage_path_service ... ok
test services::streaming_search::tests::test_concurrent_streaming ... ok
test services::streaming_search::tests::test_streaming_search_basic ... ok
test services::streaming_search::tests::test_streaming_search_batching ... ok
test storage::assignment_service::tests::test_assignment_lifecycle ... ok
test storage::assignment_service::tests::test_assignment_stats ... ok
test storage::assignment_service::tests::test_concurrent_discovery ... ok
test storage::assignment_service::tests::test_consistent_assignment ... ok
test storage::assignment_service::tests::test_discovery_functionality ... ok
test storage::assignment_service::tests::test_hash_based_assignment ... ok
test storage::atomic::tests::test_acid_transaction_lifecycle ... ok
test storage::atomic::tests::test_acid_transaction_rollback ... ok
test storage::atomic::tests::test_atomic_operation_lifecycle ... ok
test storage::atomic::tests::test_generate_transaction_id ... ok
test storage::atomic::tests::test_operation_abort ... ok
test storage::atomic::tests::test_viper_atomic_operations ... ok
test storage::builder::tests::test_multi_disk_configuration ... ok
test storage::builder::tests::test_storage_performance_configuration ... ok
test storage::builder::tests::test_storage_system_builder ... ok
test storage::engines::sst::bloom_filter_tests::tests::test_bloom_filter_basic_operations ... ok
test storage::engines::sst::bloom_filter_tests::tests::test_bloom_filter_false_positive_rate ... ok
test storage::engines::sst::bloom_filter_tests::tests::test_bloom_filter_serialization ... ok
test storage::engines::sst::bloom_filter_tests::tests::test_bloom_filter_size_estimation ... ok
test storage::engines::sst::bloom_filter_tests::tests::test_bloom_filter_stats ... ok
test storage::engines::sst::bloom_filter_tests::tests::test_bloom_filter_with_high_accuracy ... ok
test storage::engines::sst::bloom_filter_tests::tests::test_disabled_bloom_filter ... ok
test storage::engines::sst::bloom_filter_tests::tests::test_metadata_bloom_filter ... ok
test storage::engines::sst::bloom_filter_tests::tests::test_sstable_bloom_filter ... ok
test storage::engines::sst::compaction::tests::test_compaction_manager_basic ... ok
test storage::engines::sst::compaction::tests::test_compaction_task_scheduling ... ok
test storage::engines::sst::compaction::vector_tracking_tests::tests::test_compaction_result_in_engine_metrics ... ok
test storage::engines::sst::compaction::vector_tracking_tests::tests::test_compaction_stats_tracking ... ok
test storage::engines::sst::compaction::vector_tracking_tests::tests::test_enhanced_compaction_tracks_deleted_vectors ... ok
test storage::engines::sst::compaction::vector_tracking_tests::tests::test_vector_sorting_during_compaction ... ok
test storage::engines::sst::compaction_coverage_tests::tests::test_compaction_manager_concurrent_operations ... ok
test storage::engines::sst::compaction_coverage_tests::tests::test_compaction_manager_constructor_variants ... ok
test storage::engines::sst::compaction_coverage_tests::tests::test_compaction_manager_edge_case_levels ... ok
test storage::engines::sst::compaction_coverage_tests::tests::test_compaction_manager_statistics ... ok
test storage::engines::sst::compaction_coverage_tests::tests::test_compaction_manager_worker_lifecycle ... ok
test storage::engines::sst::compaction_coverage_tests::tests::test_compaction_priority_ordering ... ok
test storage::engines::sst::compaction_coverage_tests::tests::test_compaction_stats_default ... ok
test storage::engines::sst::compaction_coverage_tests::tests::test_compaction_stats_tracking_fields ... ok
test storage::engines::sst::compaction_coverage_tests::tests::test_compaction_task_creation_and_cloning ... ok
test storage::engines::sst::compaction_coverage_tests::tests::test_compaction_task_scheduling_with_priorities ... ok
test storage::engines::sst::compaction_coverage_tests::tests::test_compaction_task_with_empty_input_files ... ok
test storage::engines::sst::compaction_coverage_tests::tests::test_compaction_task_with_multiple_input_files ... ok
test storage::engines::sst::compaction_coverage_tests::tests::test_enhanced_compaction_stats_default ... ok
test storage::engines::sst::compaction_coverage_tests::tests::test_enhanced_compaction_stats_field_access ... ok
test storage::engines::sst::optimized_row_filter::tests::test_parallel_and_or_evaluation ... ok
test storage::engines::sst::optimized_row_filter::tests::test_sst_row_filter_performance ... ok
test storage::engines::sst::readers::predictive_prefetcher::tests::test_hot_block_detection ... ignored, Test hangs - needs investigation
test storage::engines::sst::readers::predictive_prefetcher::tests::test_prefetch_prediction ... ignored, Test hangs - needs investigation
test storage::engines::sst::readers::predictive_prefetcher::tests::test_sequential_pattern_detection ... ignored, Test hangs - needs investigation
test storage::engines::sst::readers::tests::test_metadata_filtering::test_metadata_bloom_filter_optimization ... ignored, Needs investigation - Bincode deserialization issue
test storage::engines::sst::readers::tests::test_metadata_filtering::test_metadata_filtering_basic ... ignored, Needs investigation - Bincode deserialization issue
test storage::engines::sst::readers::tests::test_metadata_filtering_fixed::test_metadata_bloom_filter_functionality ... ok
test storage::engines::sst::readers::tests::test_metadata_filtering_fixed::test_metadata_filtering_with_sstable_reader ... ok
test storage::engines::sst::readers::tests::test_simple_sstable::test_simple_sstable_write_read ... ok
test storage::engines::sst::readers::tests::test_sstable_format_fix::test_sstable_empty_file_handling ... ok
test storage::engines::sst::readers::tests::test_sstable_format_fix::test_sstable_format_with_bloom_filter ... ok
test storage::engines::sst::readers::tests::test_sstable_format_fix::test_sstable_truncated_file_handling ... ok
test storage::engines::sst::readers::tests::unified_sstable_reader_edge_tests::edge_tests::test_batch_query_edge_cases ... ok
test storage::engines::sst::readers::tests::unified_sstable_reader_edge_tests::edge_tests::test_block_cache_edge_cases ... ok
test storage::engines::sst::readers::tests::unified_sstable_reader_edge_tests::edge_tests::test_bloom_filter_edge_cases ... ok
test storage::engines::sst::readers::tests::unified_sstable_reader_edge_tests::edge_tests::test_concurrent_reader_access ... ok
test storage::engines::sst::readers::tests::unified_sstable_reader_edge_tests::edge_tests::test_deeply_nested_filter_expressions ... ok
test storage::engines::sst::readers::tests::unified_sstable_reader_edge_tests::edge_tests::test_empty_collection_search ... ok
test storage::engines::sst::readers::tests::unified_sstable_reader_edge_tests::edge_tests::test_extreme_top_k_values ... ok
test storage::engines::sst::readers::tests::unified_sstable_reader_edge_tests::edge_tests::test_file_path_edge_cases ... ok
test storage::engines::sst::readers::tests::unified_sstable_reader_edge_tests::edge_tests::test_high_dimensional_vectors ... ok
test storage::engines::sst::readers::tests::unified_sstable_reader_edge_tests::edge_tests::test_index_block_edge_cases ... ok
test storage::engines::sst::readers::tests::unified_sstable_reader_edge_tests::edge_tests::test_memory_pressure_scenarios ... ok
test storage::engines::sst::readers::tests::unified_sstable_reader_edge_tests::edge_tests::test_metadata_bloom_filter_edge_cases ... ok
test storage::engines::sst::readers::tests::unified_sstable_reader_edge_tests::edge_tests::test_metadata_stats_edge_cases ... ok
test storage::engines::sst::readers::tests::unified_sstable_reader_edge_tests::edge_tests::test_mvcc_version_edge_cases ... ok
test storage::engines::sst::readers::tests::unified_sstable_reader_edge_tests::edge_tests::test_null_and_missing_values ... ok
test storage::engines::sst::readers::tests::unified_sstable_reader_edge_tests::edge_tests::test_numeric_boundary_values ... ok
test storage::engines::sst::readers::tests::unified_sstable_reader_edge_tests::edge_tests::test_special_characters_in_fields ... ok
test storage::engines::sst::readers::tests::unified_sstable_reader_edge_tests::edge_tests::test_sstable_corruption_handling ... ok
test storage::engines::sst::readers::tests::unified_sstable_reader_edge_tests::edge_tests::test_strategy_selection_edge_cases ... ok
test storage::engines::sst::readers::tests::unified_sstable_reader_edge_tests::edge_tests::test_tombstone_edge_cases ... ok
test storage::engines::sst::readers::tests::unified_sstable_reader_edge_tests::edge_tests::test_type_mismatch_in_filters ... ok
test storage::engines::sst::readers::tests::unified_sstable_reader_edge_tests::edge_tests::test_unicode_handling ... ok
test storage::engines::sst::readers::tests::unified_sstable_reader_tests::tests::test_block_range_calculation ... ok
test storage::engines::sst::readers::tests::unified_sstable_reader_tests::tests::test_compression_ratio ... ok
test storage::engines::sst::readers::tests::unified_sstable_reader_tests::tests::test_extract_metadata_conditions ... ok
test storage::engines::sst::readers::tests::unified_sstable_reader_tests::tests::test_metadata_bloom_filter ... ok
test storage::engines::sst::readers::tests::unified_sstable_reader_tests::tests::test_parallel_block_partitioning ... ok
test storage::engines::sst::readers::tests::unified_sstable_reader_tests::tests::test_reader_creation ... ok
test storage::engines::sst::readers::tests::unified_sstable_reader_tests::tests::test_strategy_selection_basic ... ok
test storage::engines::sst::readers::tests::unified_sstable_reader_tests::tests::test_strategy_selection_with_filter ... ok
test storage::engines::sst::sst_filename_tests::test_belongs_to_collection ... ok
test storage::engines::sst::sst_filename_tests::test_filename_consistency ... ok
test storage::engines::sst::sst_filename_tests::test_filename_uniqueness ... ok
test storage::engines::sst::sst_filename_tests::test_generate_compaction_filename ... ok
test storage::engines::sst::sst_filename_tests::test_generate_filename ... ok
test storage::engines::sst::sst_filename_tests::test_generate_flush_filename ... ok
test storage::engines::sst::sst_filename_tests::test_is_sst_file ... ok
test storage::engines::sst::sst_filename_tests::test_parse_level_from_filename ... ok
test storage::engines::sst::sstable_writer::tests::test_sstable_writer_basic ... ok
test storage::engines::sst::three_stage_filter::tests::test_three_stage_filtering_pipeline ... ok
test storage::engines::viper::compaction::tests::test_compaction_plan_multiple_outputs ... ok
test storage::engines::viper::compaction::tests::test_compaction_plan_single_output ... ok
test storage::engines::viper::optimized_column_filter::tests::test_parallel_column_evaluation ... ok
test storage::engines::viper::optimized_column_filter::tests::test_viper_predicate_pushdown ... ok
test storage::engines::viper::optimized_vector_writer::tests::test_binary_array_vector_serialization ... ok
test storage::engines::viper::optimized_vector_writer::tests::test_list_array_fallback ... ok
test storage::engines::viper::optimized_vector_writer::tests::test_optimized_schema_creation ... ok
test storage::engines::viper::optimized_vector_writer::tests::test_writer_properties ... ok
test storage::engines::viper::pipeline_tests::viper_pipeline_tests::test_compaction_config_creation ... ok
test storage::engines::viper::pipeline_tests::viper_pipeline_tests::test_config_edge_cases ... ok
test storage::engines::viper::pipeline_tests::viper_pipeline_tests::test_flushing_config_compression_variants ... ok
test storage::engines::viper::pipeline_tests::viper_pipeline_tests::test_processing_config_variants ... ok
test storage::engines::viper::pipeline_tests::viper_pipeline_tests::test_quantization_level_variants ... ok
test storage::engines::viper::pipeline_tests::viper_pipeline_tests::test_vector_record_creation_helper ... ok
test storage::engines::viper::pipeline_tests::viper_pipeline_tests::test_viper_pipeline_config_creation ... ok
test storage::engines::viper::pipeline_tests::viper_pipeline_tests::test_viper_pipeline_creation ... ok
test storage::engines::viper::quantization::tests::test_binary_quantization ... ok
test storage::engines::viper::quantization::tests::test_custom_bit_quantization ... ok
test storage::engines::viper::quantization::tests::test_product_quantization ... ok
test storage::engines::viper::quantization::tests::test_quantization_levels ... ok
test storage::engines::viper::quantization::tests::test_uniform_quantization ... ok
test storage::engines::viper::readers::parquet_reconstructor::tests::test_compression_detection ... ok
test storage::engines::viper::readers::parquet_reconstructor::tests::test_group_seek_data ... ok
test storage::engines::viper::readers::parquet_reconstructor::tests::test_reconstructor_creation ... ok
test storage::engines::viper::readers::tests::unified_parquet_reader_tests::tests::test_batch_size_calculation ... ok
test storage::engines::viper::readers::tests::unified_parquet_reader_tests::tests::test_byte_range_calculation ... ok
test storage::engines::viper::readers::tests::unified_parquet_reader_tests::tests::test_complex_filter_expression ... ok
test storage::engines::viper::readers::tests::unified_parquet_reader_tests::tests::test_empty_file_handling ... ok
test storage::engines::viper::readers::tests::unified_parquet_reader_tests::tests::test_memory_estimation ... ok
test storage::engines::viper::readers::tests::unified_parquet_reader_tests::tests::test_metadata_extraction_from_filter ... ok
test storage::engines::viper::readers::tests::unified_parquet_reader_tests::tests::test_missing_file_error ... ok
test storage::engines::viper::readers::tests::unified_parquet_reader_tests::tests::test_range_coalescing ... ok
test storage::engines::viper::readers::tests::unified_parquet_reader_tests::tests::test_read_all_vectors_from_parquet ... ok
test storage::engines::viper::readers::tests::unified_parquet_reader_tests::tests::test_reader_creation ... ok
test storage::engines::viper::readers::tests::unified_parquet_reader_tests::tests::test_search_vectors_basic ... ok
test storage::engines::viper::readers::tests::unified_parquet_reader_tests::tests::test_strategy_selection_basic ... ok
test storage::engines::viper::readers::tests::unified_parquet_reader_tests::tests::test_strategy_with_filters ... ok
test storage::engines::viper::readers::tests::unified_parquet_reader_tests::tests::test_strategy_with_quantization ... ok
test storage::engines::viper::readers::tests::unified_parquet_reader_tests::tests::test_vector_extraction_debug ... ok
test storage::engines::viper::readers::unified_parquet_reader::tests::test_search_params_direct ... ok
test storage::engines::viper::tests::atomic_flush_tests::test_atomic_flush_error_handling ... ok
test storage::engines::viper::tests::atomic_flush_tests::test_atomic_flush_staging_pattern ... ok
test storage::engines::viper::tests::atomic_flush_tests::test_concurrent_flush_operations ... ok
test storage::engines::viper::tests::atomic_flush_tests::test_search_ignores_flush_directories ... ok
test storage::engines::viper::tests::compaction_tests::test_atomic_coordinator_prevents_concurrent_same_collection_compaction ... ok
test storage::engines::viper::tests::compaction_tests::test_basic_compaction ... ok
test storage::engines::viper::tests::compaction_tests::test_compaction_with_metadata_filtering ... ok
test storage::engines::viper::tests::compaction_tests::test_concurrent_compaction_across_collections ... ok
test storage::engines::viper::tests::compaction_tests::test_concurrent_compaction_and_reads ... ok
test storage::engines::viper::tests::compaction_tests::test_incremental_compaction ... ok
test storage::engines::viper::tests::compaction_tests::test_insert_flush_compact_flow ... ok
test storage::engines::viper::tests::compaction_tests::test_size_tiered_compaction_strategy ... ok
test storage::engines::viper::tests::debug_compaction_test::test_viper_flush_and_compaction_debug ... ok
test storage::engines::viper::tests::engine_tests::test_batch_insertion_and_flush ... ok
test storage::engines::viper::tests::engine_tests::test_collection_operations ... ok
test storage::engines::viper::tests::engine_tests::test_compaction ... ok
test storage::engines::viper::tests::engine_tests::test_concurrent_operations ... ok
test storage::engines::viper::tests::engine_tests::test_multi_collection_isolation ... ok
test storage::engines::viper::tests::engine_tests::test_persistence_across_restarts ... ok
test storage::engines::viper::tests::engine_tests::test_search_vectors_unified ... ok
test storage::engines::viper::tests::engine_tests::test_similarity_search ... ok
test storage::engines::viper::tests::engine_tests::test_single_vector_operations ... ok
test storage::engines::viper::tests::engine_tests::test_viper_engine_creation ... ok
test storage::engines::viper::tests::test_data_generator::tests::test_all_supported_compressions ... ok
test storage::engines::viper::tests::test_data_generator::tests::test_data_generator_creation ... ok
test storage::engines::viper::tests::test_data_generator::tests::test_high_dimensional_dense_sparse_vectors ... ok
test storage::engines::viper::tests::test_data_generator::tests::test_mixed_density_compression ... ok
test storage::engines::viper::tests::test_data_generator::tests::test_multi_file_dataset ... ok
test storage::engines::viper::tests::test_data_generator::tests::test_parquet_compression_with_sparse_vectors ... ok
test storage::engines::viper::tests::test_data_generator::tests::test_parquet_file_creation ... ok
test storage::engines::viper::tests::test_data_generator::tests::test_parquet_with_sparse_vectors ... ok
test storage::engines::viper::tests::test_data_generator::tests::test_quantization_generation ... ok
test storage::engines::viper::tests::test_data_generator::tests::test_quantized_vector_distance_calculations ... ok
test storage::engines::viper::tests::test_data_generator::tests::test_sparse_quantized_vector_distances ... ok
test storage::engines::viper::tests::test_data_generator::tests::test_sparse_vector_compression_efficiency ... ok
test storage::engines::viper::tests::test_data_generator::tests::test_sparse_vector_generation ... ok
test storage::engines::viper::tests::test_data_generator::tests::test_unified_distance_with_sparse_and_quantized ... ok
test storage::engines::viper::tests::unified_storage_tests::test_dynamic_storage_engine_flush ... ok
test storage::engines::viper::tests::unified_storage_tests::test_flush_parameter_validation ... ok
test storage::engines::viper::tests::unified_storage_tests::test_unified_atomic_operations_lifecycle ... ok
test storage::engines::viper::tests::unified_storage_tests::test_viper_do_flush_implementation ... ok
test storage::engines::viper::tests::unified_storage_tests::test_viper_engine_metrics_collection ... ok
test storage::engines::viper::tests::unified_storage_tests::test_viper_flush_with_high_level_trait_method ... ok
test storage::engines::viper::tests::unified_storage_tests::test_viper_unified_storage_engine_traits ... ok
test storage::memtable::implementations::bplustree::tests::test_bplustree_basic_operations ... ok
test storage::memtable::implementations::bplustree::tests::test_bplustree_bulk_operations ... ok
test storage::memtable::implementations::bplustree::tests::test_bplustree_configuration ... ok
test storage::memtable::implementations::bplustree::tests::test_bplustree_performance_characteristics ... ok
test storage::memtable::implementations::bplustree::tests::test_bplustree_range_operations ... ok
test storage::memtable::implementations::btree::tests::test_btree_basic_operations ... ok
test storage::memtable::implementations::btree::tests::test_btree_clear_operations ... ok
test storage::memtable::implementations::btree::tests::test_btree_ordered_operations ... ok
test storage::memtable::implementations::dashmap::tests::test_dashmap_basic_operations ... ok
test storage::memtable::implementations::dashmap::tests::test_dashmap_high_concurrency ... ok
test storage::memtable::implementations::dashmap::tests::test_dashmap_specialized_operations ... ok
test storage::memtable::implementations::dashmap::tests::test_dashmap_workload_tuning ... ok
test storage::memtable::implementations::hashmap::tests::test_hashmap_basic_operations ... ok
test storage::memtable::implementations::hashmap::tests::test_hashmap_performance_characteristics ... ok
test storage::memtable::implementations::hashmap::tests::test_hashmap_point_lookups ... ok
test storage::memtable::implementations::hashmap::tests::test_hashmap_range_scan_warning ... ok
test storage::memtable::implementations::skiplist::tests::test_skiplist_basic_operations ... ok
test storage::memtable::implementations::skiplist::tests::test_skiplist_concurrent_access ... ok
test storage::memtable::implementations::skiplist::tests::test_skiplist_specialized_operations ... ok
test storage::memtable::implementations::tests::global_partitioned_tests::test_global_partitioned_batch_operations ... ok
test storage::memtable::implementations::tests::global_partitioned_tests::test_global_partitioned_clear_operations ... ok
test storage::memtable::implementations::tests::global_partitioned_tests::test_global_partitioned_deletion_via_expiry ... ok
test storage::memtable::implementations::tests::global_partitioned_tests::test_global_partitioned_multi_collection ... ok
test storage::memtable::implementations::tests::global_partitioned_tests::test_mvcc_and_logical_deletes ... ok
test storage::memtable::implementations::tests::three_layer_mvcc_tests::test_expired_records_vs_active_records ... ok
test storage::memtable::implementations::tests::three_layer_mvcc_tests::test_flush_compaction_atomic_consistency ... ok
test storage::memtable::implementations::tests::three_layer_mvcc_tests::test_get_before_delete_update_consistency ... ok
test storage::memtable::implementations::tests::three_layer_mvcc_tests::test_multi_collection_mvcc_isolation ... ok
test storage::memtable::implementations::tests::three_layer_mvcc_tests::test_same_id_different_vector_values ... ok
test storage::memtable::implementations::tests::three_layer_mvcc_tests::test_three_layer_search_consistency_basic ... ok
test storage::memtable::implementations::tests::three_layer_mvcc_tests::test_version_ordering_across_layers ... ok
test storage::memtable::specialized::generic_wrappers::tests::test_caching_wrapper ... ok
test storage::memtable::specialized::generic_wrappers::tests::test_metrics_wrapper ... ok
test storage::memtable::specialized::lsm_behavior::tests::test_bloom_filter ... ok
test storage::memtable::specialized::lsm_behavior::tests::test_lsm_behavior_wrapper ... ok
test storage::memtable::specialized::lsm_behavior::tests::test_lsm_compaction_logic ... ok
test storage::memtable::specialized::write_buffer_behavior::tests::test_wal_behavior_wrapper ... ok
test storage::memtable::specialized::write_buffer_behavior::tests::test_wal_mvcc_functionality ... ok
test storage::memtable::tests::test_benchmark_framework ... ok
test storage::memtable::tests::test_memtable_factory ... ok
test storage::memtable::tests::test_workload_recommendations ... ok
test storage::metadata::atomic_tests::tests::test_abort_nonexistent_transaction ... ok
test storage::metadata::atomic_tests::tests::test_abort_transaction ... ok
test storage::metadata::atomic_tests::tests::test_add_to_nonexistent_transaction ... ok
test storage::metadata::atomic_tests::tests::test_add_to_transaction ... ok
test storage::metadata::atomic_tests::tests::test_begin_transaction ... ok
test storage::metadata::atomic_tests::tests::test_commit_nonexistent_transaction ... ok
test storage::metadata::atomic_tests::tests::test_commit_transaction ... ok
test storage::metadata::atomic_tests::tests::test_isolation_level_enum ... ok
test storage::metadata::atomic_tests::tests::test_metadata_store_interface_batch_operations ... ok
test storage::metadata::atomic_tests::tests::test_metadata_store_interface_create_collection ... ok
test storage::metadata::atomic_tests::tests::test_metadata_store_interface_delete_collection ... ok
test storage::metadata::atomic_tests::tests::test_metadata_store_interface_get_collection ... ok
test storage::metadata::atomic_tests::tests::test_metadata_store_interface_get_nonexistent_collection ... ok
test storage::metadata::atomic_tests::tests::test_metadata_store_interface_get_storage_stats ... ok
test storage::metadata::atomic_tests::tests::test_metadata_store_interface_list_collections ... ok
test storage::metadata::atomic_tests::tests::test_metadata_store_interface_system_metadata ... ok
test storage::metadata::atomic_tests::tests::test_metadata_store_interface_update_collection ... ok
test storage::metadata::atomic_tests::tests::test_metadata_store_interface_update_stats ... ok
test storage::metadata::atomic_tests::tests::test_metadata_transaction_add_operation ... ok
test storage::metadata::atomic_tests::tests::test_metadata_transaction_creation ... ok
test storage::metadata::atomic_tests::tests::test_metadata_transaction_expiration ... ok
test storage::metadata::atomic_tests::tests::test_mock_metadata_store_creation ... ok
test storage::metadata::atomic_tests::tests::test_multiple_operation_types ... ok
test storage::metadata::atomic_tests::tests::test_transaction_id_type_alias ... ok
test storage::metadata::atomic_tests::tests::test_transaction_state_enum ... ok
test storage::metadata::atomic_tests::tests::test_transaction_timeout_edge_cases ... ok
test storage::metadata::backends::filestore_backend::tests::test_filestore_backend_basic_operations ... ok
test storage::metadata::backends::tests::filestore_tests::tests::test_filestore_backend_create ... ok
test storage::metadata::checkpoint::tests::test_checkpoint_config_defaults ... ok
test storage::optimization::metadata_sorter::tests::test_metadata_sorting ... ok
test storage::optimization::metadata_sorter::tests::test_sortable_value_ordering ... ok
test storage::persistence::filesystem::auth::tests::test_environment_credential_provider ... ok
test storage::persistence::filesystem::auth::tests::test_static_credential_provider ... ok
test storage::persistence::filesystem::azure::tests::test_azure_url_parsing ... ok
test storage::persistence::filesystem::comprehensive_tests::filesystem_api_tests::test_concurrent_operations ... [2m2025-08-02T14:06:22.484928Z[0m [31mERROR[0m [2mproximadb::storage::persistence::filesystem[0m[2m:[0m ❌ Delete failed for file:///tmp/proximadb-fs-tests/concurrent_0.txt: File not found: /tmp/proximadb-fs-tests/concurrent_0.txt
[2m2025-08-02T14:06:22.485190Z[0m [31mERROR[0m [2mproximadb::storage::persistence::filesystem[0m[2m:[0m ❌ Delete failed for file:///tmp/proximadb-fs-tests/concurrent_1.txt: File not found: /tmp/proximadb-fs-tests/concurrent_1.txt
[2m2025-08-02T14:06:22.485240Z[0m [31mERROR[0m [2mproximadb::storage::persistence::filesystem[0m[2m:[0m ❌ Delete failed for file:///tmp/proximadb-fs-tests/concurrent_2.txt: File not found: /tmp/proximadb-fs-tests/concurrent_2.txt
[2m2025-08-02T14:06:22.485296Z[0m [31mERROR[0m [2mproximadb::storage::persistence::filesystem[0m[2m:[0m ❌ Delete failed for file:///tmp/proximadb-fs-tests/concurrent_3.txt: File not found: /tmp/proximadb-fs-tests/concurrent_3.txt
[2m2025-08-02T14:06:22.485352Z[0m [31mERROR[0m [2mproximadb::storage::persistence::filesystem[0m[2m:[0m ❌ Delete failed for file:///tmp/proximadb-fs-tests/concurrent_4.txt: File not found: /tmp/proximadb-fs-tests/concurrent_4.txt
ok
test storage::persistence::filesystem::comprehensive_tests::filesystem_api_tests::test_cross_filesystem_factory_operations ... ok
test storage::persistence::filesystem::comprehensive_tests::filesystem_api_tests::test_error_handling ... ok
test storage::persistence::filesystem::comprehensive_tests::filesystem_api_tests::test_filesystem_type_identification ... ok
test storage::persistence::filesystem::comprehensive_tests::filesystem_api_tests::test_large_file_operations ... [2m2025-08-02T14:06:22.504969Z[0m [31mERROR[0m [2mproximadb::storage::persistence::filesystem[0m[2m:[0m ❌ Delete failed for file:///tmp/proximadb-fs-tests/large_file.bin: File not found: /tmp/proximadb-fs-tests/large_file.bin
ok
test storage::persistence::filesystem::comprehensive_tests::filesystem_api_tests::test_local_filesystem_append ... ok
test storage::persistence::filesystem::comprehensive_tests::filesystem_api_tests::test_local_filesystem_basic_operations ... ok
test storage::persistence::filesystem::comprehensive_tests::filesystem_api_tests::test_local_filesystem_copy_move ... ok
test storage::persistence::filesystem::comprehensive_tests::filesystem_api_tests::test_local_filesystem_directory_operations ... ok
test storage::persistence::filesystem::comprehensive_tests::filesystem_api_tests::test_local_filesystem_range_operations ... [2m2025-08-02T14:06:22.542104Z[0m [31mERROR[0m [2mproximadb::storage::persistence::filesystem[0m[2m:[0m ❌ Delete failed for file:///tmp/proximadb-fs-tests/test_range.txt: File not found: /tmp/proximadb-fs-tests/test_range.txt
ok
test storage::persistence::filesystem::gcs::tests::test_gcs_url_parsing ... ok
test storage::persistence::filesystem::hdfs::tests::test_hdfs_path_normalization ... ok
test storage::persistence::filesystem::inline_tests::test_filesystem_factory_creation ... ok
test storage::persistence::filesystem::inline_tests::test_path_extraction ... ok
test storage::persistence::filesystem::inline_tests::test_url_scheme_extraction ... ok
test storage::persistence::filesystem::s3::tests::test_s3_url_parsing ... ok
test storage::persistence::filesystem::tests::fsync_tests::cloud_storage_sync_tests::test_azure_sync_is_noop ... ok
test storage::persistence::filesystem::tests::fsync_tests::cloud_storage_sync_tests::test_gcs_sync_is_noop ... ok
test storage::persistence::filesystem::tests::fsync_tests::cloud_storage_sync_tests::test_s3_sync_is_noop ... ok
test storage::persistence::filesystem::tests::fsync_tests::test_concurrent_sync_operations ... ok
test storage::persistence::filesystem::tests::fsync_tests::test_local_filesystem_sync_disabled ... ok
test storage::persistence::filesystem::tests::fsync_tests::test_local_filesystem_sync_file ... ok
test storage::persistence::filesystem::tests::fsync_tests::test_sync_after_append ... ok
test storage::persistence::filesystem::tests::fsync_tests::test_sync_file_not_found ... ok
test storage::persistence::write_buffer::atomic_write_buffer_sync::tests::test_atomic_wal_sync ... ok
test storage::persistence::write_buffer::atomic_write_buffer_sync::tests::test_sync_strategies ... ok
test storage::persistence::write_buffer::batch_factory::tests::test_available_strategies ... ok
test storage::persistence::write_buffer::batch_factory::tests::test_strategy_comparison ... ok
test storage::persistence::write_buffer::batch_factory::tests::test_strategy_info ... ok
test storage::persistence::write_buffer::batch_strategy_tests::write_buffer_batch_strategy_tests::test_batch_id_base62_encoding ... ok
test storage::persistence::write_buffer::batch_strategy_tests::write_buffer_batch_strategy_tests::test_batch_id_generation ... ok
test storage::persistence::write_buffer::batch_strategy_tests::write_buffer_batch_strategy_tests::test_cloud_batch_listing ... ok
test storage::persistence::write_buffer::batch_strategy_tests::write_buffer_batch_strategy_tests::test_cloud_batch_operations ... ok
test storage::persistence::write_buffer::batch_strategy_tests::write_buffer_batch_strategy_tests::test_cloud_health_check ... ok
test storage::persistence::write_buffer::batch_strategy_tests::write_buffer_batch_strategy_tests::test_cloud_url_patterns ... ok
test storage::persistence::write_buffer::batch_strategy_tests::write_buffer_batch_strategy_tests::test_collection_stats ... ok
test storage::persistence::write_buffer::batch_strategy_tests::write_buffer_batch_strategy_tests::test_concurrent_batch_operations ... ok
test storage::persistence::write_buffer::batch_strategy_tests::write_buffer_batch_strategy_tests::test_delete_vector ... ok
test storage::persistence::write_buffer::batch_strategy_tests::write_buffer_batch_strategy_tests::test_empty_batch_handling ... ok
test storage::persistence::write_buffer::batch_strategy_tests::write_buffer_batch_strategy_tests::test_flush_operations ... ok
test storage::persistence::write_buffer::batch_strategy_tests::write_buffer_batch_strategy_tests::test_force_sync ... ok
test storage::persistence::write_buffer::batch_strategy_tests::write_buffer_batch_strategy_tests::test_global_stats ... ok
test storage::persistence::write_buffer::batch_strategy_tests::write_buffer_batch_strategy_tests::test_large_batch_handling ... ok
test storage::persistence::write_buffer::batch_strategy_tests::write_buffer_batch_strategy_tests::test_read_all_batches ... ok
test storage::persistence::write_buffer::batch_strategy_tests::write_buffer_batch_strategy_tests::test_search_vector_by_id ... ok
test storage::persistence::write_buffer::batch_strategy_tests::write_buffer_batch_strategy_tests::test_search_vectors_similarity ... ok
test storage::persistence::write_buffer::batch_strategy_tests::write_buffer_batch_strategy_tests::test_serialization_error_handling ... ok
test storage::persistence::write_buffer::batch_strategy_tests::write_buffer_batch_strategy_tests::test_should_trigger_flush ... ok
test storage::persistence::write_buffer::batch_strategy_tests::write_buffer_batch_strategy_tests::test_strategy_close ... ok
test storage::persistence::write_buffer::batch_strategy_tests::write_buffer_batch_strategy_tests::test_strategy_initialization ... ok
test storage::persistence::write_buffer::batch_strategy_tests::write_buffer_batch_strategy_tests::test_strategy_recovery ... ok
test storage::persistence::write_buffer::batch_strategy_tests::write_buffer_batch_strategy_tests::test_uninitialized_strategy ... ok
test storage::persistence::write_buffer::batch_strategy_tests::write_buffer_batch_strategy_tests::test_vector_serialization_deserialization ... ok
test storage::persistence::write_buffer::batch_strategy_tests::write_buffer_batch_strategy_tests::test_write_buffer_config_defaults ... ok
test storage::persistence::write_buffer::batch_strategy_tests::write_buffer_batch_strategy_tests::test_write_native_batch ... ok
test storage::persistence::write_buffer::batch_strategy_tests::write_buffer_batch_strategy_tests::test_write_vector_batch_unified_bincode ... ok
test storage::persistence::write_buffer::batch_strategy_tests::write_buffer_batch_strategy_tests::test_write_vector_batch_unified_unsupported_format ... ok
test storage::persistence::write_buffer::batch_strategy_tests::write_buffer_batch_strategy_tests::test_write_vector_batch_with_sync ... ok
test storage::persistence::write_buffer::batch_sync_coordinator::tests::test_batch_sync_by_count ... ok
test storage::persistence::write_buffer::batch_sync_coordinator::tests::test_immediate_sync_durability ... ok
test storage::persistence::write_buffer::batch_sync_coordinator::tests::test_no_sync_durability ... ok
test storage::persistence::write_buffer::compact_batch_id::tests::test_compact_batch_id ... ok
test storage::persistence::write_buffer::compact_batch_id::tests::test_counter_increment ... ok
test storage::persistence::write_buffer::compaction_axis_integration::tests::tests::test_compaction_axis_updater_with_no_manager ... ok
test storage::persistence::write_buffer::compaction_axis_integration::tests::tests::test_compaction_result_structure ... ok
test storage::persistence::write_buffer::compaction_axis_integration::tests::tests::test_compaction_stats_no_manager ... ok
test storage::persistence::write_buffer::compaction_coordinator::tests::test_collection_state ... ok
test storage::persistence::write_buffer::compaction_coordinator::tests::test_compaction_config ... ok
test storage::persistence::write_buffer::compaction_coordinator::tests::test_compaction_coordinator ... ok
test storage::persistence::write_buffer::disk_manager::tests::test_disk_manager_list_delete ... ok
test storage::persistence::write_buffer::disk_manager::tests::test_disk_manager_write_read ... ok
test storage::persistence::write_buffer::flush_result_optimization::tests::test_batch_processor ... ok
test storage::persistence::write_buffer::flush_result_optimization::tests::test_memory_pool ... ok
test storage::persistence::write_buffer::flush_result_optimization::tests::test_optimized_coordinator ... ok
test storage::persistence::write_buffer::memtable_manager::tests::test_memtable_manager_basic_operations ... ok
test storage::persistence::write_buffer::memtable_manager::tests::test_memtable_manager_batch_operations ... ok
test storage::persistence::write_buffer::optimized_path_resolver::tests::test_component_colocation ... ok
test storage::persistence::write_buffer::optimized_path_resolver::tests::test_path_resolution ... ok
test storage::persistence::write_buffer::parallel_recovery::tests::test_collection_discovery ... ok
test storage::persistence::write_buffer::parallel_recovery::tests::test_parallel_recovery ... ok
test storage::persistence::write_buffer::recovery_manager::tests::test_recovery_manager_direct_to_storage ... ok
test storage::persistence::write_buffer::recovery_thread_pool::tests::test_recovery_guard_prevents_concurrent_recovery ... ok
test storage::persistence::write_buffer::recovery_thread_pool::tests::test_recovery_thread_pool ... ok
test storage::persistence::write_buffer::serialization::avro::tests::test_avro_round_trip ... ok
test storage::persistence::write_buffer::serialization::avro::tests::test_format_identifier ... ok
test storage::persistence::write_buffer::serialization::avro::tests::test_metadata_preservation ... ok
test storage::persistence::write_buffer::serialization::bincode::tests::test_bincode_round_trip ... ok
test storage::persistence::write_buffer::serialization::bincode::tests::test_format_identifier ... ok
test storage::persistence::write_buffer::serialization::bincode::tests::test_high_dimensional_vector ... ok
test storage::persistence::write_buffer::serialization::bincode::tests::test_multiple_vectors_batch ... ok
test storage::persistence::write_buffer::serialization::proto::tests::test_empty_batch_handling ... ok
test storage::persistence::write_buffer::serialization::proto::tests::test_format_identifier ... ok
test storage::persistence::write_buffer::serialization::proto::tests::test_protocol_buffers_round_trip ... ok
test storage::persistence::write_buffer::serialization::tests::test_format_string_representation ... ok
test storage::persistence::write_buffer::serialization::tests::test_serialization_format_conversion ... ok
test storage::persistence::write_buffer::serialization::tests::test_serializer_factory ... ok
test storage::persistence::write_buffer::simple_atomic_sync::tests::test_simple_atomic_sync ... ok
test storage::persistence::write_buffer::tests::avro_serialization_tests::integration_tests::test_avro_flush_with_storage_engine ... ignored, Requires runtime modifications - blocking_write issue
test storage::persistence::write_buffer::tests::avro_serialization_tests::test_avro_collection_stats ... ok
test storage::persistence::write_buffer::tests::avro_serialization_tests::test_avro_empty_collection_operations ... ok
test storage::persistence::write_buffer::tests::avro_serialization_tests::test_avro_multiple_collections ... ok
test storage::persistence::write_buffer::tests::avro_serialization_tests::test_avro_read_all_batches ... ok
test storage::persistence::write_buffer::tests::avro_serialization_tests::test_avro_search_by_id ... ok
test storage::persistence::write_buffer::tests::avro_serialization_tests::test_avro_similarity_search ... ok
test storage::persistence::write_buffer::tests::avro_serialization_tests::test_avro_stats_tracking ... ok
test storage::persistence::write_buffer::tests::avro_serialization_tests::test_avro_strategy_initialization ... ok
test storage::persistence::write_buffer::tests::avro_serialization_tests::test_avro_write_and_read_batch ... ok
test storage::persistence::write_buffer::tests::avro_serialization_tests::test_avro_write_with_sync ... ok
test storage::persistence::write_buffer::tests::batch_factory_tests::tests::test_available_strategies ... ok
test storage::persistence::write_buffer::tests::batch_factory_tests::tests::test_avro_strategy_info ... ok
test storage::persistence::write_buffer::tests::batch_factory_tests::tests::test_bincode_strategy_info ... ok
test storage::persistence::write_buffer::tests::batch_factory_tests::tests::test_concurrent_strategy_creation ... ok
test storage::persistence::write_buffer::tests::batch_factory_tests::tests::test_create_avro_serialization_strategy ... ok
test storage::persistence::write_buffer::tests::batch_factory_tests::tests::test_create_bincode_serialization_strategy ... ok
test storage::persistence::write_buffer::tests::batch_factory_tests::tests::test_create_from_config_avro ... ok
test storage::persistence::write_buffer::tests::batch_factory_tests::tests::test_create_from_config_bincode ... ok
test storage::persistence::write_buffer::tests::batch_factory_tests::tests::test_create_proto_serialization_strategy ... ok
test storage::persistence::write_buffer::tests::batch_factory_tests::tests::test_serialization_strategy_initialization ... ok
test storage::persistence::write_buffer::tests::batch_factory_tests::tests::test_strategy_comparison ... ok
test storage::persistence::write_buffer::tests::batch_factory_tests::tests::test_strategy_info_completeness ... ok
test storage::persistence::write_buffer::tests::batch_factory_tests::tests::test_strategy_info_consistency ... ok
test storage::persistence::write_buffer::tests::batch_factory_tests::tests::test_strategy_selection_guidance ... ok
test storage::persistence::write_buffer::tests::batch_strategy_tests::tests::test_avro_batch_get_collection_vectors ... ok
test storage::persistence::write_buffer::tests::batch_strategy_tests::tests::test_avro_batch_multiple_vector_write ... ok
test storage::persistence::write_buffer::tests::batch_strategy_tests::tests::test_avro_batch_search_vector_by_id ... ok
test storage::persistence::write_buffer::tests::batch_strategy_tests::tests::test_avro_batch_similarity_search ... ok
test storage::persistence::write_buffer::tests::batch_strategy_tests::tests::test_avro_batch_single_vector_write ... ok
test storage::persistence::write_buffer::tests::batch_strategy_tests::tests::test_avro_batch_stats ... ok
test storage::persistence::write_buffer::tests::batch_strategy_tests::tests::test_avro_batch_strategy_initialization ... ok
test storage::persistence::write_buffer::tests::batch_strategy_tests::tests::test_avro_batch_write_with_sync ... ok
test storage::persistence::write_buffer::tests::batch_strategy_tests::tests::test_bincode_batch_get_collection_vectors ... ok
test storage::persistence::write_buffer::tests::batch_strategy_tests::tests::test_bincode_batch_multiple_vector_write ... ok
test storage::persistence::write_buffer::tests::batch_strategy_tests::tests::test_bincode_batch_search_vector_by_id ... ok
test storage::persistence::write_buffer::tests::batch_strategy_tests::tests::test_bincode_batch_similarity_search ... ok
test storage::persistence::write_buffer::tests::batch_strategy_tests::tests::test_bincode_batch_single_vector_write ... ok
test storage::persistence::write_buffer::tests::batch_strategy_tests::tests::test_bincode_batch_stats ... ok
test storage::persistence::write_buffer::tests::batch_strategy_tests::tests::test_bincode_batch_strategy_initialization ... ok
test storage::persistence::write_buffer::tests::batch_strategy_tests::tests::test_bincode_batch_write_with_sync ... ok
test storage::persistence::write_buffer::tests::batch_strategy_tests::tests::test_multiple_collections ... ok
test storage::persistence::write_buffer::tests::batch_strategy_tests::tests::test_read_vector_batches ... ok
test storage::persistence::write_buffer::tests::bincode_serialization_tests::test_bincode_batch_metadata ... ok
test storage::persistence::write_buffer::tests::bincode_serialization_tests::test_bincode_binary_serialization ... ok
test storage::persistence::write_buffer::tests::bincode_serialization_tests::test_bincode_collection_isolation ... ok
test storage::persistence::write_buffer::tests::bincode_serialization_tests::test_bincode_concurrent_writes ... ok
test storage::persistence::write_buffer::tests::bincode_serialization_tests::test_bincode_edge_cases ... ok
test storage::persistence::write_buffer::tests::bincode_serialization_tests::test_bincode_large_batch_performance ... ok
test storage::persistence::write_buffer::tests::bincode_serialization_tests::test_bincode_memory_management ... ok
test storage::persistence::write_buffer::tests::bincode_serialization_tests::test_bincode_similarity_search_accuracy ... ok
test storage::persistence::write_buffer::tests::bincode_serialization_tests::test_bincode_strategy_initialization ... ok
test storage::persistence::write_buffer::tests::config_tests::tests::test_compression_config_default ... ok
test storage::persistence::write_buffer::tests::config_tests::tests::test_memtable_type_variants ... ok
test storage::persistence::write_buffer::tests::config_tests::tests::test_performance_config_default ... ok
test storage::persistence::write_buffer::tests::config_tests::tests::test_wal_strategy_type_variants ... ok
test storage::persistence::write_buffer::tests::config_tests::tests::test_write_buffer_config_custom ... ok
test storage::persistence::write_buffer::tests::config_tests::tests::test_write_buffer_config_default ... ok
test storage::persistence::write_buffer::tests::config_tests::tests::test_write_buffer_config_serialization ... ok
test storage::persistence::write_buffer::tests::durability_tests::test_batch_sync_coordinator ... ok
test storage::persistence::write_buffer::tests::durability_tests::test_concurrent_writes_with_sync ... ok
test storage::persistence::write_buffer::tests::durability_tests::test_durability_level_batch_sync ... ok
test storage::persistence::write_buffer::tests::durability_tests::test_durability_level_no_sync ... ok
test storage::persistence::write_buffer::tests::durability_tests::test_durability_level_sync_data ... ok
test storage::persistence::write_buffer::tests::durability_tests::test_durability_level_sync_full ... ok
test storage::persistence::write_buffer::tests::durability_tests::test_sync_mode_always ... ok
test storage::persistence::write_buffer::tests::durability_tests::test_sync_mode_per_batch ... ok
test storage::persistence::write_buffer::tests::durability_tests::test_sync_mode_periodic ... ok
test storage::persistence::write_buffer::tests::flush_coordinator_tests::test_acknowledge_flush ... ok
test storage::persistence::write_buffer::tests::flush_coordinator_tests::test_cancel_flush ... ok
test storage::persistence::write_buffer::tests::flush_coordinator_tests::test_cleanup_collection ... ok
test storage::persistence::write_buffer::tests::flush_coordinator_tests::test_drop_collection ... ok
test storage::persistence::write_buffer::tests::flush_coordinator_tests::test_execute_coordinated_flush_empty ... ok
test storage::persistence::write_buffer::tests::flush_coordinator_tests::test_execute_coordinated_flush_engine_not_found ... ok
test storage::persistence::write_buffer::tests::flush_coordinator_tests::test_execute_coordinated_flush_with_data ... ok
test storage::persistence::write_buffer::tests::flush_coordinator_tests::test_flush_coordinator_creation ... ok
test storage::persistence::write_buffer::tests::flush_coordinator_tests::test_initialize_flush_state ... ok
test storage::persistence::write_buffer::tests::flush_coordinator_tests::test_initiate_flush_disk_mode ... ok
test storage::persistence::write_buffer::tests::flush_coordinator_tests::test_initiate_flush_memory_mode ... ok
test storage::persistence::write_buffer::tests::flush_coordinator_tests::test_multiple_pending_flushes ... ok
test storage::persistence::write_buffer::tests::flush_coordinator_tests::test_register_storage_engine ... ok
test storage::persistence::write_buffer::tests::proto_serialization_tests::test_proto_batch_atomicity ... ok
test storage::persistence::write_buffer::tests::proto_serialization_tests::test_proto_batch_creation ... ok
test storage::persistence::write_buffer::tests::proto_serialization_tests::test_proto_cross_collection_isolation ... ok
test storage::persistence::write_buffer::tests::proto_serialization_tests::test_proto_field_preservation ... ok
test storage::persistence::write_buffer::tests::proto_serialization_tests::test_proto_large_vector_handling ... ok
test storage::persistence::write_buffer::tests::proto_serialization_tests::test_proto_memory_only_mode ... ok
test storage::persistence::write_buffer::tests::proto_serialization_tests::test_proto_metadata_encoding ... ok
test storage::persistence::write_buffer::tests::proto_serialization_tests::test_proto_similarity_search_with_metadata ... ok
test storage::persistence::write_buffer::tests::proto_serialization_tests::test_proto_strategy_initialization ... ok
test storage::tests::atomic_coordinator_concurrency_tests::tests::test_cleanup_task_with_dashmap ... ok
test storage::tests::atomic_coordinator_concurrency_tests::tests::test_concurrent_operation_creation ... ok
test storage::tests::atomic_coordinator_concurrency_tests::tests::test_concurrent_status_updates ... [2m2025-08-02T14:06:25.577493Z[0m [31mERROR[0m [2mproximadb::storage::atomic[0m[2m:[0m ❌ Failed to write to staging: Already exists: /tmp/.tmpxY1o5n/__flush/23127453-486c-4f79-a43c-e020a977273c/test.dat
[2m2025-08-02T14:06:25.577533Z[0m [31mERROR[0m [2mproximadb::storage::atomic[0m[2m:[0m ❌ Failed to write to staging: Already exists: /tmp/.tmpxY1o5n/__flush/23127453-486c-4f79-a43c-e020a977273c/test.dat
[2m2025-08-02T14:06:25.577582Z[0m [31mERROR[0m [2mproximadb::storage::atomic[0m[2m:[0m ❌ Failed to write to staging: Already exists: /tmp/.tmpxY1o5n/__flush/23127453-486c-4f79-a43c-e020a977273c/test.dat
[2m2025-08-02T14:06:25.577631Z[0m [31mERROR[0m [2mproximadb::storage::atomic[0m[2m:[0m ❌ Failed to write to staging: Already exists: /tmp/.tmpxY1o5n/__flush/23127453-486c-4f79-a43c-e020a977273c/test.dat
[2m2025-08-02T14:06:25.577682Z[0m [31mERROR[0m [2mproximadb::storage::atomic[0m[2m:[0m ❌ Failed to write to staging: Already exists: /tmp/.tmpxY1o5n/__flush/23127453-486c-4f79-a43c-e020a977273c/test.dat
[2m2025-08-02T14:06:25.577731Z[0m [31mERROR[0m [2mproximadb::storage::atomic[0m[2m:[0m ❌ Failed to write to staging: Already exists: /tmp/.tmpxY1o5n/__flush/23127453-486c-4f79-a43c-e020a977273c/test.dat
[2m2025-08-02T14:06:25.577780Z[0m [31mERROR[0m [2mproximadb::storage::atomic[0m[2m:[0m ❌ Failed to write to staging: Already exists: /tmp/.tmpxY1o5n/__flush/23127453-486c-4f79-a43c-e020a977273c/test.dat
[2m2025-08-02T14:06:25.577829Z[0m [31mERROR[0m [2mproximadb::storage::atomic[0m[2m:[0m ❌ Failed to write to staging: Already exists: /tmp/.tmpxY1o5n/__flush/23127453-486c-4f79-a43c-e020a977273c/test.dat
[2m2025-08-02T14:06:25.577838Z[0m [31mERROR[0m [2mproximadb::storage::atomic[0m[2m:[0m ❌ Failed to write to staging: Already exists: /tmp/.tmpxY1o5n/__flush/23127453-486c-4f79-a43c-e020a977273c/test.dat
[2m2025-08-02T14:06:25.577843Z[0m [31mERROR[0m [2mproximadb::storage::atomic[0m[2m:[0m ❌ Failed to write to staging: Already exists: /tmp/.tmpxY1o5n/__flush/23127453-486c-4f79-a43c-e020a977273c/test.dat
[2m2025-08-02T14:06:25.577852Z[0m [31mERROR[0m [2mproximadb::storage::atomic[0m[2m:[0m ❌ Failed to write to staging: Already exists: /tmp/.tmpxY1o5n/__flush/23127453-486c-4f79-a43c-e020a977273c/test.dat
[2m2025-08-02T14:06:25.577856Z[0m [31mERROR[0m [2mproximadb::storage::atomic[0m[2m:[0m ❌ Failed to write to staging: Already exists: /tmp/.tmpxY1o5n/__flush/23127453-486c-4f79-a43c-e020a977273c/test.dat
[2m2025-08-02T14:06:25.577860Z[0m [31mERROR[0m [2mproximadb::storage::atomic[0m[2m:[0m ❌ Failed to write to staging: Already exists: /tmp/.tmpxY1o5n/__flush/23127453-486c-4f79-a43c-e020a977273c/test.dat
[2m2025-08-02T14:06:25.577864Z[0m [31mERROR[0m [2mproximadb::storage::atomic[0m[2m:[0m ❌ Failed to write to staging: Already exists: /tmp/.tmpxY1o5n/__flush/23127453-486c-4f79-a43c-e020a977273c/test.dat
[2m2025-08-02T14:06:25.577868Z[0m [31mERROR[0m [2mproximadb::storage::atomic[0m[2m:[0m ❌ Failed to write to staging: Already exists: /tmp/.tmpxY1o5n/__flush/23127453-486c-4f79-a43c-e020a977273c/test.dat
[2m2025-08-02T14:06:25.577872Z[0m [31mERROR[0m [2mproximadb::storage::atomic[0m[2m:[0m ❌ Failed to write to staging: Already exists: /tmp/.tmpxY1o5n/__flush/23127453-486c-4f79-a43c-e020a977273c/test.dat
[2m2025-08-02T14:06:25.577895Z[0m [31mERROR[0m [2mproximadb::storage::atomic[0m[2m:[0m ❌ Failed to write to staging: Already exists: /tmp/.tmpxY1o5n/__flush/23127453-486c-4f79-a43c-e020a977273c/test.dat
[2m2025-08-02T14:06:25.577914Z[0m [31mERROR[0m [2mproximadb::storage::atomic[0m[2m:[0m ❌ Failed to write to staging: Already exists: /tmp/.tmpxY1o5n/__flush/23127453-486c-4f79-a43c-e020a977273c/test.dat
[2m2025-08-02T14:06:25.577919Z[0m [31mERROR[0m [2mproximadb::storage::atomic[0m[2m:[0m ❌ Failed to write to staging: Already exists: /tmp/.tmpxY1o5n/__flush/23127453-486c-4f79-a43c-e020a977273c/test.dat
[2m2025-08-02T14:06:25.577923Z[0m [31mERROR[0m [2mproximadb::storage::atomic[0m[2m:[0m ❌ Failed to write to staging: Already exists: /tmp/.tmpxY1o5n/__flush/23127453-486c-4f79-a43c-e020a977273c/test.dat
[2m2025-08-02T14:06:25.577926Z[0m [31mERROR[0m [2mproximadb::storage::atomic[0m[2m:[0m ❌ Failed to write to staging: Already exists: /tmp/.tmpxY1o5n/__flush/23127453-486c-4f79-a43c-e020a977273c/test.dat
[2m2025-08-02T14:06:25.577930Z[0m [31mERROR[0m [2mproximadb::storage::atomic[0m[2m:[0m ❌ Failed to write to staging: Already exists: /tmp/.tmpxY1o5n/__flush/23127453-486c-4f79-a43c-e020a977273c/test.dat
[2m2025-08-02T14:06:25.577934Z[0m [31mERROR[0m [2mproximadb::storage::atomic[0m[2m:[0m ❌ Failed to write to staging: Already exists: /tmp/.tmpxY1o5n/__flush/23127453-486c-4f79-a43c-e020a977273c/test.dat
[2m2025-08-02T14:06:25.577937Z[0m [31mERROR[0m [2mproximadb::storage::atomic[0m[2m:[0m ❌ Failed to write to staging: Already exists: /tmp/.tmpxY1o5n/__flush/23127453-486c-4f79-a43c-e020a977273c/test.dat
ok
test storage::tests::atomic_coordinator_concurrency_tests::tests::test_concurrent_transaction_operations ... ok
test storage::tests::atomic_coordinator_concurrency_tests::tests::test_high_contention_operations ... ok
test storage::tests::atomic_coordinator_concurrency_tests::tests::test_memory_consistency ... ok
test storage::tests::atomic_coordinator_tests::test_abort_atomic_operation ... ok
test storage::tests::atomic_coordinator_tests::test_atomic_coordinator_creation ... ok
test storage::tests::atomic_coordinator_tests::test_begin_atomic_operation ... ok
test storage::tests::atomic_coordinator_tests::test_cleanup_orphaned_operations ... ok
test storage::tests::atomic_coordinator_tests::test_concurrent_operations ... ok
test storage::tests::atomic_coordinator_tests::test_double_finalize_operation ... ok
test storage::tests::atomic_coordinator_tests::test_empty_data_write ... ok
test storage::tests::atomic_coordinator_tests::test_finalize_atomic_operation ... ok
test storage::tests::atomic_coordinator_tests::test_invalid_operation_id_handling ... ok
test storage::tests::atomic_coordinator_tests::test_operation_status_transitions ... ok
test storage::tests::atomic_coordinator_tests::test_operation_without_collection_id ... ok
test storage::tests::atomic_coordinator_tests::test_staging_config_default ... ok
test storage::tests::atomic_coordinator_tests::test_staging_config_with_custom_staging_dir ... ok
test storage::tests::atomic_coordinator_tests::test_staging_operation_type_variants ... ok
test storage::tests::atomic_coordinator_tests::test_transaction_lifecycle ... ok
test storage::tests::atomic_coordinator_tests::test_transaction_rollback ... ok
test storage::tests::atomic_coordinator_tests::test_viper_atomic_operations ... ok
test storage::tests::atomic_coordinator_tests::test_wal_atomic_operations ... ignored, Temporarily disabled - causes segfault in tarpaulin
test storage::tests::atomic_coordinator_tests::test_write_after_finalize ... ok
test storage::tests::atomic_coordinator_tests::test_write_to_staging ... ok
test storage::tests::atomic_write_tests::test_atomic_wal_to_storage_flow ... ok
test storage::tests::atomic_write_tests::test_atomic_write_failure_rollback ... ok
test storage::tests::atomic_write_tests::test_atomic_write_with_sync ... ok
test storage::tests::atomic_write_tests::test_cloud_storage_atomic_pattern ... ok
test storage::tests::atomic_write_tests::test_concurrent_atomic_operations ... ok
test storage::tests::atomic_write_tests::test_metadata_consistency_during_atomic_write ... ok
test storage::tests::atomic_write_tests::test_partial_write_prevention ... ok
test storage::tests::storage_engine_concurrency_tests::tests::test_batch_write_concurrency ... ok
test storage::tests::storage_engine_concurrency_tests::tests::test_concurrent_collection_creation ... ok
test storage::tests::storage_engine_concurrency_tests::tests::test_concurrent_collection_operations ... ok
test storage::tests::storage_engine_concurrency_tests::tests::test_concurrent_reads_writes ... ok
test storage::tests::storage_engine_concurrency_tests::tests::test_concurrent_writes_single_collection ... ok
test storage::tests::storage_engine_concurrency_tests::tests::test_high_contention_single_collection ... ok
test storage::tests::storage_engine_simple_tests::test_batch_write_empty_vectors ... ok
test storage::tests::storage_engine_simple_tests::test_batch_write_single_vector ... ok
test storage::tests::storage_engine_simple_tests::test_cleanup_for_tests ... ok
test storage::tests::storage_engine_simple_tests::test_concurrent_vector_writes ... ok
test storage::tests::storage_engine_simple_tests::test_create_test_vector_function ... ok
test storage::tests::storage_engine_simple_tests::test_delete_collection_empty ... ok
test storage::tests::storage_engine_simple_tests::test_edge_case_empty_vector_dimensions ... ok
test storage::tests::storage_engine_simple_tests::test_edge_case_large_vector ... ok
test storage::tests::storage_engine_simple_tests::test_get_all_vectors_empty_collection ... ok
test storage::tests::storage_engine_simple_tests::test_metadata_provider_workflow ... ok
test storage::tests::storage_engine_simple_tests::test_multiple_collection_creation ... ok
test storage::tests::storage_engine_simple_tests::test_multiple_collection_operations ... ok
test storage::tests::storage_engine_simple_tests::test_recovered_collections_metadata_empty ... ok
test storage::tests::storage_engine_simple_tests::test_soft_delete_non_existent_vector ... ok
test storage::tests::storage_engine_simple_tests::test_storage_engine_creation ... ok
test storage::tests::storage_engine_simple_tests::test_storage_engine_startup_shutdown ... ok
test storage::tests::storage_engine_simple_tests::test_vector_existence_check ... ok
test storage::tests::storage_engine_simple_tests::test_vector_with_no_id ... ok
test storage::tests::storage_engine_simple_tests::test_vector_write_without_collection ... ok
test storage::tests::storage_engine_simple_tests::test_write_buffer_manager_access ... ok
test storage::unified_cache::tests::test_cross_engine_sharing ... ok
test storage::unified_cache::tests::test_memory_pressure_handling ... ok
test storage::unified_cache::tests::test_unified_cache_basic_operations ... ok
test storage::validation::tests::test_data_storage_validation ... ok
test storage::validation::tests::test_recommendations ... ok
test storage::validation::tests::test_url_validation ... ok

test result: ok. 882 passed; 0 failed; 10 ignored; 0 measured; 0 filtered out; finished in 13.23s

     Running unittests src/bin/benchmark_real.rs (target/debug/deps/benchmark_real-28695c3f854bd583)

running 0 tests

test result: ok. 0 passed; 0 failed; 0 ignored; 0 measured; 0 filtered out; finished in 0.00s

     Running unittests src/bin/server.rs (target/debug/deps/proximadb_server-e883042a6203039d)

running 0 tests

test result: ok. 0 passed; 0 failed; 0 ignored; 0 measured; 0 filtered out; finished in 0.00s

     Running tests/axis_integration.rs (target/debug/deps/axis_integration-c8b54a433c53cde6)

running 6 tests
test test_axis_adaptive_optimization ... ok
test test_axis_collection_lifecycle ... ok
test test_axis_complex_hybrid_queries ... ok
test test_axis_concurrent_operations ... ok
test test_axis_large_scale_insertion ... ok
test test_axis_system_recovery ... ok

test result: ok. 6 passed; 0 failed; 0 ignored; 0 measured; 0 filtered out; finished in 0.01s

     Running tests/cloud_emulator_integration_test.rs (target/debug/deps/cloud_emulator_integration_test-96aae8e89c22d242)

running 8 tests
test test_complete_cloud_emulator_integration ... ignored, Requires MinIO and fake-gcs-server to be installed
test test_concurrent_cloud_operations ... ignored, Requires MinIO to be installed
test test_cross_cloud_atomic_operations ... ignored, Requires MinIO and fake-gcs-server to be installed
test test_cross_cloud_operations ... ignored, Requires MinIO and fake-gcs-server to be installed
test test_gcs_atomic_write_operations ... ignored, Requires fake-gcs-server to be installed
test test_gcs_fake_server_integration ... ignored, Requires fake-gcs-server to be installed
test test_minio_s3_integration ... ignored, Requires MinIO to be installed
test test_s3_atomic_write_operations ... ignored, Requires MinIO to be installed

test result: ok. 0 passed; 0 failed; 8 ignored; 0 measured; 0 filtered out; finished in 0.00s

     Running tests/filesystem_integration_test.rs (target/debug/deps/filesystem_integration_test-3ebd2f2198162857)

running 1 test
test test_filesystem_concept ... ok

test result: ok. 1 passed; 0 failed; 0 ignored; 0 measured; 0 filtered out; finished in 0.00s

     Running tests/rust/mod.rs (target/debug/deps/integration-f6b5e39f4a1e52f1)

running 185 tests
test integration::assignment_discovery_simple_test::test_assignment_service_implementation_gaps ... ok
test integration::assignment_discovery_simple_test::test_collection_directory_discovery ... ok
test integration::assignment_service_recovery_integration_test::test_assignment_persistence_and_recovery ... ok
test integration::assignment_service_recovery_integration_test::test_assignment_service_discovery_after_restart ... ok
test integration::isolated_filesystem_test::test_isolated_filesystem_basic_operations ... ok
test integration::isolated_filesystem_test::test_isolated_filesystem_concurrent_operations ... ok
test integration::isolated_filesystem_test::test_isolated_filesystem_directory_operations ... ok
test integration::isolated_filesystem_test::test_isolated_filesystem_error_handling ... ok
test integration::isolated_filesystem_test::test_isolated_filesystem_large_file_operations ... ok
test integration::isolated_filesystem_test::test_isolated_filesystem_multi_collection_isolation ... ok
test integration::isolated_sst_engine_test::test_isolated_multi_collection_isolation ... ok
test integration::isolated_sst_engine_test::test_isolated_sst_basic_operations ... ok
test integration::isolated_sst_engine_test::test_isolated_sst_concurrent_operations ... ok
test integration::isolated_sst_engine_test::test_isolated_sst_distance_metrics ... ok
test integration::isolated_sst_engine_test::test_isolated_sst_flush_and_compaction ... ok
test integration::isolated_sst_engine_test::test_isolated_sst_large_dataset ... ok
test integration::isolated_sst_engine_test::test_isolated_sst_metadata_filtering ... ok
test integration::isolated_sst_engine_test::test_isolated_sst_recovery_persistence ... ok
test integration::isolated_storage_assignment_test::test_isolated_assignment_persistence ... ok
test integration::isolated_storage_assignment_test::test_isolated_assignment_removal ... ok
test integration::isolated_storage_assignment_test::test_isolated_assignment_statistics ... ok
test integration::isolated_storage_assignment_test::test_isolated_basic_assignment ... ok
test integration::isolated_storage_assignment_test::test_isolated_concurrent_assignment_safety ... ok
test integration::isolated_storage_assignment_test::test_isolated_multi_environment_isolation ... ok
test integration::isolated_storage_assignment_test::test_isolated_multiple_storage_locations ... ok
test integration::isolated_storage_assignment_test::test_isolated_weighted_assignment ... ok
test integration::mvcc_logic_integration_test::test_mvcc_integration_append_only_vectors ... ok
test integration::mvcc_logic_integration_test::test_mvcc_integration_complex_scenario ... ok
test integration::mvcc_logic_integration_test::test_mvcc_integration_duplicate_versions ... ok
test integration::mvcc_logic_integration_test::test_mvcc_integration_normal_progression ... ok
test integration::mvcc_logic_integration_test::test_mvcc_integration_tombstone_handling ... ok
test integration::mvcc_logic_integration_test::test_mvcc_integration_version_continuity_multiple_docs ... ok
test integration::mvcc_logic_integration_test::test_mvcc_integration_version_gap ... ok
test integration::optimization_e2e_test::test_optimization_end_to_end ... ok
test integration::semantic_distance_integration::test_batch_semantic_distance ... ok
test integration::semantic_distance_integration::test_comparative_metric_ordering ... ok
test integration::semantic_distance_integration::test_dot_product_semantic_inversion ... ok
test integration::semantic_distance_integration::test_edge_cases_and_error_handling ... ok
test integration::semantic_distance_integration::test_memtable_semantic_search ... ok
test integration::semantic_distance_integration::test_metric_properties_and_validation ... ok
test integration::semantic_distance_integration::test_quantization_semantic_distance ... ok
test integration::semantic_distance_integration::test_semantic_consistency_across_metrics ... ok
test integration::sst_collection_test::common::test_assignments::tests::test_persistent_assignments ... ok
test integration::sst_collection_test::test_lsm_collection_with_proper_routing ... ok
test integration::sst_compression_integration_test::test_compression_enabled_vs_disabled ... ok
test integration::sst_compression_integration_test::test_compression_levels ... ok
test integration::sst_compression_integration_test::test_sst_compaction_with_compression ... ok
test integration::sst_compression_integration_test::test_sst_datablock_compression ... ok
test integration::sst_compression_integration_test::test_sst_flush_with_compression ... ok
test integration::sst_compression_integration_test::test_sst_search_compressed_blocks ... ok
test integration::sst_search_integration_test::common::test_assignments::tests::test_persistent_assignments ... ok
test integration::sst_search_integration_test::test_lsm_bloom_filter_efficiency ... ok
test integration::sst_search_integration_test::test_lsm_compaction_and_search ... ok
test integration::sst_search_integration_test::test_lsm_search_with_flush ... ok
test integration::test_utils::tests::test_isolated_environment_creation ... ok
test integration::test_utils::tests::test_multiple_environments_isolation ... ok
test integration::unified_search_integration::test_api_usage_patterns ... ok
test integration::unified_search_integration::test_distance_metrics ... ok
test integration::unified_search_integration::test_search_params_edge_cases ... ok
test integration::unified_search_integration::test_search_params_functionality ... ok
test integration::unified_search_integration::test_search_result_structure ... ok
test integration::unified_search_integration::test_unified_search_context ... ok
test integration::unified_search_integration::test_unified_search_engine_interface ... ok
test integration::unified_search_integration::test_unified_search_interface ... ok
test integration::unified_search_integration::test_vector_record_structure ... ok
test integration::viper::metadata_filtering_test::test_viper_metadata_filtering_integration ... ok
test integration::viper_compression_integration_test::test_compression_algorithms_comparison ... ok
test integration::viper_compression_integration_test::test_compression_enabled_vs_disabled ... ok
test integration::viper_compression_integration_test::test_viper_binary_array_optimization ... ok
test integration::viper_compression_integration_test::test_viper_compaction_with_compression ... ok
test integration::viper_compression_integration_test::test_viper_flush_with_compression ... ok
test integration::viper_compression_integration_test::test_viper_search_compressed_data ... ok
test integration::write_buffer_optimization_integration_test::test_basic_service_creation ... ok
test test_proto_integration::test_handler_hint_processing ... ok
test test_proto_integration::test_index_config_field ... ok
test test_proto_integration::test_quantization_config_fields ... ok
test test_proto_integration::test_quantization_message_types_exist ... ok
test test_proto_integration::test_search_optimization_hints_field ... ok
test test_quantization_integration::test_grpc_optimization_hints_structure ... ok
test test_quantization_integration::test_quantization_config_creation ... ok
test test_quantization_integration::test_quantization_type_variants ... ok
test test_quantization_integration::test_rest_search_request_with_optimization_hints ... ok
test test_quantization_integration::test_search_optimization_hints_parsing ... ok
test test_simple_vector_ops::test_collection_config_with_quantization ... ok
test test_simple_vector_ops::test_distance_metric_types ... ok
test test_simple_vector_ops::test_storage_engine_types ... ok
test test_simple_vector_ops::test_vector_mutation_operations ... ok
test test_simple_vector_ops::test_vector_record_creation ... ok
test test_simple_vector_ops::test_vector_search_request_structure ... ok
test unit_tests::storage::assignment_service_advanced_tests::assignment_service_advanced_tests::test_assignment_distribution_fairness ... ok
test unit_tests::storage::assignment_service_advanced_tests::assignment_service_advanced_tests::test_assignment_idempotency ... ok
test unit_tests::storage::assignment_service_advanced_tests::assignment_service_advanced_tests::test_assignment_persistence_across_calls ... ok
test unit_tests::storage::assignment_service_advanced_tests::assignment_service_advanced_tests::test_assignment_service_singleton ... ok
test unit_tests::storage::assignment_service_advanced_tests::assignment_service_advanced_tests::test_assignment_url_normalization ... ok
test unit_tests::storage::assignment_service_advanced_tests::assignment_service_advanced_tests::test_assignment_with_different_weights ... ok
test unit_tests::storage::assignment_service_advanced_tests::assignment_service_advanced_tests::test_assignment_with_empty_strategy ... ok
test unit_tests::storage::assignment_service_advanced_tests::assignment_service_advanced_tests::test_concurrent_assignment_safety ... ok
test unit_tests::storage::assignment_service_recovery_test::test_assignment_service_disk_failure_simulation ... ok
test unit_tests::storage::assignment_service_recovery_test::test_assignment_service_recovery_multi_disk ... ok
test unit_tests::storage::assignment_service_recovery_test::test_assignment_service_recovery_with_missing_metadata ... ok
test unit_tests::storage::metadata_backend_tests::test_collection_metadata_provider_trait ... ok
test unit_tests::storage::metadata_backend_tests::test_collection_service_dependency_injection ... ok
test unit_tests::storage::metadata_backend_tests::test_concurrent_metadata_operations ... ok
test unit_tests::storage::metadata_backend_tests::test_metadata_backend_deletion ... ok
test unit_tests::storage::metadata_backend_tests::test_metadata_backend_persistence ... ignored, This test hangs intermittently - needs investigation
test unit_tests::storage::metadata_backend_tests::test_metadata_backend_updates ... ok
test unit_tests::storage::metadata_backend_tests::test_single_metadata_backend_instance ... ok
test unit_tests::storage::metadata_indexes_tests::test_concurrent_operations ... ok
test unit_tests::storage::metadata_indexes_tests::test_name_lookup_performance ... ok
test unit_tests::storage::metadata_indexes_tests::test_prefix_search ... ok
test unit_tests::storage::metadata_indexes_tests::test_rebuild_performance ... ok
test unit_tests::storage::metadata_indexes_tests::test_uuid_lookup_performance ... ok
test unit_tests::storage::mvcc_resolution_tests::test_apply_mvcc_deduplication ... ok
test unit_tests::storage::mvcc_resolution_tests::test_mvcc_complex_scenario ... ok
test unit_tests::storage::mvcc_resolution_tests::test_mvcc_edge_cases ... ok
test unit_tests::storage::mvcc_resolution_tests::test_mvcc_result_sorting ... ok
test unit_tests::storage::mvcc_resolution_tests::test_version_continuity_validation ... ok
test unit_tests::storage::single_index_tests::test_concurrent_access ... ok
test unit_tests::storage::single_index_tests::test_performance_characteristics ... ok
test unit_tests::storage::single_index_tests::test_single_index_operations ... ok
test unit_tests::storage::single_index_tests::test_single_index_rebuild ... ok
test unit_tests::storage::sst_atomic_operations_test::common::test_assignments::tests::test_persistent_assignments ... ok
test unit_tests::storage::sst_atomic_operations_test::test_concurrent_flushes_across_collections ... ok
test unit_tests::storage::sst_atomic_operations_test::test_lsm_atomic_compaction_with_staging ... ok
test unit_tests::storage::sst_atomic_operations_test::test_lsm_atomic_flush_creates_staging_directory ... ok
test unit_tests::storage::sst_atomic_operations_test::test_lsm_atomic_flush_rollback_on_failure ... ok
test unit_tests::storage::sst_atomic_operations_test::test_lsm_sequential_flush_within_collection ... ok
test unit_tests::storage::sst_core_tests::common::test_assignments::tests::test_persistent_assignments ... ok
test unit_tests::storage::sst_core_tests::test_lsm_basic_operations ... ok
test unit_tests::storage::sst_core_tests::test_lsm_compaction ... ok
test unit_tests::storage::sst_core_tests::test_lsm_recovery ... ok
test unit_tests::storage::sst_flush_test::common::test_assignments::tests::test_persistent_assignments ... ok
test unit_tests::storage::sst_flush_test::test_lsm_do_flush_with_bloom_filter ... ok
test unit_tests::storage::sst_sstable_format_test::test_sstable_format_inspection ... ok
test unit_tests::storage::sst_sstable_format_test::test_sstable_write_read_format ... ok
test unit_tests::storage::storage_assignment_tests::storage_assignment_tests::test_assignment_discovery ... ok
test unit_tests::storage::storage_assignment_tests::storage_assignment_tests::test_assignment_url_formats ... ok
test unit_tests::storage::storage_assignment_tests::storage_assignment_tests::test_assignment_with_empty_locations ... ok
test unit_tests::storage::storage_assignment_tests::storage_assignment_tests::test_concurrent_assignments ... ok
test unit_tests::storage::storage_assignment_tests::storage_assignment_tests::test_global_assignment_service ... ok
test unit_tests::storage::storage_assignment_tests::storage_assignment_tests::test_persistent_assignment ... ok
test unit_tests::storage::storage_assignment_tests::storage_assignment_tests::test_round_robin_distribution ... ok
test unit_tests::storage::storage_assignment_tests::storage_assignment_tests::test_unified_assignment_trailing_slash ... ok
test unit_tests::storage::storage_assignment_tests::storage_assignment_tests::test_unified_assignment_urls ... ok
test unit_tests::storage::storage_assignment_tests::storage_assignment_tests::test_weighted_distribution ... ok
test unit_tests::storage::test_threshold_triggers::test_compaction_threshold_configuration ... ok
test unit_tests::storage::test_threshold_triggers::test_compaction_threshold_logic ... ok
test unit_tests::storage::test_threshold_triggers::test_global_flush_threshold_configuration ... ok
test unit_tests::storage::test_threshold_triggers::test_global_flush_threshold_logic ... ok
test unit_tests::storage::test_threshold_triggers::test_memory_flush_threshold_configuration ... ok
test unit_tests::storage::test_threshold_triggers::test_memory_threshold_logic ... ok
test unit_tests::storage::test_threshold_triggers::test_multiple_compaction_triggers ... ok
test unit_tests::storage::test_threshold_triggers::test_multiple_flush_triggers ... ok
test unit_tests::storage::test_write_buffer_config_simple::write_buffer_config_tests::test_collection_config_overrides ... ok
test unit_tests::storage::test_write_buffer_config_simple::write_buffer_config_tests::test_collection_write_buffer_config ... ok
test unit_tests::storage::test_write_buffer_config_simple::write_buffer_config_tests::test_compression_algorithms ... ok
test unit_tests::storage::test_write_buffer_config_simple::write_buffer_config_tests::test_compression_config_defaults ... ok
test unit_tests::storage::test_write_buffer_config_simple::write_buffer_config_tests::test_config_edge_cases ... ok
test unit_tests::storage::test_write_buffer_config_simple::write_buffer_config_tests::test_config_validation_properties ... ok
test unit_tests::storage::test_write_buffer_config_simple::write_buffer_config_tests::test_disk_distribution_strategy ... ok
test unit_tests::storage::test_write_buffer_config_simple::write_buffer_config_tests::test_memtable_config_defaults ... ok
test unit_tests::storage::test_write_buffer_config_simple::write_buffer_config_tests::test_memtable_type_defaults ... ok
test unit_tests::storage::test_write_buffer_config_simple::write_buffer_config_tests::test_multi_disk_config_defaults ... ok
test unit_tests::storage::test_write_buffer_config_simple::write_buffer_config_tests::test_performance_config_custom ... ok
test unit_tests::storage::test_write_buffer_config_simple::write_buffer_config_tests::test_performance_config_defaults ... ok
test unit_tests::storage::test_write_buffer_config_simple::write_buffer_config_tests::test_sync_mode_variants ... ok
test unit_tests::storage::test_write_buffer_config_simple::write_buffer_config_tests::test_wal_strategy_type_defaults ... ok
test unit_tests::storage::test_write_buffer_config_simple::write_buffer_config_tests::test_write_buffer_config_comprehensive ... ok
test unit_tests::storage::test_write_buffer_config_simple::write_buffer_config_tests::test_write_buffer_config_defaults ... ok
test unit_tests::storage::unified_cache_test::test_adaptive_eviction_policies ... ok
test unit_tests::storage::unified_cache_test::test_cache_invalidation_consistency ... ok
test unit_tests::storage::unified_cache_test::test_cache_metrics_accuracy ... ok
test unit_tests::storage::unified_cache_test::test_concurrent_access_performance ... ok
test unit_tests::storage::unified_cache_test::test_cross_engine_sharing_effectiveness ... ok
test unit_tests::storage::unified_cache_test::test_memory_deduplication_savings ... ok
test unit_tests::storage::unified_cache_test::test_memory_pressure_handling ... ok
test unit_tests::storage::unified_cache_test::test_multi_tier_cache_promotion ... ok
test unit_tests::storage::unified_cache_test::test_realistic_multi_engine_workload ... ok
test unit_tests::storage::unified_cache_test::test_unified_cache_basic_operations ... ok
test unit_tests::storage::unified_index_tests::test_basic_operations ... ok
test unit_tests::storage::unified_index_tests::test_concurrent_access ... ok
test unit_tests::storage::unified_index_tests::test_performance_metrics ... ok
test unit_tests::storage::unified_index_tests::test_rebuild_from_records ... ok
test unit_tests::write_buffer_recovery_stress_tests::tests::stress_test_concurrent_recovery ... ok
test unit_tests::write_buffer_recovery_stress_tests::tests::stress_test_large_wal_files ... ok

test result: ok. 184 passed; 0 failed; 1 ignored; 0 measured; 0 filtered out; finished in 14.71s

     Running tests/lib.rs (target/debug/deps/lib-246e04caecd467d7)

running 1 test
test common::test_assignments::tests::test_persistent_assignments ... ok

test result: ok. 1 passed; 0 failed; 0 ignored; 0 measured; 0 filtered out; finished in 0.02s

     Running tests/logical_operators_tests.rs (target/debug/deps/logical_operators_tests-290df85e580109dc)

running 13 tests
test tests::test_array_operations ... ok
test tests::test_comparison_operators ... ok
test tests::test_complex_business_logic_queries ... ok
test tests::test_complex_logical_combinations ... ok
test tests::test_error_handling ... ok
test tests::test_field_existence_operators ... ok
test tests::test_integration_with_multi_tier_deduplicator ... ok
test tests::test_logical_and_operator ... ok
test tests::test_logical_not_operator ... ok
test tests::test_logical_or_operator ... ok
test tests::test_performance_with_large_metadata ... ok
test tests::test_query_builder ... ok
test tests::test_range_queries ... ok

test result: ok. 13 passed; 0 failed; 0 ignored; 0 measured; 0 filtered out; finished in 0.00s

     Running tests/quantization_basic_tests.rs (target/debug/deps/quantization_basic_tests-56325c968bc14b0c)

running 6 tests
test tests::test_product_quantization_basic ... ok
test tests::test_quantization_edge_cases ... ok
test tests::test_quantization_levels ... ok
test tests::test_quantization_memory_efficiency ... ok
test tests::test_quantization_model_serialization ... ok
test tests::test_viper_quantization_engine ... ok

test result: ok. 6 passed; 0 failed; 0 ignored; 0 measured; 0 filtered out; finished in 0.00s

     Running tests/quantization_integration_tests.rs (target/debug/deps/quantization_integration_tests-9ec185e4daf71540)

running 7 tests
test test_adaptive_quantization_selection ... ok
test test_model_serialization ... ok
test test_quantization_error_handling ... ok
test test_quantization_quality_metrics ... ok
test test_unified_binary_quantization ... ok
test test_unified_product_quantization ... ok
test test_viper_quantization_integration ... ok

test result: ok. 7 passed; 0 failed; 0 ignored; 0 measured; 0 filtered out; finished in 0.01s

     Running tests/recovery_stress_test.rs (target/debug/deps/recovery_stress_test-fdab0f8407404b7b)

running 5 tests
test recovery_stress_tests::test_concurrent_recovery_stress ... ok
test recovery_stress_tests::test_recovery_after_incomplete_flush ... ok
test recovery_stress_tests::test_recovery_memory_efficiency ... ok
test recovery_stress_tests::test_recovery_with_large_dataset ... ok
test recovery_stress_tests::test_recovery_with_mixed_engines ... ok

test result: ok. 5 passed; 0 failed; 0 ignored; 0 measured; 0 filtered out; finished in 1.37s

     Running tests/recovery_test.rs (target/debug/deps/recovery_test-5c57485752b4766e)

running 2 tests
test test_recovery_after_crash ... ok
test test_recovery_with_multiple_collections ... ok

test result: ok. 2 passed; 0 failed; 0 ignored; 0 measured; 0 filtered out; finished in 0.59s

     Running tests/simple_viper_test.rs (target/debug/deps/simple_viper_test-4093d9a00c014651)

running 1 test
test test_viper_metadata_filtering ... ignored

test result: ok. 0 passed; 0 failed; 1 ignored; 0 measured; 0 filtered out; finished in 0.00s

     Running tests/test_unified_modules.rs (target/debug/deps/test_unified_modules-1d6c3037c2dcd217)

running 263 tests
test unit::compute::algorithms_tests::test_brute_force_add_vectors_batch ... ok
test unit::compute::algorithms_tests::test_brute_force_duplicate_vector_error ... ok
test unit::compute::algorithms_tests::test_brute_force_memory_usage ... ok
test unit::compute::algorithms_tests::test_brute_force_optimize ... ok
test unit::compute::algorithms_tests::test_brute_force_remove_vector ... ok
test unit::compute::algorithms_tests::test_brute_force_search_basic ... ok
test unit::compute::algorithms_tests::test_brute_force_search_with_metadata ... ok
test unit::compute::algorithms_tests::test_different_distance_metrics ... ok
test unit::compute::algorithms_tests::test_empty_search ... ok
test unit::compute::algorithms_tests::test_hnsw_add_vectors_batch ... ok
test unit::compute::algorithms_tests::test_hnsw_basic_operations ... ok
test unit::compute::algorithms_tests::test_hnsw_duplicate_vector_error ... ok
test unit::compute::algorithms_tests::test_hnsw_memory_usage ... ok
test unit::compute::algorithms_tests::test_hnsw_optimize ... ok
test unit::compute::algorithms_tests::test_hnsw_remove_vector ... ok
test unit::compute::algorithms_tests::test_hnsw_search_with_filter ... ok
test unit::compute::algorithms_tests::test_hnsw_with_metadata ... ok
test unit::compute::algorithms_tests::test_search_more_than_available ... ok
test unit::compute::algorithms_tests::test_search_result_ordering ... ok
test unit::compute::distance_avx512_tests::tests::test_accuracy_consistency ... ok
test unit::compute::distance_avx512_tests::tests::test_avx_distance_calculations ... ok
test unit::compute::distance_avx512_tests::tests::test_avx_unaligned_sizes ... ok
test unit::compute::distance_avx512_tests::tests::test_batch_processing_performance ... ok
test unit::compute::distance_avx512_tests::tests::test_extreme_values ... ok
test unit::compute::distance_avx512_tests::tests::test_large_vector_performance ... ok
test unit::compute::distance_avx512_tests::tests::test_orthogonal_vectors ... ok
test unit::compute::distance_avx512_tests::tests::test_parallel_vectors ... ok
test unit::compute::distance_avx512_tests::tests::test_platform_specific_optimizations ... ok
test unit::compute::distance_avx512_tests::tests::test_zero_vectors ... ok
test unit::compute::distance_tests::test_angular_distance ... ok
test unit::compute::distance_tests::test_batch_consistency ... ok
test unit::compute::distance_tests::test_batch_processing ... ok
test unit::compute::distance_tests::test_bray_curtis_distance ... ok
test unit::compute::distance_tests::test_canberra_distance ... ok
test unit::compute::distance_tests::test_chebyshev_distance ... ok
test unit::compute::distance_tests::test_distance_metric_properties ... ok
test unit::compute::distance_tests::test_edge_cases ... ok
test unit::compute::distance_tests::test_hamming_distance ... ok
test unit::compute::distance_tests::test_hellinger_distance ... ok
test unit::compute::distance_tests::test_jaccard_distance ... ok
test unit::compute::distance_tests::test_large_vector_dimensions ... ok
test unit::compute::distance_tests::test_metric_specific_implementations ... ok
test unit::compute::distance_tests::test_minkowski_distance ... ok
test unit::compute::distance_tests::test_nan_and_infinity_handling ... ok
test unit::compute::distance_tests::test_platform_detection ... ok
test unit::compute::distance_tests::test_scalar_implementations ... ok
test unit::compute::distance_tests::test_simd_vs_scalar_consistency ... ok
test unit::compute::distance_tests::test_zero_vectors ... ok
test unit::compute::hardware_tests::test_batch_size_config ... ok
test unit::compute::hardware_tests::test_cpu_accelerator ... ok
test unit::compute::hardware_tests::test_cpu_features ... ok
test unit::compute::hardware_tests::test_detect_hardware_capabilities_cached ... ok
test unit::compute::hardware_tests::test_gpu_capabilities ... ok
test unit::compute::hardware_tests::test_hardware_accelerator_edge_cases ... ok
test unit::compute::hardware_tests::test_hardware_capabilities_detection ... ok
test unit::compute::hardware_tests::test_hardware_info_construction ... ok
test unit::compute::hardware_tests::test_memory_info_detection ... ok
test unit::compute::hardware_tests::test_memory_strategy ... ok
test unit::compute::hardware_tests::test_optimal_paths ... ok
test unit::compute::hardware_tests::test_rocm_accelerator ... ok
test unit::compute::hardware_tests::test_simd_level_detection ... ok
test unit::compute::hardware_tests::test_simd_level_ordering ... ok
test unit::compute::test_unified_modules_coverage::test_unified_modules_integration ... ok
test unit::compute::test_unified_modules_coverage::unified_distance_coverage::test_all_distance_metrics ... ok
test unit::compute::test_unified_modules_coverage::unified_distance_coverage::test_batch_distance_calculation ... ok
test unit::compute::test_unified_modules_coverage::unified_distance_coverage::test_chunked_batch_calculation ... ok
test unit::compute::test_unified_modules_coverage::unified_distance_coverage::test_custom_distance_metric ... ok
test unit::compute::test_unified_modules_coverage::unified_distance_coverage::test_dimension_mismatch_handling ... ok
test unit::compute::test_unified_modules_coverage::unified_distance_coverage::test_distance_normalization ... ok
test unit::compute::test_unified_modules_coverage::unified_distance_coverage::test_special_float_values ... ok
test unit::compute::test_unified_modules_coverage::unified_distance_coverage::test_unified_distance_construction ... ok
test unit::compute::test_unified_modules_coverage::unified_quantization_coverage::test_batch_quantization ... ok
test unit::compute::test_unified_modules_coverage::unified_quantization_coverage::test_binary_quantization ... ok
test unit::compute::test_unified_modules_coverage::unified_quantization_coverage::test_bytes_per_vector_calculation ... ok
test unit::compute::test_unified_modules_coverage::unified_quantization_coverage::test_compression_ratio ... ok
test unit::compute::test_unified_modules_coverage::unified_quantization_coverage::test_distance_on_quantized_vectors ... ok
test unit::compute::test_unified_modules_coverage::unified_quantization_coverage::test_no_quantization ... ok
test unit::compute::test_unified_modules_coverage::unified_quantization_coverage::test_product_quantization ... ok
test unit::compute::test_unified_modules_coverage::unified_quantization_coverage::test_quantization_edge_cases ... ok
test unit::compute::test_unified_modules_coverage::unified_quantization_coverage::test_quantization_level_helpers ... ok
test unit::compute::test_unified_modules_coverage::unified_quantization_coverage::test_scalar_quantization ... ok
test unit::compute::test_unified_modules_coverage::unified_quantization_coverage::test_uniform_quantization ... ok
test unit::compute::unified_quantization_tests::test_bytes_per_vector_calculation ... ok
test unit::compute::unified_quantization_tests::test_compression_ratio ... ok
test unit::compute::unified_quantization_tests::test_compression_ratio_calculations ... ok
test unit::compute::unified_quantization_tests::test_hamming_distance_calculation ... ok
test unit::compute::unified_quantization_tests::test_in_memory_codebook_store ... ok
test unit::compute::unified_quantization_tests::test_pq_distance_calculation ... ok
test unit::compute::unified_quantization_tests::test_quantization_level_bytes ... ok
test unit::compute::unified_quantization_tests::test_quantization_level_variants ... ok
test unit::compute::unified_quantization_tests::test_quantization_roundtrip ... ok
test unit::mvcc_logic_tests::test_mvcc_append_only_vectors ... ok
test unit::mvcc_logic_tests::test_mvcc_complex_scenario ... ok
test unit::mvcc_logic_tests::test_mvcc_duplicate_versions ... ok
test unit::mvcc_logic_tests::test_mvcc_edge_cases ... ok
test unit::mvcc_logic_tests::test_mvcc_mixed_with_and_without_ids ... ok
test unit::mvcc_logic_tests::test_mvcc_multiple_documents ... ok
test unit::mvcc_logic_tests::test_mvcc_normal_progression ... ok
test unit::mvcc_logic_tests::test_mvcc_result_sorting ... ok
test unit::mvcc_logic_tests::test_mvcc_version_gap ... ok
test unit::mvcc_logic_tests::test_sst_compaction_logic ... ok
test unit::mvcc_logic_tests::test_version_continuity_validation ... ok
test unit::search::multi_tier_deduplication_tests::test_basic_deduplication ... ok
test unit::search::multi_tier_deduplication_tests::test_complex_deduplication_scenario ... ok
test unit::search::multi_tier_deduplication_tests::test_deduplication_without_ids ... ok
test unit::search::multi_tier_deduplication_tests::test_k_limit_enforcement ... ok
test unit::search::multi_tier_deduplication_tests::test_metadata_filtering ... ok
test unit::search::multi_tier_deduplication_tests::test_mixed_engine_deduplication ... ok
test unit::search::multi_tier_deduplication_tests::test_simple_metadata_query ... ok
test unit::search::multi_tier_deduplication_tests::test_storage_tier_ordering ... ok
test unit::serialization_compression_tests::fixed_length_tests::test_fixed_length_vectors ... ok
test unit::serialization_compression_tests::fixed_length_tests::test_fixed_vs_dynamic_performance ... ok
test unit::serialization_compression_tests::streaming_compression_tests::test_streaming_adaptive_buffer ... ok
test unit::serialization_compression_tests::streaming_compression_tests::test_streaming_compression_basic ... ok
test unit::serialization_compression_tests::test_adaptive_compression ... ok
test unit::serialization_compression_tests::test_bytemuck_serialization_basic ... ok
test unit::serialization_compression_tests::test_compression_algorithm_comparison ... ok
test unit::serialization_compression_tests::test_compression_threshold_behavior ... ok
test unit::serialization_compression_tests::test_concurrent_serialization ... ok
test unit::serialization_compression_tests::test_corrupted_data_handling ... ok
test unit::serialization_compression_tests::test_dimension_optimized_configs ... ok
test unit::serialization_compression_tests::test_edge_cases ... ok
test unit::serialization_compression_tests::test_memory_pool_serialization ... ok
test unit::serialization_compression_tests::test_zstd_compression_effectiveness ... ok
test unit::server::server_builder_tests::test_server_builder_creation ... ok
test unit::server::server_builder_tests::test_server_builder_methods_exist ... ok
test unit::services::collection_service_tests::test_create_collection ... ok
test unit::services::collection_service_tests::test_delete_collection ... ok
test unit::services::collection_service_tests::test_get_collection ... ok
test unit::services::collection_service_tests::test_list_collections ... ok
test unit::services::vector_service_tests::tests::test_direct_vector_service_basic ... ok
test unit::services::vector_service_tests::tests::test_optimized_format_selection ... ok
test unit::sql_comprehensive_operator_tests::tests::test_sql_and_operator ... ignored, Known issue: metadata filtering returns incorrect results (VIPER/SST engines)
test unit::sql_comprehensive_operator_tests::tests::test_sql_between_operator ... ignored, Known issue: metadata filtering returns incorrect results (VIPER/SST engines)
test unit::sql_comprehensive_operator_tests::tests::test_sql_comparison_operators ... ignored, Known issue: metadata filtering returns incorrect results (VIPER/SST engines)
test unit::sql_comprehensive_operator_tests::tests::test_sql_complex_logical_operators ... ignored, Known issue: metadata filtering returns incorrect results (VIPER/SST engines)
test unit::sql_comprehensive_operator_tests::tests::test_sql_edge_cases ... ok
test unit::sql_comprehensive_operator_tests::tests::test_sql_equality_operators ... ignored, Known issue: metadata filtering returns incorrect results (VIPER/SST engines)
test unit::sql_comprehensive_operator_tests::tests::test_sql_in_operator ... ignored, Known issue: metadata filtering returns incorrect results (VIPER/SST engines)
test unit::sql_comprehensive_operator_tests::tests::test_sql_multiple_vector_scenarios ... ignored, Known issue: metadata filtering returns incorrect results (VIPER/SST engines)
test unit::sql_comprehensive_operator_tests::tests::test_sql_or_operator ... ignored, Known issue: metadata filtering returns incorrect results (VIPER/SST engines)
test unit::sql_parsing_verification_test::tests::test_sql_and_operator_parsing ... ok
test unit::sql_parsing_verification_test::tests::test_sql_between_operator_parsing ... ok
test unit::sql_parsing_verification_test::tests::test_sql_comparison_operators ... ok
test unit::sql_parsing_verification_test::tests::test_sql_complex_nested_conditions ... ok
test unit::sql_parsing_verification_test::tests::test_sql_empty_in_clause_error ... ok
test unit::sql_parsing_verification_test::tests::test_sql_equality_parsing ... ok
test unit::sql_parsing_verification_test::tests::test_sql_in_operator_parsing ... ok
test unit::sql_parsing_verification_test::tests::test_sql_like_operator_error ... ok
test unit::sql_parsing_verification_test::tests::test_sql_or_operator_parsing ... ok
test unit::sst_optimization_tests::test_adaptive_vector_optimization ... ok
test unit::sst_optimization_tests::test_backward_compatibility ... ok
test unit::sst_optimization_tests::test_compression_performance_benchmark ... ok
test unit::sst_optimization_tests::test_data_block_zstd_compression ... ok
test unit::sst_optimization_tests::test_error_handling ... ok
test unit::sst_optimization_tests::test_memory_efficiency ... ok
test unit::sst_optimization_tests::test_sst_record_optimized_serialization ... ok
test unit::sst_optimization_tests::test_vector_compression_effectiveness ... ok
test unit::sst_optimization_tests::test_vector_serialization_roundtrip ... ok
test unit::storage::assignment_service_advanced_tests::assignment_service_advanced_tests::test_assignment_distribution_fairness ... ok
test unit::storage::assignment_service_advanced_tests::assignment_service_advanced_tests::test_assignment_idempotency ... ok
test unit::storage::assignment_service_advanced_tests::assignment_service_advanced_tests::test_assignment_persistence_across_calls ... ok
test unit::storage::assignment_service_advanced_tests::assignment_service_advanced_tests::test_assignment_service_singleton ... ok
test unit::storage::assignment_service_advanced_tests::assignment_service_advanced_tests::test_assignment_url_normalization ... ok
test unit::storage::assignment_service_advanced_tests::assignment_service_advanced_tests::test_assignment_with_different_weights ... ok
test unit::storage::assignment_service_advanced_tests::assignment_service_advanced_tests::test_assignment_with_empty_strategy ... ok
test unit::storage::assignment_service_advanced_tests::assignment_service_advanced_tests::test_concurrent_assignment_safety ... ok
test unit::storage::assignment_service_recovery_test::test_assignment_service_disk_failure_simulation ... ok
test unit::storage::assignment_service_recovery_test::test_assignment_service_recovery_multi_disk ... ok
test unit::storage::assignment_service_recovery_test::test_assignment_service_recovery_with_missing_metadata ... ok
test unit::storage::metadata_backend_tests::test_collection_metadata_provider_trait ... ok
test unit::storage::metadata_backend_tests::test_collection_service_dependency_injection ... ok
test unit::storage::metadata_backend_tests::test_concurrent_metadata_operations ... ok
test unit::storage::metadata_backend_tests::test_metadata_backend_deletion ... ok
test unit::storage::metadata_backend_tests::test_metadata_backend_persistence ... ignored, This test hangs intermittently - needs investigation
test unit::storage::metadata_backend_tests::test_metadata_backend_updates ... ok
test unit::storage::metadata_backend_tests::test_single_metadata_backend_instance ... ok
test unit::storage::metadata_indexes_tests::test_concurrent_operations ... ok
test unit::storage::metadata_indexes_tests::test_name_lookup_performance ... ok
test unit::storage::metadata_indexes_tests::test_prefix_search ... ok
test unit::storage::metadata_indexes_tests::test_rebuild_performance ... ok
test unit::storage::metadata_indexes_tests::test_uuid_lookup_performance ... ok
test unit::storage::mvcc_resolution_tests::test_apply_mvcc_deduplication ... ok
test unit::storage::mvcc_resolution_tests::test_mvcc_complex_scenario ... ok
test unit::storage::mvcc_resolution_tests::test_mvcc_edge_cases ... ok
test unit::storage::mvcc_resolution_tests::test_mvcc_result_sorting ... ok
test unit::storage::mvcc_resolution_tests::test_version_continuity_validation ... ok
test unit::storage::single_index_tests::test_concurrent_access ... ok
test unit::storage::single_index_tests::test_performance_characteristics ... ok
test unit::storage::single_index_tests::test_single_index_operations ... ok
test unit::storage::single_index_tests::test_single_index_rebuild ... ok
test unit::storage::sst_atomic_operations_test::common::test_assignments::tests::test_persistent_assignments ... ok
test unit::storage::sst_atomic_operations_test::test_concurrent_flushes_across_collections ... ok
test unit::storage::sst_atomic_operations_test::test_lsm_atomic_compaction_with_staging ... ok
test unit::storage::sst_atomic_operations_test::test_lsm_atomic_flush_creates_staging_directory ... ok
test unit::storage::sst_atomic_operations_test::test_lsm_atomic_flush_rollback_on_failure ... ok
test unit::storage::sst_atomic_operations_test::test_lsm_sequential_flush_within_collection ... ok
test unit::storage::sst_core_tests::common::test_assignments::tests::test_persistent_assignments ... ok
test unit::storage::sst_core_tests::test_lsm_basic_operations ... ok
test unit::storage::sst_core_tests::test_lsm_compaction ... ok
test unit::storage::sst_core_tests::test_lsm_recovery ... ok
test unit::storage::sst_flush_test::common::test_assignments::tests::test_persistent_assignments ... ok
test unit::storage::sst_flush_test::test_lsm_do_flush_with_bloom_filter ... ok
test unit::storage::sst_sstable_format_test::test_sstable_format_inspection ... ok
test unit::storage::sst_sstable_format_test::test_sstable_write_read_format ... ok
test unit::storage::storage_assignment_tests::storage_assignment_tests::test_assignment_discovery ... ok
test unit::storage::storage_assignment_tests::storage_assignment_tests::test_assignment_url_formats ... ok
test unit::storage::storage_assignment_tests::storage_assignment_tests::test_assignment_with_empty_locations ... ok
test unit::storage::storage_assignment_tests::storage_assignment_tests::test_concurrent_assignments ... ok
test unit::storage::storage_assignment_tests::storage_assignment_tests::test_global_assignment_service ... ok
test unit::storage::storage_assignment_tests::storage_assignment_tests::test_persistent_assignment ... ok
test unit::storage::storage_assignment_tests::storage_assignment_tests::test_round_robin_distribution ... ok
test unit::storage::storage_assignment_tests::storage_assignment_tests::test_unified_assignment_trailing_slash ... ok
test unit::storage::storage_assignment_tests::storage_assignment_tests::test_unified_assignment_urls ... ok
test unit::storage::storage_assignment_tests::storage_assignment_tests::test_weighted_distribution ... ok
test unit::storage::test_threshold_triggers::test_compaction_threshold_configuration ... ok
test unit::storage::test_threshold_triggers::test_compaction_threshold_logic ... ok
test unit::storage::test_threshold_triggers::test_global_flush_threshold_configuration ... ok
test unit::storage::test_threshold_triggers::test_global_flush_threshold_logic ... ok
test unit::storage::test_threshold_triggers::test_memory_flush_threshold_configuration ... ok
test unit::storage::test_threshold_triggers::test_memory_threshold_logic ... ok
test unit::storage::test_threshold_triggers::test_multiple_compaction_triggers ... ok
test unit::storage::test_threshold_triggers::test_multiple_flush_triggers ... ok
test unit::storage::test_write_buffer_config_simple::write_buffer_config_tests::test_collection_config_overrides ... ok
test unit::storage::test_write_buffer_config_simple::write_buffer_config_tests::test_collection_write_buffer_config ... ok
test unit::storage::test_write_buffer_config_simple::write_buffer_config_tests::test_compression_algorithms ... ok
test unit::storage::test_write_buffer_config_simple::write_buffer_config_tests::test_compression_config_defaults ... ok
test unit::storage::test_write_buffer_config_simple::write_buffer_config_tests::test_config_edge_cases ... ok
test unit::storage::test_write_buffer_config_simple::write_buffer_config_tests::test_config_validation_properties ... ok
test unit::storage::test_write_buffer_config_simple::write_buffer_config_tests::test_disk_distribution_strategy ... ok
test unit::storage::test_write_buffer_config_simple::write_buffer_config_tests::test_memtable_config_defaults ... ok
test unit::storage::test_write_buffer_config_simple::write_buffer_config_tests::test_memtable_type_defaults ... ok
test unit::storage::test_write_buffer_config_simple::write_buffer_config_tests::test_multi_disk_config_defaults ... ok
test unit::storage::test_write_buffer_config_simple::write_buffer_config_tests::test_performance_config_custom ... ok
test unit::storage::test_write_buffer_config_simple::write_buffer_config_tests::test_performance_config_defaults ... ok
test unit::storage::test_write_buffer_config_simple::write_buffer_config_tests::test_sync_mode_variants ... ok
test unit::storage::test_write_buffer_config_simple::write_buffer_config_tests::test_wal_strategy_type_defaults ... ok
test unit::storage::test_write_buffer_config_simple::write_buffer_config_tests::test_write_buffer_config_comprehensive ... ok
test unit::storage::test_write_buffer_config_simple::write_buffer_config_tests::test_write_buffer_config_defaults ... ok
test unit::storage::unified_cache_test::test_adaptive_eviction_policies ... ok
test unit::storage::unified_cache_test::test_cache_invalidation_consistency ... ok
test unit::storage::unified_cache_test::test_cache_metrics_accuracy ... ok
test unit::storage::unified_cache_test::test_concurrent_access_performance ... ok
test unit::storage::unified_cache_test::test_cross_engine_sharing_effectiveness ... ok
test unit::storage::unified_cache_test::test_memory_deduplication_savings ... ok
test unit::storage::unified_cache_test::test_memory_pressure_handling ... ok
test unit::storage::unified_cache_test::test_multi_tier_cache_promotion ... ok
test unit::storage::unified_cache_test::test_realistic_multi_engine_workload ... ok
test unit::storage::unified_cache_test::test_unified_cache_basic_operations ... ok
test unit::storage::unified_index_tests::test_basic_operations ... ok
test unit::storage::unified_index_tests::test_concurrent_access ... ok
test unit::storage::unified_index_tests::test_performance_metrics ... ok
test unit::storage::unified_index_tests::test_rebuild_from_records ... ok
test unit::viper_optimization_tests::test_adaptive_vector_compression ... ok
test unit::viper_optimization_tests::test_binary_array_vector_serialization ... ok
test unit::viper_optimization_tests::test_compression_effectiveness ... ok
test unit::viper_optimization_tests::test_dimension_consistency ... ok
test unit::viper_optimization_tests::test_empty_and_edge_cases ... ok
test unit::viper_optimization_tests::test_list_array_fallback_mode ... ok
test unit::viper_optimization_tests::test_metadata_serialization ... ok
test unit::viper_optimization_tests::test_optimized_schema_creation ... ok
test unit::viper_optimization_tests::test_parquet_writer_properties ... ok
test unit::viper_optimization_tests::test_performance_benchmark ... ok

test result: ok. 254 passed; 0 failed; 9 ignored; 0 measured; 0 filtered out; finished in 5.84s

     Running tests/test_viper_integration_with_records.rs (target/debug/deps/test_viper_integration_with_records-b03b48c02119b5bf)

running 3 tests
test test_viper_engine_capabilities ... ok
test test_viper_engine_compaction_with_10_records ... ok
test test_viper_engine_flush_with_10_records ... ok

test result: ok. 3 passed; 0 failed; 0 ignored; 0 measured; 0 filtered out; finished in 0.01s

     Running tests/test_zero_copy_verification.rs (target/debug/deps/test_zero_copy_verification-c84ca85532e96e9f)

running 2 tests
test test_batch_serialization_performance ... ok
test test_zero_copy_serialization ... ok

test result: ok. 2 passed; 0 failed; 0 ignored; 0 measured; 0 filtered out; finished in 0.02s

     Running tests/viper_metadata_debug_test.rs (target/debug/deps/viper_metadata_debug_test-2eefa6b771d68853)

running 1 test
test test_viper_metadata_filter_diagnosis ... ignored

test result: ok. 0 passed; 0 failed; 1 ignored; 0 measured; 0 filtered out; finished in 0.00s

     Running tests/viper_metadata_simple_test.rs (target/debug/deps/viper_metadata_simple_test-a217473ab2f52d33)

running 1 test
test test_metadata_filtering_simple ... ignored

test result: ok. 0 passed; 0 failed; 1 ignored; 0 measured; 0 filtered out; finished in 0.00s

     Running tests/write_buffer_corruption_recovery_test.rs (target/debug/deps/write_buffer_corruption_recovery_test-65a0c6db2e3d1006)

running 4 tests
test write_buffer_corruption_recovery_tests::test_recovery_rollback_incomplete_transactions ... ok
test write_buffer_corruption_recovery_tests::test_recovery_with_checksum_mismatch ... ok
test write_buffer_corruption_recovery_tests::test_recovery_with_corrupted_wal_header ... ok
test write_buffer_corruption_recovery_tests::test_recovery_with_truncated_wal ... ok

test result: ok. 4 passed; 0 failed; 0 ignored; 0 measured; 0 filtered out; finished in 1.14s

   Doc-tests proximadb

running 6 tests
test src/core/search/mod.rs - core::search::filter_extraction::extract_filter_columns (line 494) ... ignored
test src/core/search/mod.rs - core::search::filter_extraction::extract_metadata_conditions (line 449) ... ignored
test src/core/search/mod.rs - core::search::json_comparison::compare_json_numbers (line 204) ... ignored
test src/storage/memtable/mod.rs - storage::memtable (line 18) ... ignored
test src/storage/persistence/write_buffer/mod.rs - storage::persistence::write_buffer::WriteBufferManagerPoolConfig (line 311) ... ok
test src/storage/persistence/write_buffer/mod.rs - storage::persistence::write_buffer::configure_write_buffer_manager_pool (line 779) - compile ... ok

test result: ok. 2 passed; 0 failed; 4 ignored; 0 measured; 0 filtered out; finished in 6.28s

